Archive member included to satisfy reference by file (symbol)

C:\Users\Dung\Desktop\SDK_1.0.3_NUCLEO-F401RE\lib_stm\libLibraries.a(system_stm32f4xx.o)
                              ./Src/main.o (SystemCoreClockUpdate)
C:\Users\Dung\Desktop\SDK_1.0.3_NUCLEO-F401RE\lib_stm\libLibraries.a(misc.o)
                              ./Src/main.o (NVIC_Init)
C:\Users\Dung\Desktop\SDK_1.0.3_NUCLEO-F401RE\lib_stm\libLibraries.a(stm32f401re_exti.o)
                              ./Src/main.o (EXTI_Init)
C:\Users\Dung\Desktop\SDK_1.0.3_NUCLEO-F401RE\lib_stm\libLibraries.a(stm32f401re_gpio.o)
                              ./Src/main.o (GPIO_Init)
C:\Users\Dung\Desktop\SDK_1.0.3_NUCLEO-F401RE\lib_stm\libLibraries.a(stm32f401re_rcc.o)
                              ./Src/main.o (RCC_AHB1PeriphClockCmd)
C:\Users\Dung\Desktop\SDK_1.0.3_NUCLEO-F401RE\lib_stm\libLibraries.a(stm32f401re_syscfg.o)
                              ./Src/main.o (SYSCFG_EXTILineConfig)
C:\Users\Dung\Desktop\SDK_1.0.3_NUCLEO-F401RE\lib_stm\libLibraries.a(timer.o)
                              ./Src/main.o (TimerInit)
C:\Users\Dung\Desktop\SDK_1.0.3_NUCLEO-F401RE\lib_stm\libLibraries.a(utilities.o)
                              C:\Users\Dung\Desktop\SDK_1.0.3_NUCLEO-F401RE\lib_stm\libLibraries.a(timer.o) (memsetl)
c:/st/stm32cubeide_1.8.0/stm32cubeide/plugins/com.st.stm32cube.ide.mcu.externaltools.gnu-tools-for-stm32.9-2020-q2-update.win32_2.0.0.202105311346/tools/bin/../lib/gcc/arm-none-eabi/9.3.1/../../../../arm-none-eabi/lib/thumb/v7e-m+fp/hard\libc_nano.a(lib_a-errno.o)
                              ./Src/syscalls.o (__errno)
c:/st/stm32cubeide_1.8.0/stm32cubeide/plugins/com.st.stm32cube.ide.mcu.externaltools.gnu-tools-for-stm32.9-2020-q2-update.win32_2.0.0.202105311346/tools/bin/../lib/gcc/arm-none-eabi/9.3.1/../../../../arm-none-eabi/lib/thumb/v7e-m+fp/hard\libc_nano.a(lib_a-exit.o)
                              c:/st/stm32cubeide_1.8.0/stm32cubeide/plugins/com.st.stm32cube.ide.mcu.externaltools.gnu-tools-for-stm32.9-2020-q2-update.win32_2.0.0.202105311346/tools/bin/../lib/gcc/arm-none-eabi/9.3.1/../../../../arm-none-eabi/lib/thumb/v7e-m+fp/hard/crt0.o (exit)
c:/st/stm32cubeide_1.8.0/stm32cubeide/plugins/com.st.stm32cube.ide.mcu.externaltools.gnu-tools-for-stm32.9-2020-q2-update.win32_2.0.0.202105311346/tools/bin/../lib/gcc/arm-none-eabi/9.3.1/../../../../arm-none-eabi/lib/thumb/v7e-m+fp/hard\libc_nano.a(lib_a-impure.o)
                              c:/st/stm32cubeide_1.8.0/stm32cubeide/plugins/com.st.stm32cube.ide.mcu.externaltools.gnu-tools-for-stm32.9-2020-q2-update.win32_2.0.0.202105311346/tools/bin/../lib/gcc/arm-none-eabi/9.3.1/../../../../arm-none-eabi/lib/thumb/v7e-m+fp/hard\libc_nano.a(lib_a-exit.o) (_global_impure_ptr)
c:/st/stm32cubeide_1.8.0/stm32cubeide/plugins/com.st.stm32cube.ide.mcu.externaltools.gnu-tools-for-stm32.9-2020-q2-update.win32_2.0.0.202105311346/tools/bin/../lib/gcc/arm-none-eabi/9.3.1/../../../../arm-none-eabi/lib/thumb/v7e-m+fp/hard\libc_nano.a(lib_a-init.o)
                              c:/st/stm32cubeide_1.8.0/stm32cubeide/plugins/com.st.stm32cube.ide.mcu.externaltools.gnu-tools-for-stm32.9-2020-q2-update.win32_2.0.0.202105311346/tools/bin/../lib/gcc/arm-none-eabi/9.3.1/../../../../arm-none-eabi/lib/thumb/v7e-m+fp/hard/crt0.o (__libc_init_array)
c:/st/stm32cubeide_1.8.0/stm32cubeide/plugins/com.st.stm32cube.ide.mcu.externaltools.gnu-tools-for-stm32.9-2020-q2-update.win32_2.0.0.202105311346/tools/bin/../lib/gcc/arm-none-eabi/9.3.1/../../../../arm-none-eabi/lib/thumb/v7e-m+fp/hard\libc_nano.a(lib_a-memset.o)
                              c:/st/stm32cubeide_1.8.0/stm32cubeide/plugins/com.st.stm32cube.ide.mcu.externaltools.gnu-tools-for-stm32.9-2020-q2-update.win32_2.0.0.202105311346/tools/bin/../lib/gcc/arm-none-eabi/9.3.1/../../../../arm-none-eabi/lib/thumb/v7e-m+fp/hard/crt0.o (memset)

Discarded input sections

 .text          0x0000000000000000        0x0 c:/st/stm32cubeide_1.8.0/stm32cubeide/plugins/com.st.stm32cube.ide.mcu.externaltools.gnu-tools-for-stm32.9-2020-q2-update.win32_2.0.0.202105311346/tools/bin/../lib/gcc/arm-none-eabi/9.3.1/thumb/v7e-m+fp/hard/crti.o
 .data          0x0000000000000000        0x0 c:/st/stm32cubeide_1.8.0/stm32cubeide/plugins/com.st.stm32cube.ide.mcu.externaltools.gnu-tools-for-stm32.9-2020-q2-update.win32_2.0.0.202105311346/tools/bin/../lib/gcc/arm-none-eabi/9.3.1/thumb/v7e-m+fp/hard/crti.o
 .bss           0x0000000000000000        0x0 c:/st/stm32cubeide_1.8.0/stm32cubeide/plugins/com.st.stm32cube.ide.mcu.externaltools.gnu-tools-for-stm32.9-2020-q2-update.win32_2.0.0.202105311346/tools/bin/../lib/gcc/arm-none-eabi/9.3.1/thumb/v7e-m+fp/hard/crti.o
 .data          0x0000000000000000        0x4 c:/st/stm32cubeide_1.8.0/stm32cubeide/plugins/com.st.stm32cube.ide.mcu.externaltools.gnu-tools-for-stm32.9-2020-q2-update.win32_2.0.0.202105311346/tools/bin/../lib/gcc/arm-none-eabi/9.3.1/thumb/v7e-m+fp/hard/crtbegin.o
[...]
Memory Configuration

Name             Origin             Length             Attributes
RAM              0x0000000020000000 0x0000000000018000 xrw
FLASH            0x0000000008000000 0x0000000000080000 xr
*default*        0x0000000000000000 0xffffffffffffffff

Linker script and memory map

LOAD c:/st/stm32cubeide_1.8.0/stm32cubeide/plugins/com.st.stm32cube.ide.mcu.externaltools.gnu-tools-for-stm32.9-2020-q2-update.win32_2.0.0.202105311346/tools/bin/../lib/gcc/arm-none-eabi/9.3.1/thumb/v7e-m+fp/hard/crti.o
LOAD c:/st/stm32cubeide_1.8.0/stm32cubeide/plugins/com.st.stm32cube.ide.mcu.externaltools.gnu-tools-for-stm32.9-2020-q2-update.win32_2.0.0.202105311346/tools/bin/../lib/gcc/arm-none-eabi/9.3.1/thumb/v7e-m+fp/hard/crtbegin.o
LOAD c:/st/stm32cubeide_1.8.0/stm32cubeide/plugins/com.st.stm32cube.ide.mcu.externaltools.gnu-tools-for-stm32.9-2020-q2-update.win32_2.0.0.202105311346/tools/bin/../lib/gcc/arm-none-eabi/9.3.1/../../../../arm-none-eabi/lib/thumb/v7e-m+fp/hard/crt0.o
LOAD ./Src/main.o
LOAD ./Src/syscalls.o
LOAD ./Src/sysmem.o
LOAD ./Startup/startup_stm32f401retx.o
LOAD C:\Users\Dung\Desktop\SDK_1.0.3_NUCLEO-F401RE\lib_stm\libLibraries.a
START GROUP
LOAD c:/st/stm32cubeide_1.8.0/stm32cubeide/plugins/com.st.stm32cube.ide.mcu.externaltools.gnu-tools-for-stm32.9-2020-q2-update.win32_2.0.0.202105311346/tools/bin/../lib/gcc/arm-none-eabi/9.3.1/../../../../arm-none-eabi/lib/thumb/v7e-m+fp/hard\libc_nano.a
LOAD c:/st/stm32cubeide_1.8.0/stm32cubeide/plugins/com.st.stm32cube.ide.mcu.externaltools.gnu-tools-for-stm32.9-2020-q2-update.win32_2.0.0.202105311346/tools/bin/../lib/gcc/arm-none-eabi/9.3.1/../../../../arm-none-eabi/lib/thumb/v7e-m+fp/hard\libm.a
END GROUP
START GROUP
LOAD c:/st/stm32cubeide_1.8.0/stm32cubeide/plugins/com.st.stm32cube.ide.mcu.externaltools.gnu-tools-for-stm32.9-2020-q2-update.win32_2.0.0.202105311346/tools/bin/../lib/gcc/arm-none-eabi/9.3.1/thumb/v7e-m+fp/hard\libgcc.a
LOAD c:/st/stm32cubeide_1.8.0/stm32cubeide/plugins/com.st.stm32cube.ide.mcu.externaltools.gnu-tools-for-stm32.9-2020-q2-update.win32_2.0.0.202105311346/tools/bin/../lib/gcc/arm-none-eabi/9.3.1/../../../../arm-none-eabi/lib/thumb/v7e-m+fp/hard\libc_nano.a
END GROUP
START GROUP
LOAD c:/st/stm32cubeide_1.8.0/stm32cubeide/plugins/com.st.stm32cube.ide.mcu.externaltools.gnu-tools-for-stm32.9-2020-q2-update.win32_2.0.0.202105311346/tools/bin/../lib/gcc/arm-none-eabi/9.3.1/thumb/v7e-m+fp/hard\libgcc.a
LOAD c:/st/stm32cubeide_1.8.0/stm32cubeide/plugins/com.st.stm32cube.ide.mcu.externaltools.gnu-tools-for-stm32.9-2020-q2-update.win32_2.0.0.202105311346/tools/bin/../lib/gcc/arm-none-eabi/9.3.1/../../../../arm-none-eabi/lib/thumb/v7e-m+fp/hard\libc_nano.a
LOAD c:/st/stm32cubeide_1.8.0/stm32cubeide/plugins/com.st.stm32cube.ide.mcu.externaltools.gnu-tools-for-stm32.9-2020-q2-update.win32_2.0.0.202105311346/tools/bin/../lib/gcc/arm-none-eabi/9.3.1/../../../../arm-none-eabi/lib/thumb/v7e-m+fp/hard\libnosys.a
END GROUP
START GROUP
LOAD c:/st/stm32cubeide_1.8.0/stm32cubeide/plugins/com.st.stm32cube.ide.mcu.externaltools.gnu-tools-for-stm32.9-2020-q2-update.win32_2.0.0.202105311346/tools/bin/../lib/gcc/arm-none-eabi/9.3.1/thumb/v7e-m+fp/hard\libgcc.a
LOAD c:/st/stm32cubeide_1.8.0/stm32cubeide/plugins/com.st.stm32cube.ide.mcu.externaltools.gnu-tools-for-stm32.9-2020-q2-update.win32_2.0.0.202105311346/tools/bin/../lib/gcc/arm-none-eabi/9.3.1/../../../../arm-none-eabi/lib/thumb/v7e-m+fp/hard\libc_nano.a
LOAD c:/st/stm32cubeide_1.8.0/stm32cubeide/plugins/com.st.stm32cube.ide.mcu.externaltools.gnu-tools-for-stm32.9-2020-q2-update.win32_2.0.0.202105311346/tools/bin/../lib/gcc/arm-none-eabi/9.3.1/../../../../arm-none-eabi/lib/thumb/v7e-m+fp/hard\libnosys.a
END GROUP
LOAD c:/st/stm32cubeide_1.8.0/stm32cubeide/plugins/com.st.stm32cube.ide.mcu.externaltools.gnu-tools-for-stm32.9-2020-q2-update.win32_2.0.0.202105311346/tools/bin/../lib/gcc/arm-none-eabi/9.3.1/thumb/v7e-m+fp/hard/crtend.o
LOAD c:/st/stm32cubeide_1.8.0/stm32cubeide/plugins/com.st.stm32cube.ide.mcu.externaltools.gnu-tools-for-stm32.9-2020-q2-update.win32_2.0.0.202105311346/tools/bin/../lib/gcc/arm-none-eabi/9.3.1/thumb/v7e-m+fp/hard/crtn.o
                0x0000000020018000                _estack = (ORIGIN (RAM) + LENGTH (RAM))
                0x0000000000000200                _Min_Heap_Size = 0x200
                0x0000000000000400                _Min_Stack_Size = 0x400

.isr_vector     0x0000000008000000      0x194
                0x0000000008000000                . = ALIGN (0x4)
 *(.isr_vector)
 .isr_vector    0x0000000008000000      0x194 ./Startup/startup_stm32f401retx.o
                0x0000000008000000                g_pfnVectors
                0x0000000008000194                . = ALIGN (0x4)

.text           0x0000000008000194     0x10cc
                0x0000000008000194                . = ALIGN (0x4)
 *(.text)
 .text          0x0000000008000194       0x40 c:/st/stm32cubeide_1.8.0/stm32cubeide/plugins/com.st.stm32cube.ide.mcu.externaltools.gnu-tools-for-stm32.9-2020-q2-update.win32_2.0.0.202105311346/tools/bin/../lib/gcc/arm-none-eabi/9.3.1/thumb/v7e-m+fp/hard/crtbegin.o
 *(.text*)
 .text.main     0x00000000080001d4       0x22 ./Src/main.o
                0x00000000080001d4                main
 .text.delay_ms
                0x00000000080001f6       0x40 ./Src/main.o
                0x00000000080001f6                delay_ms
 *fill*         0x0000000008000236        0x2 
 .text.LedBuzz_Init
                0x0000000008000238       0xb4 ./Src/main.o
 .text.Button_Init
                0x00000000080002ec      0x138 ./Src/main.o
 .text.LedControl_SetState
                0x0000000008000424       0x64 ./Src/main.o
 .text.BuzzerControl_SetBeep
                0x0000000008000488       0x48 ./Src/main.o
                0x0000000008000488                BuzzerControl_SetBeep
 .text.CalculatorTime
                0x00000000080004d0       0x34 ./Src/main.o
                0x00000000080004d0                CalculatorTime
 .text.Blinkled_StatusPower
                0x0000000008000504       0x3e ./Src/main.o
                0x0000000008000504                Blinkled_StatusPower
 *fill*         0x0000000008000542        0x2 
 .text.EXTI0_IRQHandler
                0x0000000008000544       0x58 ./Src/main.o
                0x0000000008000544                EXTI0_IRQHandler
 .text.EXTI4_IRQHandler
                0x000000000800059c       0x80 ./Src/main.o
                0x000000000800059c                EXTI4_IRQHandler
 .text.EXTI3_IRQHandler
                0x000000000800061c       0x58 ./Src/main.o
                0x000000000800061c                EXTI3_IRQHandler
 .text.LedControl_TimPress
                0x0000000008000674      0x118 ./Src/main.o
                0x0000000008000674                LedControl_TimPress
 .text.LedControl_TimOutPress
                0x000000000800078c      0x130 ./Src/main.o
                0x000000000800078c                LedControl_TimOutPress
 .text.Reset_Handler
                0x00000000080008bc       0x50 ./Startup/startup_stm32f401retx.o
                0x00000000080008bc                Reset_Handler
 .text.Default_Handler
                0x000000000800090c        0x2 ./Startup/startup_stm32f401retx.o
                0x000000000800090c                EXTI2_IRQHandler
                0x000000000800090c                DebugMon_Handler
                0x000000000800090c                SPI4_IRQHandler
                0x000000000800090c                TIM1_CC_IRQHandler
                0x000000000800090c                HardFault_Handler
                0x000000000800090c                SDIO_IRQHandler
                0x000000000800090c                TAMP_STAMP_IRQHandler
                0x000000000800090c                PendSV_Handler
                0x000000000800090c                NMI_Handler
                0x000000000800090c                TIM1_UP_TIM10_IRQHandler
                0x000000000800090c                I2C3_ER_IRQHandler
                0x000000000800090c                EXTI18_OTG_FS_WKUP_IRQHandler
                0x000000000800090c                I2C2_EV_IRQHandler
                0x000000000800090c                FPU_IRQHandler
                0x000000000800090c                UsageFault_Handler
                0x000000000800090c                SPI1_IRQHandler
                0x000000000800090c                TIM1_BRK_TIM9_IRQHandler
                0x000000000800090c                USART6_IRQHandler
                0x000000000800090c                TIM4_IRQHandler
                0x000000000800090c                I2C1_EV_IRQHandler
                0x000000000800090c                TIM3_IRQHandler
                0x000000000800090c                RCC_IRQHandler
                0x000000000800090c                Default_Handler
                0x000000000800090c                EXTI15_10_IRQHandler
                0x000000000800090c                ADC_IRQHandler
                0x000000000800090c                TIM5_IRQHandler
                0x000000000800090c                I2C3_EV_IRQHandler
                0x000000000800090c                EXTI9_5_IRQHandler
                0x000000000800090c                SPI2_IRQHandler
                0x000000000800090c                MemManage_Handler
                0x000000000800090c                SVC_Handler
                0x000000000800090c                EXTI22_RTC_WKUP_IRQHandler
                0x000000000800090c                TIM2_IRQHandler
                0x000000000800090c                EXTI16_PVD_IRQHandler
                0x000000000800090c                TIM1_TRG_COM_TIM11_IRQHandler
                0x000000000800090c                EXTI1_IRQHandler
                0x000000000800090c                EXTI17_RTC_Alarm_IRQHandler
                0x000000000800090c                USART2_IRQHandler
                0x000000000800090c                I2C2_ER_IRQHandler
                0x000000000800090c                FLASH_IRQHandler
                0x000000000800090c                BusFault_Handler
                0x000000000800090c                USART1_IRQHandler
                0x000000000800090c                OTG_FS_IRQHandler
                0x000000000800090c                SPI3_IRQHandler
                0x000000000800090c                I2C1_ER_IRQHandler
 *fill*         0x000000000800090e        0x2 
 .text.SystemInit
                0x0000000008000910       0x6c C:\Users\Dung\Desktop\SDK_1.0.3_NUCLEO-F401RE\lib_stm\libLibraries.a(system_stm32f4xx.o)
                0x0000000008000910                SystemInit
 .text.SystemCoreClockUpdate
                0x000000000800097c       0xf8 C:\Users\Dung\Desktop\SDK_1.0.3_NUCLEO-F401RE\lib_stm\libLibraries.a(system_stm32f4xx.o)
                0x000000000800097c                SystemCoreClockUpdate
 .text.SetSysClock
                0x0000000008000a74       0xa0 C:\Users\Dung\Desktop\SDK_1.0.3_NUCLEO-F401RE\lib_stm\libLibraries.a(system_stm32f4xx.o)
 .text.NVIC_Init
                0x0000000008000b14       0xc4 C:\Users\Dung\Desktop\SDK_1.0.3_NUCLEO-F401RE\lib_stm\libLibraries.a(misc.o)
                0x0000000008000b14                NVIC_Init
 .text.EXTI_Init
                0x0000000008000bd8       0xe4 C:\Users\Dung\Desktop\SDK_1.0.3_NUCLEO-F401RE\lib_stm\libLibraries.a(stm32f401re_exti.o)
                0x0000000008000bd8                EXTI_Init
 .text.EXTI_GetFlagStatus
                0x0000000008000cbc       0x34 C:\Users\Dung\Desktop\SDK_1.0.3_NUCLEO-F401RE\lib_stm\libLibraries.a(stm32f401re_exti.o)
                0x0000000008000cbc                EXTI_GetFlagStatus
 .text.EXTI_ClearITPendingBit
                0x0000000008000cf0       0x20 C:\Users\Dung\Desktop\SDK_1.0.3_NUCLEO-F401RE\lib_stm\libLibraries.a(stm32f401re_exti.o)
                0x0000000008000cf0                EXTI_ClearITPendingBit
 .text.GPIO_Init
                0x0000000008000d10      0x11c C:\Users\Dung\Desktop\SDK_1.0.3_NUCLEO-F401RE\lib_stm\libLibraries.a(stm32f401re_gpio.o)
                0x0000000008000d10                GPIO_Init
 .text.GPIO_SetBits
                0x0000000008000e2c       0x1e C:\Users\Dung\Desktop\SDK_1.0.3_NUCLEO-F401RE\lib_stm\libLibraries.a(stm32f401re_gpio.o)
                0x0000000008000e2c                GPIO_SetBits
 .text.GPIO_ResetBits
                0x0000000008000e4a       0x1e C:\Users\Dung\Desktop\SDK_1.0.3_NUCLEO-F401RE\lib_stm\libLibraries.a(stm32f401re_gpio.o)
                0x0000000008000e4a                GPIO_ResetBits
 .text.RCC_GetClocksFreq
                0x0000000008000e68      0x150 C:\Users\Dung\Desktop\SDK_1.0.3_NUCLEO-F401RE\lib_stm\libLibraries.a(stm32f401re_rcc.o)
                0x0000000008000e68                RCC_GetClocksFreq
 .text.RCC_AHB1PeriphClockCmd
                0x0000000008000fb8       0x40 C:\Users\Dung\Desktop\SDK_1.0.3_NUCLEO-F401RE\lib_stm\libLibraries.a(stm32f401re_rcc.o)
                0x0000000008000fb8                RCC_AHB1PeriphClockCmd
 .text.RCC_APB2PeriphClockCmd
                0x0000000008000ff8       0x40 C:\Users\Dung\Desktop\SDK_1.0.3_NUCLEO-F401RE\lib_stm\libLibraries.a(stm32f401re_rcc.o)
                0x0000000008000ff8                RCC_APB2PeriphClockCmd
 .text.SYSCFG_EXTILineConfig
                0x0000000008001038       0x84 C:\Users\Dung\Desktop\SDK_1.0.3_NUCLEO-F401RE\lib_stm\libLibraries.a(stm32f401re_syscfg.o)
                0x0000000008001038                SYSCFG_EXTILineConfig
 .text.NVIC_SetPriority
                0x00000000080010bc       0x54 C:\Users\Dung\Desktop\SDK_1.0.3_NUCLEO-F401RE\lib_stm\libLibraries.a(timer.o)
 .text.SysTick_Config
                0x0000000008001110       0x44 C:\Users\Dung\Desktop\SDK_1.0.3_NUCLEO-F401RE\lib_stm\libLibraries.a(timer.o)
 .text.TimerInit
                0x0000000008001154       0x44 C:\Users\Dung\Desktop\SDK_1.0.3_NUCLEO-F401RE\lib_stm\libLibraries.a(timer.o)
                0x0000000008001154                TimerInit
 .text.GetMilSecTick
                0x0000000008001198       0x18 C:\Users\Dung\Desktop\SDK_1.0.3_NUCLEO-F401RE\lib_stm\libLibraries.a(timer.o)
                0x0000000008001198                GetMilSecTick
 .text.SysTick_Handler
                0x00000000080011b0       0x1c C:\Users\Dung\Desktop\SDK_1.0.3_NUCLEO-F401RE\lib_stm\libLibraries.a(timer.o)
                0x00000000080011b0                SysTick_Handler
 .text.memsetl  0x00000000080011cc       0x32 C:\Users\Dung\Desktop\SDK_1.0.3_NUCLEO-F401RE\lib_stm\libLibraries.a(utilities.o)
                0x00000000080011cc                memsetl
 *fill*         0x00000000080011fe        0x2 
 .text.__libc_init_array
                0x0000000008001200       0x48 c:/st/stm32cubeide_1.8.0/stm32cubeide/plugins/com.st.stm32cube.ide.mcu.externaltools.gnu-tools-for-stm32.9-2020-q2-update.win32_2.0.0.202105311346/tools/bin/../lib/gcc/arm-none-eabi/9.3.1/../../../../arm-none-eabi/lib/thumb/v7e-m+fp/hard\libc_nano.a(lib_a-init.o)
                0x0000000008001200                __libc_init_array
 *(.glue_7)
 .glue_7        0x0000000008001248        0x0 linker stubs
 *(.glue_7t)
 .glue_7t       0x0000000008001248        0x0 linker stubs
 *(.eh_frame)
 .eh_frame      0x0000000008001248        0x0 c:/st/stm32cubeide_1.8.0/stm32cubeide/plugins/com.st.stm32cube.ide.mcu.externaltools.gnu-tools-for-stm32.9-2020-q2-update.win32_2.0.0.202105311346/tools/bin/../lib/gcc/arm-none-eabi/9.3.1/thumb/v7e-m+fp/hard/crtbegin.o
 *(.init)
 .init          0x0000000008001248        0x4 c:/st/stm32cubeide_1.8.0/stm32cubeide/plugins/com.st.stm32cube.ide.mcu.externaltools.gnu-tools-for-stm32.9-2020-q2-update.win32_2.0.0.202105311346/tools/bin/../lib/gcc/arm-none-eabi/9.3.1/thumb/v7e-m+fp/hard/crti.o
                0x0000000008001248                _init
 .init          0x000000000800124c        0x8 c:/st/stm32cubeide_1.8.0/stm32cubeide/plugins/com.st.stm32cube.ide.mcu.externaltools.gnu-tools-for-stm32.9-2020-q2-update.win32_2.0.0.202105311346/tools/bin/../lib/gcc/arm-none-eabi/9.3.1/thumb/v7e-m+fp/hard/crtn.o
 *(.fini)
 .fini          0x0000000008001254        0x4 c:/st/stm32cubeide_1.8.0/stm32cubeide/plugins/com.st.stm32cube.ide.mcu.externaltools.gnu-tools-for-stm32.9-2020-q2-update.win32_2.0.0.202105311346/tools/bin/../lib/gcc/arm-none-eabi/9.3.1/thumb/v7e-m+fp/hard/crti.o
                0x0000000008001254                _fini
 .fini          0x0000000008001258        0x8 c:/st/stm32cubeide_1.8.0/stm32cubeide/plugins/com.st.stm32cube.ide.mcu.externaltools.gnu-tools-for-stm32.9-2020-q2-update.win32_2.0.0.202105311346/tools/bin/../lib/gcc/arm-none-eabi/9.3.1/thumb/v7e-m+fp/hard/crtn.o
                0x0000000008001260                . = ALIGN (0x4)
                0x0000000008001260                _etext = .

.vfp11_veneer   0x0000000008001260        0x0
 .vfp11_veneer  0x0000000008001260        0x0 linker stubs

.v4_bx          0x0000000008001260        0x0
 .v4_bx         0x0000000008001260        0x0 linker stubs

.iplt           0x0000000008001260        0x0
 .iplt          0x0000000008001260        0x0 c:/st/stm32cubeide_1.8.0/stm32cubeide/plugins/com.st.stm32cube.ide.mcu.externaltools.gnu-tools-for-stm32.9-2020-q2-update.win32_2.0.0.202105311346/tools/bin/../lib/gcc/arm-none-eabi/9.3.1/thumb/v7e-m+fp/hard/crtbegin.o

.rel.dyn        0x0000000008001260        0x0
 .rel.iplt      0x0000000008001260        0x0 c:/st/stm32cubeide_1.8.0/stm32cubeide/plugins/com.st.stm32cube.ide.mcu.externaltools.gnu-tools-for-stm32.9-2020-q2-update.win32_2.0.0.202105311346/tools/bin/../lib/gcc/arm-none-eabi/9.3.1/thumb/v7e-m+fp/hard/crtbegin.o

.rodata         0x0000000008001260        0x0
                0x0000000008001260                . = ALIGN (0x4)
 *(.rodata)
 *(.rodata*)
                0x0000000008001260                . = ALIGN (0x4)

.ARM.extab      0x0000000008001260        0x0
                0x0000000008001260                . = ALIGN (0x4)
 *(.ARM.extab* .gnu.linkonce.armextab.*)
                0x0000000008001260                . = ALIGN (0x4)

.ARM            0x0000000008001260        0x0
                0x0000000008001260                . = ALIGN (0x4)
                0x0000000008001260                __exidx_start = .
 *(.ARM.exidx*)
                0x0000000008001260                __exidx_end = .
                0x0000000008001260                . = ALIGN (0x4)

.preinit_array  0x0000000008001260        0x0
                0x0000000008001260                . = ALIGN (0x4)
                0x0000000008001260                PROVIDE (__preinit_array_start = .)
 *(.preinit_array*)
                0x0000000008001260                PROVIDE (__preinit_array_end = .)
                0x0000000008001260                . = ALIGN (0x4)

.init_array     0x0000000008001260        0x4
                0x0000000008001260                . = ALIGN (0x4)
                0x0000000008001260                PROVIDE (__init_array_start = .)
 *(SORT_BY_NAME(.init_array.*))
 *(.init_array*)
 .init_array    0x0000000008001260        0x4 c:/st/stm32cubeide_1.8.0/stm32cubeide/plugins/com.st.stm32cube.ide.mcu.externaltools.gnu-tools-for-stm32.9-2020-q2-update.win32_2.0.0.202105311346/tools/bin/../lib/gcc/arm-none-eabi/9.3.1/thumb/v7e-m+fp/hard/crtbegin.o
                0x0000000008001264                PROVIDE (__init_array_end = .)
                0x0000000008001264                . = ALIGN (0x4)

.fini_array     0x0000000008001264        0x4
                0x0000000008001264                . = ALIGN (0x4)
                [!provide]                        PROVIDE (__fini_array_start = .)
 *(SORT_BY_NAME(.fini_array.*))
 *(.fini_array*)
 .fini_array    0x0000000008001264        0x4 c:/st/stm32cubeide_1.8.0/stm32cubeide/plugins/com.st.stm32cube.ide.mcu.externaltools.gnu-tools-for-stm32.9-2020-q2-update.win32_2.0.0.202105311346/tools/bin/../lib/gcc/arm-none-eabi/9.3.1/thumb/v7e-m+fp/hard/crtbegin.o
                [!provide]                        PROVIDE (__fini_array_end = .)
                0x0000000008001268                . = ALIGN (0x4)
                0x0000000008001268                _sidata = LOADADDR (.data)

.data           0x0000000020000000       0x24 load address 0x0000000008001268
                0x0000000020000000                . = ALIGN (0x4)
                0x0000000020000000                _sdata = .
 *(.data)
 *(.data*)
 .data.SystemCoreClock
                0x0000000020000000        0x4 C:\Users\Dung\Desktop\SDK_1.0.3_NUCLEO-F401RE\lib_stm\libLibraries.a(system_stm32f4xx.o)
                0x0000000020000000                SystemCoreClock
 .data.AHBPrescTable
                0x0000000020000004       0x10 C:\Users\Dung\Desktop\SDK_1.0.3_NUCLEO-F401RE\lib_stm\libLibraries.a(system_stm32f4xx.o)
                0x0000000020000004                AHBPrescTable
 .data.APBAHBPrescTable
                0x0000000020000014       0x10 C:\Users\Dung\Desktop\SDK_1.0.3_NUCLEO-F401RE\lib_stm\libLibraries.a(stm32f401re_rcc.o)
 *(.RamFunc)
 *(.RamFunc*)
                0x0000000020000024                . = ALIGN (0x4)
                0x0000000020000024                _edata = .

.igot.plt       0x0000000020000024        0x0 load address 0x000000000800128c
 .igot.plt      0x0000000020000024        0x0 c:/st/stm32cubeide_1.8.0/stm32cubeide/plugins/com.st.stm32cube.ide.mcu.externaltools.gnu-tools-for-stm32.9-2020-q2-update.win32_2.0.0.202105311346/tools/bin/../lib/gcc/arm-none-eabi/9.3.1/thumb/v7e-m+fp/hard/crtbegin.o
                0x0000000020000024                . = ALIGN (0x4)

.bss            0x0000000020000024      0x1cc load address 0x000000000800128c
                0x0000000020000024                _sbss = .
                0x0000000020000024                __bss_start__ = _sbss
 *(.bss)
 .bss           0x0000000020000024       0x1c c:/st/stm32cubeide_1.8.0/stm32cubeide/plugins/com.st.stm32cube.ide.mcu.externaltools.gnu-tools-for-stm32.9-2020-q2-update.win32_2.0.0.202105311346/tools/bin/../lib/gcc/arm-none-eabi/9.3.1/thumb/v7e-m+fp/hard/crtbegin.o
 *(.bss*)
 .bss.check_ledblue
                0x0000000020000040        0x1 ./Src/main.o
                0x0000000020000040                check_ledblue
 .bss.check_ledred
                0x0000000020000041        0x1 ./Src/main.o
                0x0000000020000041                check_ledred
 .bss.check_ledblue1
                0x0000000020000042        0x1 ./Src/main.o
                0x0000000020000042                check_ledblue1
 .bss.check_ledred1
                0x0000000020000043        0x1 ./Src/main.o
                0x0000000020000043                check_ledred1
 .bss.count_b3  0x0000000020000044        0x1 ./Src/main.o
                0x0000000020000044                count_b3
 *fill*         0x0000000020000045        0x3 
 .bss.TimeInit  0x0000000020000048        0x4 ./Src/main.o
                0x0000000020000048                TimeInit
 .bss.TimeCurrent
                0x000000002000004c        0x4 ./Src/main.o
                0x000000002000004c                TimeCurrent
 .bss.TimeTotal
                0x0000000020000050        0x4 ./Src/main.o
                0x0000000020000050                TimeTotal
 .bss.TimeInit1
                0x0000000020000054        0x4 ./Src/main.o
                0x0000000020000054                TimeInit1
 .bss.TimeCurrent1
                0x0000000020000058        0x4 ./Src/main.o
                0x0000000020000058                TimeCurrent1
 .bss.TimeTotal1
                0x000000002000005c        0x4 ./Src/main.o
                0x000000002000005c                TimeTotal1
 .bss.TimeInit2
                0x0000000020000060        0x4 ./Src/main.o
                0x0000000020000060                TimeInit2
 .bss.TimeCurrent2
                0x0000000020000064        0x4 ./Src/main.o
                0x0000000020000064                TimeCurrent2
 .bss.TimeTotal2
                0x0000000020000068        0x4 ./Src/main.o
                0x0000000020000068                TimeTotal2
 .bss.g_pTimerHandle
                0x000000002000006c      0x180 C:\Users\Dung\Desktop\SDK_1.0.3_NUCLEO-F401RE\lib_stm\libLibraries.a(timer.o)
 .bss.g_wMilSecTickTimer
                0x00000000200001ec        0x4 C:\Users\Dung\Desktop\SDK_1.0.3_NUCLEO-F401RE\lib_stm\libLibraries.a(timer.o)
 *(COMMON)
                0x00000000200001f0                . = ALIGN (0x4)
                0x00000000200001f0                _ebss = .
                0x00000000200001f0                __bss_end__ = _ebss

._user_heap_stack
                0x00000000200001f0      0x600 load address 0x000000000800128c
                0x00000000200001f0                . = ALIGN (0x8)
                [!provide]                        PROVIDE (end = .)
                0x00000000200001f0                PROVIDE (_end = .)
                0x00000000200003f0                . = (. + _Min_Heap_Size)
 *fill*         0x00000000200001f0      0x200 
                0x00000000200007f0                . = (. + _Min_Stack_Size)
 *fill*         0x00000000200003f0      0x400 
                0x00000000200007f0                . = ALIGN (0x8)

/DISCARD/
 libc.a(*)
 libm.a(*)
 libgcc.a(*)

.ARM.attributes
                0x0000000000000000       0x30
 *(.ARM.attributes)
 .ARM.attributes
                0x0000000000000000       0x1e c:/st/stm32cubeide_1.8.0/stm32cubeide/plugins/com.st.stm32cube.ide.mcu.externaltools.gnu-tools-for-stm32.9-2020-q2-update.win32_2.0.0.202105311346/tools/bin/../lib/gcc/arm-none-eabi/9.3.1/thumb/v7e-m+fp/hard/crti.o
 .ARM.attributes
                0x000000000000001e       0x34 c:/st/stm32cubeide_1.8.0/stm32cubeide/plugins/com.st.stm32cube.ide.mcu.externaltools.gnu-tools-for-stm32.9-2020-q2-update.win32_2.0.0.202105311346/tools/bin/../lib/gcc/arm-none-eabi/9.3.1/thumb/v7e-m+fp/hard/crtbegin.o
 .ARM.attributes
                0x0000000000000052       0x34 ./Src/main.o
 .ARM.attributes
                0x0000000000000086       0x21 ./Startup/startup_stm32f401retx.o
 .ARM.attributes
                0x00000000000000a7       0x39 C:\Users\Dung\Desktop\SDK_1.0.3_NUCLEO-F401RE\lib_stm\libLibraries.a(system_stm32f4xx.o)
 .ARM.attributes
                0x00000000000000e0       0x39 C:\Users\Dung\Desktop\SDK_1.0.3_NUCLEO-F401RE\lib_stm\libLibraries.a(misc.o)
 .ARM.attributes
                0x0000000000000119       0x39 C:\Users\Dung\Desktop\SDK_1.0.3_NUCLEO-F401RE\lib_stm\libLibraries.a(stm32f401re_exti.o)
 .ARM.attributes
                0x0000000000000152       0x39 C:\Users\Dung\Desktop\SDK_1.0.3_NUCLEO-F401RE\lib_stm\libLibraries.a(stm32f401re_gpio.o)
 .ARM.attributes
                0x000000000000018b       0x39 C:\Users\Dung\Desktop\SDK_1.0.3_NUCLEO-F401RE\lib_stm\libLibraries.a(stm32f401re_rcc.o)
 .ARM.attributes
                0x00000000000001c4       0x39 C:\Users\Dung\Desktop\SDK_1.0.3_NUCLEO-F401RE\lib_stm\libLibraries.a(stm32f401re_syscfg.o)
 .ARM.attributes
                0x00000000000001fd       0x39 C:\Users\Dung\Desktop\SDK_1.0.3_NUCLEO-F401RE\lib_stm\libLibraries.a(timer.o)
 .ARM.attributes
                0x0000000000000236       0x39 C:\Users\Dung\Desktop\SDK_1.0.3_NUCLEO-F401RE\lib_stm\libLibraries.a(utilities.o)
 .ARM.attributes
                0x000000000000026f       0x34 c:/st/stm32cubeide_1.8.0/stm32cubeide/plugins/com.st.stm32cube.ide.mcu.externaltools.gnu-tools-for-stm32.9-2020-q2-update.win32_2.0.0.202105311346/tools/bin/../lib/gcc/arm-none-eabi/9.3.1/../../../../arm-none-eabi/lib/thumb/v7e-m+fp/hard\libc_nano.a(lib_a-init.o)
 .ARM.attributes
                0x00000000000002a3       0x1e c:/st/stm32cubeide_1.8.0/stm32cubeide/plugins/com.st.stm32cube.ide.mcu.externaltools.gnu-tools-for-stm32.9-2020-q2-update.win32_2.0.0.202105311346/tools/bin/../lib/gcc/arm-none-eabi/9.3.1/thumb/v7e-m+fp/hard/crtn.o
OUTPUT(TS_CURTAIN_MCU_V1.0.0.elf elf32-littlearm)
LOAD linker stubs
LOAD c:/st/stm32cubeide_1.8.0/stm32cubeide/plugins/com.st.stm32cube.ide.mcu.externaltools.gnu-tools-for-stm32.9-2020-q2-update.win32_2.0.0.202105311346/tools/bin/../lib/gcc/arm-none-eabi/9.3.1/../../../../arm-none-eabi/lib/thumb/v7e-m+fp/hard\libc.a
LOAD c:/st/stm32cubeide_1.8.0/stm32cubeide/plugins/com.st.stm32cube.ide.mcu.externaltools.gnu-tools-for-stm32.9-2020-q2-update.win32_2.0.0.202105311346/tools/bin/../lib/gcc/arm-none-eabi/9.3.1/../../../../arm-none-eabi/lib/thumb/v7e-m+fp/hard\libm.a
LOAD c:/st/stm32cubeide_1.8.0/stm32cubeide/plugins/com.st.stm32cube.ide.mcu.externaltools.gnu-tools-for-stm32.9-2020-q2-update.win32_2.0.0.202105311346/tools/bin/../lib/gcc/arm-none-eabi/9.3.1/thumb/v7e-m+fp/hard\libgcc.a

.debug_info     0x0000000000000000     0x41e2
 .debug_info    0x0000000000000000     0x1154 ./Src/main.o
 .debug_info    0x0000000000001154       0x22 ./Startup/startup_stm32f401retx.o
 .debug_info    0x0000000000001176      0x5bb C:\Users\Dung\Desktop\SDK_1.0.3_NUCLEO-F401RE\lib_stm\libLibraries.a(system_stm32f4xx.o)
 .debug_info    0x0000000000001731      0x54b C:\Users\Dung\Desktop\SDK_1.0.3_NUCLEO-F401RE\lib_stm\libLibraries.a(misc.o)
 .debug_info    0x0000000000001c7c      0x358 C:\Users\Dung\Desktop\SDK_1.0.3_NUCLEO-F401RE\lib_stm\libLibraries.a(stm32f401re_exti.o)
 .debug_info    0x0000000000001fd4      0x62b C:\Users\Dung\Desktop\SDK_1.0.3_NUCLEO-F401RE\lib_stm\libLibraries.a(stm32f401re_gpio.o)
 .debug_info    0x00000000000025ff      0xd5e C:\Users\Dung\Desktop\SDK_1.0.3_NUCLEO-F401RE\lib_stm\libLibraries.a(stm32f401re_rcc.o)
 .debug_info    0x000000000000335d      0x2a6 C:\Users\Dung\Desktop\SDK_1.0.3_NUCLEO-F401RE\lib_stm\libLibraries.a(stm32f401re_syscfg.o)
 .debug_info    0x0000000000003603      0x922 C:\Users\Dung\Desktop\SDK_1.0.3_NUCLEO-F401RE\lib_stm\libLibraries.a(timer.o)
 .debug_info    0x0000000000003f25      0x2bd C:\Users\Dung\Desktop\SDK_1.0.3_NUCLEO-F401RE\lib_stm\libLibraries.a(utilities.o)

.debug_abbrev   0x0000000000000000      0xff2
 .debug_abbrev  0x0000000000000000      0x328 ./Src/main.o
 .debug_abbrev  0x0000000000000328       0x12 ./Startup/startup_stm32f401retx.o
 .debug_abbrev  0x000000000000033a      0x138 C:\Users\Dung\Desktop\SDK_1.0.3_NUCLEO-F401RE\lib_stm\libLibraries.a(system_stm32f4xx.o)
 .debug_abbrev  0x0000000000000472      0x177 C:\Users\Dung\Desktop\SDK_1.0.3_NUCLEO-F401RE\lib_stm\libLibraries.a(misc.o)
 .debug_abbrev  0x00000000000005e9      0x1c3 C:\Users\Dung\Desktop\SDK_1.0.3_NUCLEO-F401RE\lib_stm\libLibraries.a(stm32f401re_exti.o)
 .debug_abbrev  0x00000000000007ac      0x1bf C:\Users\Dung\Desktop\SDK_1.0.3_NUCLEO-F401RE\lib_stm\libLibraries.a(stm32f401re_gpio.o)
 .debug_abbrev  0x000000000000096b      0x1d4 C:\Users\Dung\Desktop\SDK_1.0.3_NUCLEO-F401RE\lib_stm\libLibraries.a(stm32f401re_rcc.o)
 .debug_abbrev  0x0000000000000b3f      0x14b C:\Users\Dung\Desktop\SDK_1.0.3_NUCLEO-F401RE\lib_stm\libLibraries.a(stm32f401re_syscfg.o)
 .debug_abbrev  0x0000000000000c8a      0x29a C:\Users\Dung\Desktop\SDK_1.0.3_NUCLEO-F401RE\lib_stm\libLibraries.a(timer.o)
 .debug_abbrev  0x0000000000000f24       0xce C:\Users\Dung\Desktop\SDK_1.0.3_NUCLEO-F401RE\lib_stm\libLibraries.a(utilities.o)

.debug_aranges  0x0000000000000000      0x498
 .debug_aranges
                0x0000000000000000       0x80 ./Src/main.o
 .debug_aranges
                0x0000000000000080       0x28 ./Startup/startup_stm32f401retx.o
 .debug_aranges
                0x00000000000000a8       0x30 C:\Users\Dung\Desktop\SDK_1.0.3_NUCLEO-F401RE\lib_stm\libLibraries.a(system_stm32f4xx.o)
 .debug_aranges
                0x00000000000000d8       0x40 C:\Users\Dung\Desktop\SDK_1.0.3_NUCLEO-F401RE\lib_stm\libLibraries.a(misc.o)
 .debug_aranges
                0x0000000000000118       0x58 C:\Users\Dung\Desktop\SDK_1.0.3_NUCLEO-F401RE\lib_stm\libLibraries.a(stm32f401re_exti.o)
 .debug_aranges
                0x0000000000000170       0x88 C:\Users\Dung\Desktop\SDK_1.0.3_NUCLEO-F401RE\lib_stm\libLibraries.a(stm32f401re_gpio.o)
 .debug_aranges
                0x00000000000001f8      0x198 C:\Users\Dung\Desktop\SDK_1.0.3_NUCLEO-F401RE\lib_stm\libLibraries.a(stm32f401re_rcc.o)
 .debug_aranges
                0x0000000000000390       0x50 C:\Users\Dung\Desktop\SDK_1.0.3_NUCLEO-F401RE\lib_stm\libLibraries.a(stm32f401re_syscfg.o)
 .debug_aranges
                0x00000000000003e0       0x70 C:\Users\Dung\Desktop\SDK_1.0.3_NUCLEO-F401RE\lib_stm\libLibraries.a(timer.o)
 .debug_aranges
                0x0000000000000450       0x48 C:\Users\Dung\Desktop\SDK_1.0.3_NUCLEO-F401RE\lib_stm\libLibraries.a(utilities.o)

.debug_ranges   0x0000000000000000      0x400
 .debug_ranges  0x0000000000000000       0x70 ./Src/main.o
 .debug_ranges  0x0000000000000070       0x20 ./Startup/startup_stm32f401retx.o
 .debug_ranges  0x0000000000000090       0x20 C:\Users\Dung\Desktop\SDK_1.0.3_NUCLEO-F401RE\lib_stm\libLibraries.a(system_stm32f4xx.o)
 .debug_ranges  0x00000000000000b0       0x30 C:\Users\Dung\Desktop\SDK_1.0.3_NUCLEO-F401RE\lib_stm\libLibraries.a(misc.o)
 .debug_ranges  0x00000000000000e0       0x48 C:\Users\Dung\Desktop\SDK_1.0.3_NUCLEO-F401RE\lib_stm\libLibraries.a(stm32f401re_exti.o)
 .debug_ranges  0x0000000000000128       0x78 C:\Users\Dung\Desktop\SDK_1.0.3_NUCLEO-F401RE\lib_stm\libLibraries.a(stm32f401re_gpio.o)
 .debug_ranges  0x00000000000001a0      0x188 C:\Users\Dung\Desktop\SDK_1.0.3_NUCLEO-F401RE\lib_stm\libLibraries.a(stm32f401re_rcc.o)
 .debug_ranges  0x0000000000000328       0x40 C:\Users\Dung\Desktop\SDK_1.0.3_NUCLEO-F401RE\lib_stm\libLibraries.a(stm32f401re_syscfg.o)
 .debug_ranges  0x0000000000000368       0x60 C:\Users\Dung\Desktop\SDK_1.0.3_NUCLEO-F401RE\lib_stm\libLibraries.a(timer.o)
 .debug_ranges  0x00000000000003c8       0x38 C:\Users\Dung\Desktop\SDK_1.0.3_NUCLEO-F401RE\lib_stm\libLibraries.a(utilities.o)

.debug_macro    0x0000000000000000     0xd6af
 .debug_macro   0x0000000000000000      0x31c ./Src/main.o
 .debug_macro   0x000000000000031c      0xab4 ./Src/main.o
 .debug_macro   0x0000000000000dd0       0x22 ./Src/main.o
 .debug_macro   0x0000000000000df2       0x8e ./Src/main.o
 .debug_macro   0x0000000000000e80       0x51 ./Src/main.o
 .debug_macro   0x0000000000000ed1      0x103 ./Src/main.o
 .debug_macro   0x0000000000000fd4       0x6a ./Src/main.o
 .debug_macro   0x000000000000103e      0x1df ./Src/main.o
 .debug_macro   0x000000000000121d       0x52 ./Src/main.o
 .debug_macro   0x000000000000126f       0x18 ./Src/main.o
 .debug_macro   0x0000000000001287       0x3c ./Src/main.o
 .debug_macro   0x00000000000012c3       0x34 ./Src/main.o
 .debug_macro   0x00000000000012f7       0x16 ./Src/main.o
 .debug_macro   0x000000000000130d       0x97 ./Src/main.o
 .debug_macro   0x00000000000013a4      0x339 ./Src/main.o
 .debug_macro   0x00000000000016dd       0xfd ./Src/main.o
 .debug_macro   0x00000000000017da       0x10 ./Src/main.o
 .debug_macro   0x00000000000017ea       0x16 ./Src/main.o
 .debug_macro   0x0000000000001800       0x43 ./Src/main.o
 .debug_macro   0x0000000000001843       0x34 ./Src/main.o
 .debug_macro   0x0000000000001877       0x10 ./Src/main.o
 .debug_macro   0x0000000000001887       0x58 ./Src/main.o
 .debug_macro   0x00000000000018df       0x71 ./Src/main.o
 .debug_macro   0x0000000000001950       0x1c ./Src/main.o
 .debug_macro   0x000000000000196c      0x12a ./Src/main.o
 .debug_macro   0x0000000000001a96       0x10 ./Src/main.o
 .debug_macro   0x0000000000001aa6       0x1c ./Src/main.o
 .debug_macro   0x0000000000001ac2       0x52 ./Src/main.o
 .debug_macro   0x0000000000001b14       0x22 ./Src/main.o
 .debug_macro   0x0000000000001b36       0x10 ./Src/main.o
 .debug_macro   0x0000000000001b46       0x40 ./Src/main.o
 .debug_macro   0x0000000000001b86       0xd5 ./Src/main.o
 .debug_macro   0x0000000000001c5b       0x1c ./Src/main.o
 .debug_macro   0x0000000000001c77       0x3d ./Src/main.o
 .debug_macro   0x0000000000001cb4       0x16 ./Src/main.o
 .debug_macro   0x0000000000001cca      0x145 ./Src/main.o
 .debug_macro   0x0000000000001e0f       0x22 ./Src/main.o
 .debug_macro   0x0000000000001e31       0x6b ./Src/main.o
 .debug_macro   0x0000000000001e9c       0x3b ./Src/main.o
 .debug_macro   0x0000000000001ed7       0x34 ./Src/main.o
 .debug_macro   0x0000000000001f0b       0x26 ./Src/main.o
 .debug_macro   0x0000000000001f31      0xe43 ./Src/main.o
 .debug_macro   0x0000000000002d74     0x8018 ./Src/main.o
 .debug_macro   0x000000000000ad8c       0x7c ./Src/main.o
 .debug_macro   0x000000000000ae08      0x64a ./Src/main.o
 .debug_macro   0x000000000000b452      0x2f4 ./Src/main.o
 .debug_macro   0x000000000000b746       0xb6 ./Src/main.o
 .debug_macro   0x000000000000b7fc      0x10d ./Src/main.o
 .debug_macro   0x000000000000b909       0xce C:\Users\Dung\Desktop\SDK_1.0.3_NUCLEO-F401RE\lib_stm\libLibraries.a(system_stm32f4xx.o)
 .debug_macro   0x000000000000b9d7      0xa66 C:\Users\Dung\Desktop\SDK_1.0.3_NUCLEO-F401RE\lib_stm\libLibraries.a(system_stm32f4xx.o)
 .debug_macro   0x000000000000c43d       0x22 C:\Users\Dung\Desktop\SDK_1.0.3_NUCLEO-F401RE\lib_stm\libLibraries.a(system_stm32f4xx.o)
 .debug_macro   0x000000000000c45f       0xef C:\Users\Dung\Desktop\SDK_1.0.3_NUCLEO-F401RE\lib_stm\libLibraries.a(system_stm32f4xx.o)
 .debug_macro   0x000000000000c54e       0xc0 C:\Users\Dung\Desktop\SDK_1.0.3_NUCLEO-F401RE\lib_stm\libLibraries.a(misc.o)
 .debug_macro   0x000000000000c60e       0xc0 C:\Users\Dung\Desktop\SDK_1.0.3_NUCLEO-F401RE\lib_stm\libLibraries.a(stm32f401re_exti.o)
 .debug_macro   0x000000000000c6ce       0xb0 C:\Users\Dung\Desktop\SDK_1.0.3_NUCLEO-F401RE\lib_stm\libLibraries.a(stm32f401re_exti.o)
 .debug_macro   0x000000000000c77e       0xc3 C:\Users\Dung\Desktop\SDK_1.0.3_NUCLEO-F401RE\lib_stm\libLibraries.a(stm32f401re_gpio.o)
 .debug_macro   0x000000000000c841      0x2ee C:\Users\Dung\Desktop\SDK_1.0.3_NUCLEO-F401RE\lib_stm\libLibraries.a(stm32f401re_gpio.o)
 .debug_macro   0x000000000000cb2f      0x18d C:\Users\Dung\Desktop\SDK_1.0.3_NUCLEO-F401RE\lib_stm\libLibraries.a(stm32f401re_rcc.o)
 .debug_macro   0x000000000000ccbc      0x644 C:\Users\Dung\Desktop\SDK_1.0.3_NUCLEO-F401RE\lib_stm\libLibraries.a(stm32f401re_rcc.o)
 .debug_macro   0x000000000000d300      0x111 C:\Users\Dung\Desktop\SDK_1.0.3_NUCLEO-F401RE\lib_stm\libLibraries.a(stm32f401re_syscfg.o)
 .debug_macro   0x000000000000d411      0x107 C:\Users\Dung\Desktop\SDK_1.0.3_NUCLEO-F401RE\lib_stm\libLibraries.a(stm32f401re_syscfg.o)
 .debug_macro   0x000000000000d518       0xe3 C:\Users\Dung\Desktop\SDK_1.0.3_NUCLEO-F401RE\lib_stm\libLibraries.a(timer.o)
 .debug_macro   0x000000000000d5fb       0x1c C:\Users\Dung\Desktop\SDK_1.0.3_NUCLEO-F401RE\lib_stm\libLibraries.a(timer.o)
 .debug_macro   0x000000000000d617       0x16 C:\Users\Dung\Desktop\SDK_1.0.3_NUCLEO-F401RE\lib_stm\libLibraries.a(timer.o)
 .debug_macro   0x000000000000d62d       0x72 C:\Users\Dung\Desktop\SDK_1.0.3_NUCLEO-F401RE\lib_stm\libLibraries.a(utilities.o)
 .debug_macro   0x000000000000d69f       0x10 C:\Users\Dung\Desktop\SDK_1.0.3_NUCLEO-F401RE\lib_stm\libLibraries.a(utilities.o)

.debug_line     0x0000000000000000     0x3a29
 .debug_line    0x0000000000000000      0xb01 ./Src/main.o
 .debug_line    0x0000000000000b01       0x84 ./Startup/startup_stm32f401retx.o
 .debug_line    0x0000000000000b85      0x4a0 C:\Users\Dung\Desktop\SDK_1.0.3_NUCLEO-F401RE\lib_stm\libLibraries.a(system_stm32f4xx.o)
 .debug_line    0x0000000000001025      0x515 C:\Users\Dung\Desktop\SDK_1.0.3_NUCLEO-F401RE\lib_stm\libLibraries.a(misc.o)
 .debug_line    0x000000000000153a      0x571 C:\Users\Dung\Desktop\SDK_1.0.3_NUCLEO-F401RE\lib_stm\libLibraries.a(stm32f401re_exti.o)
 .debug_line    0x0000000000001aab      0x65e C:\Users\Dung\Desktop\SDK_1.0.3_NUCLEO-F401RE\lib_stm\libLibraries.a(stm32f401re_gpio.o)
 .debug_line    0x0000000000002109      0x8d2 C:\Users\Dung\Desktop\SDK_1.0.3_NUCLEO-F401RE\lib_stm\libLibraries.a(stm32f401re_rcc.o)
 .debug_line    0x00000000000029db      0x55b C:\Users\Dung\Desktop\SDK_1.0.3_NUCLEO-F401RE\lib_stm\libLibraries.a(stm32f401re_syscfg.o)
 .debug_line    0x0000000000002f36      0x684 C:\Users\Dung\Desktop\SDK_1.0.3_NUCLEO-F401RE\lib_stm\libLibraries.a(timer.o)
 .debug_line    0x00000000000035ba      0x46f C:\Users\Dung\Desktop\SDK_1.0.3_NUCLEO-F401RE\lib_stm\libLibraries.a(utilities.o)

.debug_str      0x0000000000000000    0x422ce
 .debug_str     0x0000000000000000    0x407d4 ./Src/main.o
                                      0x40abf (size before relaxing)
 .debug_str     0x00000000000407d4       0x31 ./Startup/startup_stm32f401retx.o
                                         0x8b (size before relaxing)
 .debug_str     0x0000000000040805      0x3e4 C:\Users\Dung\Desktop\SDK_1.0.3_NUCLEO-F401RE\lib_stm\libLibraries.a(system_stm32f4xx.o)
                                      0x3583e (size before relaxing)
 .debug_str     0x0000000000040be9      0x187 C:\Users\Dung\Desktop\SDK_1.0.3_NUCLEO-F401RE\lib_stm\libLibraries.a(misc.o)
                                      0x35d12 (size before relaxing)
 .debug_str     0x0000000000040d70      0x121 C:\Users\Dung\Desktop\SDK_1.0.3_NUCLEO-F401RE\lib_stm\libLibraries.a(stm32f401re_exti.o)
                                      0x35edf (size before relaxing)
 .debug_str     0x0000000000040e91      0x192 C:\Users\Dung\Desktop\SDK_1.0.3_NUCLEO-F401RE\lib_stm\libLibraries.a(stm32f401re_gpio.o)
                                      0x3a690 (size before relaxing)
 .debug_str     0x0000000000041023      0xbc7 C:\Users\Dung\Desktop\SDK_1.0.3_NUCLEO-F401RE\lib_stm\libLibraries.a(stm32f401re_rcc.o)
                                      0x39aa1 (size before relaxing)
 .debug_str     0x0000000000041bea      0x422 C:\Users\Dung\Desktop\SDK_1.0.3_NUCLEO-F401RE\lib_stm\libLibraries.a(stm32f401re_syscfg.o)
                                      0x39bb1 (size before relaxing)
 .debug_str     0x000000000004200c      0x20f C:\Users\Dung\Desktop\SDK_1.0.3_NUCLEO-F401RE\lib_stm\libLibraries.a(timer.o)
                                      0x39451 (size before relaxing)
 .debug_str     0x000000000004221b       0xb3 C:\Users\Dung\Desktop\SDK_1.0.3_NUCLEO-F401RE\lib_stm\libLibraries.a(utilities.o)
                                       0x3d14 (size before relaxing)

.comment        0x0000000000000000       0xce
 .comment       0x0000000000000000       0x53 ./Src/main.o
                                         0x54 (size before relaxing)
 .comment       0x0000000000000053       0x7b C:\Users\Dung\Desktop\SDK_1.0.3_NUCLEO-F401RE\lib_stm\libLibraries.a(system_stm32f4xx.o)
                                         0x7c (size before relaxing)
 .comment       0x00000000000000ce       0x7c C:\Users\Dung\Desktop\SDK_1.0.3_NUCLEO-F401RE\lib_stm\libLibraries.a(misc.o)
 .comment       0x00000000000000ce       0x7c C:\Users\Dung\Desktop\SDK_1.0.3_NUCLEO-F401RE\lib_stm\libLibraries.a(stm32f401re_exti.o)
 .comment       0x00000000000000ce       0x7c C:\Users\Dung\Desktop\SDK_1.0.3_NUCLEO-F401RE\lib_stm\libLibraries.a(stm32f401re_gpio.o)
 .comment       0x00000000000000ce       0x7c C:\Users\Dung\Desktop\SDK_1.0.3_NUCLEO-F401RE\lib_stm\libLibraries.a(stm32f401re_rcc.o)
 .comment       0x00000000000000ce       0x7c C:\Users\Dung\Desktop\SDK_1.0.3_NUCLEO-F401RE\lib_stm\libLibraries.a(stm32f401re_syscfg.o)
 .comment       0x00000000000000ce       0x7c C:\Users\Dung\Desktop\SDK_1.0.3_NUCLEO-F401RE\lib_stm\libLibraries.a(timer.o)
 .comment       0x00000000000000ce       0x7c C:\Users\Dung\Desktop\SDK_1.0.3_NUCLEO-F401RE\lib_stm\libLibraries.a(utilities.o)

.debug_frame    0x0000000000000000     0x11f4
 .debug_frame   0x0000000000000000      0x1c0 ./Src/main.o
 .debug_frame   0x00000000000001c0       0x74 C:\Users\Dung\Desktop\SDK_1.0.3_NUCLEO-F401RE\lib_stm\libLibraries.a(system_stm32f4xx.o)
 .debug_frame   0x0000000000000234       0xd8 C:\Users\Dung\Desktop\SDK_1.0.3_NUCLEO-F401RE\lib_stm\libLibraries.a(misc.o)
 .debug_frame   0x000000000000030c      0x148 C:\Users\Dung\Desktop\SDK_1.0.3_NUCLEO-F401RE\lib_stm\libLibraries.a(stm32f401re_exti.o)
 .debug_frame   0x0000000000000454      0x23c C:\Users\Dung\Desktop\SDK_1.0.3_NUCLEO-F401RE\lib_stm\libLibraries.a(stm32f401re_gpio.o)
 .debug_frame   0x0000000000000690      0x774 C:\Users\Dung\Desktop\SDK_1.0.3_NUCLEO-F401RE\lib_stm\libLibraries.a(stm32f401re_rcc.o)
 .debug_frame   0x0000000000000e04      0x11c C:\Users\Dung\Desktop\SDK_1.0.3_NUCLEO-F401RE\lib_stm\libLibraries.a(stm32f401re_syscfg.o)
 .debug_frame   0x0000000000000f20      0x1a8 C:\Users\Dung\Desktop\SDK_1.0.3_NUCLEO-F401RE\lib_stm\libLibraries.a(timer.o)
 .debug_frame   0x00000000000010c8      0x100 C:\Users\Dung\Desktop\SDK_1.0.3_NUCLEO-F401RE\lib_stm\libLibraries.a(utilities.o)
 .debug_frame   0x00000000000011c8       0x2c c:/st/stm32cubeide_1.8.0/stm32cubeide/plugins/com.st.stm32cube.ide.mcu.externaltools.gnu-tools-for-stm32.9-2020-q2-update.win32_2.0.0.202105311346/tools/bin/../lib/gcc/arm-none-eabi/9.3.1/../../../../arm-none-eabi/lib/thumb/v7e-m+fp/hard\libc_nano.a(lib_a-init.o)
