Archive member included to satisfy reference by file (symbol)

C:\Users\Dung\Desktop\SDK_1.0.3_NUCLEO-F401RE\lib_stm\libLibraries.a(system_stm32f4xx.o)
                              ./Src/main.o (SystemCoreClockUpdate)
C:\Users\Dung\Desktop\SDK_1.0.3_NUCLEO-F401RE\lib_stm\libLibraries.a(eventbutton.o)
                              ./Src/main.o (EventButton_Init)
C:\Users\Dung\Desktop\SDK_1.0.3_NUCLEO-F401RE\lib_stm\libLibraries.a(buzzer.o)
                              ./Src/main.o (BuzzerControl_Init)
C:\Users\Dung\Desktop\SDK_1.0.3_NUCLEO-F401RE\lib_stm\libLibraries.a(melody.o)
                              ./Src/main.o (pbeep)
C:\Users\Dung\Desktop\SDK_1.0.3_NUCLEO-F401RE\lib_stm\libLibraries.a(led.o)
                              ./Src/main.o (LedControl_Init)
C:\Users\Dung\Desktop\SDK_1.0.3_NUCLEO-F401RE\lib_stm\libLibraries.a(eventman.o)
                              ./Src/main.o (EventSchedulerInit)
C:\Users\Dung\Desktop\SDK_1.0.3_NUCLEO-F401RE\lib_stm\libLibraries.a(timer.o)
                              ./Src/main.o (TimerInit)
C:\Users\Dung\Desktop\SDK_1.0.3_NUCLEO-F401RE\lib_stm\libLibraries.a(lightsensor.o)
                              ./Src/main.o (LightSensor_Init)
C:\Users\Dung\Desktop\SDK_1.0.3_NUCLEO-F401RE\lib_stm\libLibraries.a(temhumsensor.o)
                              ./Src/main.o (TemHumSensor_Init)
C:\Users\Dung\Desktop\SDK_1.0.3_NUCLEO-F401RE\lib_stm\libLibraries.a(serial.o)
                              ./Src/main.o (processSerialReceiver)
C:\Users\Dung\Desktop\SDK_1.0.3_NUCLEO-F401RE\lib_stm\libLibraries.a(uartcmd.o)
                              ./Src/main.o (EventSerial_Init)
C:\Users\Dung\Desktop\SDK_1.0.3_NUCLEO-F401RE\lib_stm\libLibraries.a(Ucglib.o)
                              ./Src/main.o (Ucglib4WireSWSPI_begin)
C:\Users\Dung\Desktop\SDK_1.0.3_NUCLEO-F401RE\lib_stm\libLibraries.a(ucg_box.o)
                              ./Src/main.o (ucg_ClearScreen)
C:\Users\Dung\Desktop\SDK_1.0.3_NUCLEO-F401RE\lib_stm\libLibraries.a(ucg_ccs.o)
                              C:\Users\Dung\Desktop\SDK_1.0.3_NUCLEO-F401RE\lib_stm\libLibraries.a(ucg_box.o) (ucg_ccs_init)
C:\Users\Dung\Desktop\SDK_1.0.3_NUCLEO-F401RE\lib_stm\libLibraries.a(ucg_circle.o)
                              C:\Users\Dung\Desktop\SDK_1.0.3_NUCLEO-F401RE\lib_stm\libLibraries.a(ucg_box.o) (ucg_DrawCircle)
C:\Users\Dung\Desktop\SDK_1.0.3_NUCLEO-F401RE\lib_stm\libLibraries.a(ucg_dev_default_cb.o)
                              C:\Users\Dung\Desktop\SDK_1.0.3_NUCLEO-F401RE\lib_stm\libLibraries.a(Ucglib.o) (ucg_dev_default_cb)
C:\Users\Dung\Desktop\SDK_1.0.3_NUCLEO-F401RE\lib_stm\libLibraries.a(ucg_dev_ic_st7735.o)
                              C:\Users\Dung\Desktop\SDK_1.0.3_NUCLEO-F401RE\lib_stm\libLibraries.a(Ucglib.o) (ucg_ext_st7735_18)
C:\Users\Dung\Desktop\SDK_1.0.3_NUCLEO-F401RE\lib_stm\libLibraries.a(ucg_dev_msg_api.o)
                              C:\Users\Dung\Desktop\SDK_1.0.3_NUCLEO-F401RE\lib_stm\libLibraries.a(ucg_box.o) (ucg_SetMaxClipRange)
C:\Users\Dung\Desktop\SDK_1.0.3_NUCLEO-F401RE\lib_stm\libLibraries.a(ucg_dev_tft_128x128_st7735.o)
                              C:\Users\Dung\Desktop\SDK_1.0.3_NUCLEO-F401RE\lib_stm\libLibraries.a(Ucglib.o) (ucg_dev_st7735_18x128x128)
C:\Users\Dung\Desktop\SDK_1.0.3_NUCLEO-F401RE\lib_stm\libLibraries.a(ucg_font.o)
                              C:\Users\Dung\Desktop\SDK_1.0.3_NUCLEO-F401RE\lib_stm\libLibraries.a(Ucglib.o) (ucg_SetFontMode)
C:\Users\Dung\Desktop\SDK_1.0.3_NUCLEO-F401RE\lib_stm\libLibraries.a(ucg_init.o)
                              C:\Users\Dung\Desktop\SDK_1.0.3_NUCLEO-F401RE\lib_stm\libLibraries.a(Ucglib.o) (ucg_Init)
C:\Users\Dung\Desktop\SDK_1.0.3_NUCLEO-F401RE\lib_stm\libLibraries.a(ucg_line.o)
                              C:\Users\Dung\Desktop\SDK_1.0.3_NUCLEO-F401RE\lib_stm\libLibraries.a(ucg_font.o) (ucg_Draw90Line)
C:\Users\Dung\Desktop\SDK_1.0.3_NUCLEO-F401RE\lib_stm\libLibraries.a(ucg_pixel.o)
                              ./Src/main.o (ucg_SetColor)
C:\Users\Dung\Desktop\SDK_1.0.3_NUCLEO-F401RE\lib_stm\libLibraries.a(ucg_pixel_font_data.o)
                              ./Src/main.o (ucg_font_ncenR08_hr)
C:\Users\Dung\Desktop\SDK_1.0.3_NUCLEO-F401RE\lib_stm\libLibraries.a(ucg_rotate.o)
                              ./Src/main.o (ucg_SetRotate180)
C:\Users\Dung\Desktop\SDK_1.0.3_NUCLEO-F401RE\lib_stm\libLibraries.a(buff.o)
                              C:\Users\Dung\Desktop\SDK_1.0.3_NUCLEO-F401RE\lib_stm\libLibraries.a(eventman.o) (bufInit)
C:\Users\Dung\Desktop\SDK_1.0.3_NUCLEO-F401RE\lib_stm\libLibraries.a(utilities.o)
                              C:\Users\Dung\Desktop\SDK_1.0.3_NUCLEO-F401RE\lib_stm\libLibraries.a(timer.o) (memsetl)
C:\Users\Dung\Desktop\SDK_1.0.3_NUCLEO-F401RE\lib_stm\libLibraries.a(misc.o)
                              C:\Users\Dung\Desktop\SDK_1.0.3_NUCLEO-F401RE\lib_stm\libLibraries.a(serial.o) (NVIC_PriorityGroupConfig)
C:\Users\Dung\Desktop\SDK_1.0.3_NUCLEO-F401RE\lib_stm\libLibraries.a(stm32f401re_adc.o)
[...]
Memory Configuration

Name             Origin             Length             Attributes
RAM              0x0000000020000000 0x0000000000018000 xrw
FLASH            0x0000000008000000 0x0000000000080000 xr
*default*        0x0000000000000000 0xffffffffffffffff

Linker script and memory map

LOAD c:/st/stm32cubeide_1.8.0/stm32cubeide/plugins/com.st.stm32cube.ide.mcu.externaltools.gnu-tools-for-stm32.9-2020-q2-update.win32_2.0.0.202105311346/tools/bin/../lib/gcc/arm-none-eabi/9.3.1/thumb/v7e-m+fp/hard/crti.o
LOAD c:/st/stm32cubeide_1.8.0/stm32cubeide/plugins/com.st.stm32cube.ide.mcu.externaltools.gnu-tools-for-stm32.9-2020-q2-update.win32_2.0.0.202105311346/tools/bin/../lib/gcc/arm-none-eabi/9.3.1/thumb/v7e-m+fp/hard/crtbegin.o
LOAD c:/st/stm32cubeide_1.8.0/stm32cubeide/plugins/com.st.stm32cube.ide.mcu.externaltools.gnu-tools-for-stm32.9-2020-q2-update.win32_2.0.0.202105311346/tools/bin/../lib/gcc/arm-none-eabi/9.3.1/../../../../arm-none-eabi/lib/thumb/v7e-m+fp/hard/crt0.o
LOAD ./Src/main.o
LOAD ./Src/syscalls.o
LOAD ./Src/sysmem.o
LOAD ./Startup/startup_stm32f401retx.o
LOAD C:\Users\Dung\Desktop\SDK_1.0.3_NUCLEO-F401RE\lib_stm\libLibraries.a
START GROUP
LOAD c:/st/stm32cubeide_1.8.0/stm32cubeide/plugins/com.st.stm32cube.ide.mcu.externaltools.gnu-tools-for-stm32.9-2020-q2-update.win32_2.0.0.202105311346/tools/bin/../lib/gcc/arm-none-eabi/9.3.1/../../../../arm-none-eabi/lib/thumb/v7e-m+fp/hard\libc_nano.a
LOAD c:/st/stm32cubeide_1.8.0/stm32cubeide/plugins/com.st.stm32cube.ide.mcu.externaltools.gnu-tools-for-stm32.9-2020-q2-update.win32_2.0.0.202105311346/tools/bin/../lib/gcc/arm-none-eabi/9.3.1/../../../../arm-none-eabi/lib/thumb/v7e-m+fp/hard\libm.a
END GROUP
START GROUP
LOAD c:/st/stm32cubeide_1.8.0/stm32cubeide/plugins/com.st.stm32cube.ide.mcu.externaltools.gnu-tools-for-stm32.9-2020-q2-update.win32_2.0.0.202105311346/tools/bin/../lib/gcc/arm-none-eabi/9.3.1/thumb/v7e-m+fp/hard\libgcc.a
LOAD c:/st/stm32cubeide_1.8.0/stm32cubeide/plugins/com.st.stm32cube.ide.mcu.externaltools.gnu-tools-for-stm32.9-2020-q2-update.win32_2.0.0.202105311346/tools/bin/../lib/gcc/arm-none-eabi/9.3.1/../../../../arm-none-eabi/lib/thumb/v7e-m+fp/hard\libc_nano.a
END GROUP
START GROUP
LOAD c:/st/stm32cubeide_1.8.0/stm32cubeide/plugins/com.st.stm32cube.ide.mcu.externaltools.gnu-tools-for-stm32.9-2020-q2-update.win32_2.0.0.202105311346/tools/bin/../lib/gcc/arm-none-eabi/9.3.1/thumb/v7e-m+fp/hard\libgcc.a
LOAD c:/st/stm32cubeide_1.8.0/stm32cubeide/plugins/com.st.stm32cube.ide.mcu.externaltools.gnu-tools-for-stm32.9-2020-q2-update.win32_2.0.0.202105311346/tools/bin/../lib/gcc/arm-none-eabi/9.3.1/../../../../arm-none-eabi/lib/thumb/v7e-m+fp/hard\libc_nano.a
LOAD c:/st/stm32cubeide_1.8.0/stm32cubeide/plugins/com.st.stm32cube.ide.mcu.externaltools.gnu-tools-for-stm32.9-2020-q2-update.win32_2.0.0.202105311346/tools/bin/../lib/gcc/arm-none-eabi/9.3.1/../../../../arm-none-eabi/lib/thumb/v7e-m+fp/hard\libnosys.a
END GROUP
START GROUP
LOAD c:/st/stm32cubeide_1.8.0/stm32cubeide/plugins/com.st.stm32cube.ide.mcu.externaltools.gnu-tools-for-stm32.9-2020-q2-update.win32_2.0.0.202105311346/tools/bin/../lib/gcc/arm-none-eabi/9.3.1/thumb/v7e-m+fp/hard\libgcc.a
LOAD c:/st/stm32cubeide_1.8.0/stm32cubeide/plugins/com.st.stm32cube.ide.mcu.externaltools.gnu-tools-for-stm32.9-2020-q2-update.win32_2.0.0.202105311346/tools/bin/../lib/gcc/arm-none-eabi/9.3.1/../../../../arm-none-eabi/lib/thumb/v7e-m+fp/hard\libc_nano.a
LOAD c:/st/stm32cubeide_1.8.0/stm32cubeide/plugins/com.st.stm32cube.ide.mcu.externaltools.gnu-tools-for-stm32.9-2020-q2-update.win32_2.0.0.202105311346/tools/bin/../lib/gcc/arm-none-eabi/9.3.1/../../../../arm-none-eabi/lib/thumb/v7e-m+fp/hard\libnosys.a
END GROUP
LOAD c:/st/stm32cubeide_1.8.0/stm32cubeide/plugins/com.st.stm32cube.ide.mcu.externaltools.gnu-tools-for-stm32.9-2020-q2-update.win32_2.0.0.202105311346/tools/bin/../lib/gcc/arm-none-eabi/9.3.1/thumb/v7e-m+fp/hard/crtend.o
LOAD c:/st/stm32cubeide_1.8.0/stm32cubeide/plugins/com.st.stm32cube.ide.mcu.externaltools.gnu-tools-for-stm32.9-2020-q2-update.win32_2.0.0.202105311346/tools/bin/../lib/gcc/arm-none-eabi/9.3.1/thumb/v7e-m+fp/hard/crtn.o
                0x0000000020018000                _estack = (ORIGIN (RAM) + LENGTH (RAM))
                0x0000000000000200                _Min_Heap_Size = 0x200
                0x0000000000000400                _Min_Stack_Size = 0x400

.isr_vector     0x0000000008000000      0x194
                0x0000000008000000                . = ALIGN (0x4)
 *(.isr_vector)
 .isr_vector    0x0000000008000000      0x194 ./Startup/startup_stm32f401retx.o
                0x0000000008000000                g_pfnVectors
                0x0000000008000194                . = ALIGN (0x4)

.text           0x00000000080001a0     0x7940
                0x00000000080001a0                . = ALIGN (0x4)
 *(.text)
 .text          0x00000000080001a0       0x40 c:/st/stm32cubeide_1.8.0/stm32cubeide/plugins/com.st.stm32cube.ide.mcu.externaltools.gnu-tools-for-stm32.9-2020-q2-update.win32_2.0.0.202105311346/tools/bin/../lib/gcc/arm-none-eabi/9.3.1/thumb/v7e-m+fp/hard/crtbegin.o
 .text          0x00000000080001e0       0xa0 c:/st/stm32cubeide_1.8.0/stm32cubeide/plugins/com.st.stm32cube.ide.mcu.externaltools.gnu-tools-for-stm32.9-2020-q2-update.win32_2.0.0.202105311346/tools/bin/../lib/gcc/arm-none-eabi/9.3.1/../../../../arm-none-eabi/lib/thumb/v7e-m+fp/hard\libc_nano.a(lib_a-memchr.o)
                0x00000000080001e0                memchr
 *(.text*)
 .text.main     0x0000000008000280       0xdc ./Src/main.o
                0x0000000008000280                main
 .text.AppInitCommon
                0x000000000800035c       0xb4 ./Src/main.o
                0x000000000800035c                AppInitCommon
 .text.AppStateManager
                0x0000000008000410       0x4c ./Src/main.o
 .text.SetStateApp
                0x000000000800045c       0x20 ./Src/main.o
 .text.GetStateApp
                0x000000000800047c       0x18 ./Src/main.o
 .text.LoadConfiguration
                0x0000000008000494       0x90 ./Src/main.o
                0x0000000008000494                LoadConfiguration
 .text.DeviceStateMachine
                0x0000000008000524      0x3a8 ./Src/main.o
                0x0000000008000524                DeviceStateMachine
 .text.LedCmdSetState
                0x00000000080008cc       0x3a ./Src/main.o
                0x00000000080008cc                LedCmdSetState
 *fill*         0x0000000008000906        0x2 
 .text.BuzzerCmdSetState
                0x0000000008000908       0x38 ./Src/main.o
                0x0000000008000908                BuzzerCmdSetState
 .text.LcdCmdSetState
                0x0000000008000940       0x50 ./Src/main.o
                0x0000000008000940                LcdCmdSetState
 .text.ButtonSetState
                0x0000000008000990      0x19c ./Src/main.o
                0x0000000008000990                ButtonSetState
 .text.Task_multiSensorScan
                0x0000000008000b2c      0x114 ./Src/main.o
                0x0000000008000b2c                Task_multiSensorScan
 .text.MultiSensorScan
                0x0000000008000c40       0x74 ./Src/main.o
                0x0000000008000c40                MultiSensorScan
 .text.change_led_green
                0x0000000008000cb4      0x108 ./Src/main.o
                0x0000000008000cb4                change_led_green
 .text._sbrk    0x0000000008000dbc       0x6c ./Src/sysmem.o
                0x0000000008000dbc                _sbrk
 .text.Reset_Handler
                0x0000000008000e28       0x50 ./Startup/startup_stm32f401retx.o
                0x0000000008000e28                Reset_Handler
 .text.Default_Handler
                0x0000000008000e78        0x2 ./Startup/startup_stm32f401retx.o
                0x0000000008000e78                EXTI2_IRQHandler
                0x0000000008000e78                DebugMon_Handler
                0x0000000008000e78                SPI4_IRQHandler
                0x0000000008000e78                TIM1_CC_IRQHandler
                0x0000000008000e78                HardFault_Handler
                0x0000000008000e78                SDIO_IRQHandler
                0x0000000008000e78                TAMP_STAMP_IRQHandler
                0x0000000008000e78                PendSV_Handler
                0x0000000008000e78                NMI_Handler
                0x0000000008000e78                EXTI3_IRQHandler
                0x0000000008000e78                TIM1_UP_TIM10_IRQHandler
                0x0000000008000e78                I2C3_ER_IRQHandler
                0x0000000008000e78                EXTI18_OTG_FS_WKUP_IRQHandler
                0x0000000008000e78                EXTI0_IRQHandler
                0x0000000008000e78                I2C2_EV_IRQHandler
                0x0000000008000e78                FPU_IRQHandler
                0x0000000008000e78                UsageFault_Handler
                0x0000000008000e78                SPI1_IRQHandler
                0x0000000008000e78                TIM1_BRK_TIM9_IRQHandler
                0x0000000008000e78                USART6_IRQHandler
                0x0000000008000e78                TIM4_IRQHandler
                0x0000000008000e78                I2C1_EV_IRQHandler
                0x0000000008000e78                TIM3_IRQHandler
                0x0000000008000e78                RCC_IRQHandler
                0x0000000008000e78                Default_Handler
                0x0000000008000e78                EXTI15_10_IRQHandler
                0x0000000008000e78                ADC_IRQHandler
                0x0000000008000e78                TIM5_IRQHandler
                0x0000000008000e78                I2C3_EV_IRQHandler
                0x0000000008000e78                EXTI9_5_IRQHandler
                0x0000000008000e78                SPI2_IRQHandler
                0x0000000008000e78                MemManage_Handler
                0x0000000008000e78                SVC_Handler
                0x0000000008000e78                EXTI4_IRQHandler
                0x0000000008000e78                EXTI22_RTC_WKUP_IRQHandler
                0x0000000008000e78                TIM2_IRQHandler
                0x0000000008000e78                EXTI16_PVD_IRQHandler
                0x0000000008000e78                TIM1_TRG_COM_TIM11_IRQHandler
                0x0000000008000e78                EXTI1_IRQHandler
                0x0000000008000e78                EXTI17_RTC_Alarm_IRQHandler
                0x0000000008000e78                I2C2_ER_IRQHandler
                0x0000000008000e78                FLASH_IRQHandler
                0x0000000008000e78                BusFault_Handler
                0x0000000008000e78                USART1_IRQHandler
                0x0000000008000e78                OTG_FS_IRQHandler
                0x0000000008000e78                SPI3_IRQHandler
                0x0000000008000e78                I2C1_ER_IRQHandler
 *fill*         0x0000000008000e7a        0x2 
 .text.SystemInit
                0x0000000008000e7c       0x6c C:\Users\Dung\Desktop\SDK_1.0.3_NUCLEO-F401RE\lib_stm\libLibraries.a(system_stm32f4xx.o)
                0x0000000008000e7c                SystemInit
 .text.SystemCoreClockUpdate
                0x0000000008000ee8       0xf8 C:\Users\Dung\Desktop\SDK_1.0.3_NUCLEO-F401RE\lib_stm\libLibraries.a(system_stm32f4xx.o)
                0x0000000008000ee8                SystemCoreClockUpdate
 .text.SetSysClock
                0x0000000008000fe0       0xa0 C:\Users\Dung\Desktop\SDK_1.0.3_NUCLEO-F401RE\lib_stm\libLibraries.a(system_stm32f4xx.o)
 .text.EventButton_Init
                0x0000000008001080       0x6c C:\Users\Dung\Desktop\SDK_1.0.3_NUCLEO-F401RE\lib_stm\libLibraries.a(eventbutton.o)
                0x0000000008001080                EventButton_Init
 .text.ButtonProcessEventEdge
                0x00000000080010ec       0x34 C:\Users\Dung\Desktop\SDK_1.0.3_NUCLEO-F401RE\lib_stm\libLibraries.a(eventbutton.o)
 .text.ButtonProcessEventPress
                0x0000000008001120       0x48 C:\Users\Dung\Desktop\SDK_1.0.3_NUCLEO-F401RE\lib_stm\libLibraries.a(eventbutton.o)
 .text.ButtonProcessEventHold
                0x0000000008001168       0x5e C:\Users\Dung\Desktop\SDK_1.0.3_NUCLEO-F401RE\lib_stm\libLibraries.a(eventbutton.o)
 .text.ButtonProcessEventRelease
                0x00000000080011c6       0x5e C:\Users\Dung\Desktop\SDK_1.0.3_NUCLEO-F401RE\lib_stm\libLibraries.a(eventbutton.o)
 .text.BuzzerControl_Init
                0x0000000008001224       0x2c C:\Users\Dung\Desktop\SDK_1.0.3_NUCLEO-F401RE\lib_stm\libLibraries.a(buzzer.o)
                0x0000000008001224                BuzzerControl_Init
 .text.BuzzOff  0x0000000008001250       0x58 C:\Users\Dung\Desktop\SDK_1.0.3_NUCLEO-F401RE\lib_stm\libLibraries.a(buzzer.o)
 .text.BuzzPlay
                0x00000000080012a8       0x98 C:\Users\Dung\Desktop\SDK_1.0.3_NUCLEO-F401RE\lib_stm\libLibraries.a(buzzer.o)
 .text.BuzzerControl_SetMelody
                0x0000000008001340       0x3c C:\Users\Dung\Desktop\SDK_1.0.3_NUCLEO-F401RE\lib_stm\libLibraries.a(buzzer.o)
                0x0000000008001340                BuzzerControl_SetMelody
 .text.BuzzerControl_SendPacketRespond
                0x000000000800137c       0x2a C:\Users\Dung\Desktop\SDK_1.0.3_NUCLEO-F401RE\lib_stm\libLibraries.a(buzzer.o)
                0x000000000800137c                BuzzerControl_SendPacketRespond
 *fill*         0x00000000080013a6        0x2 
 .text.BUZZTIM_InitTimer
                0x00000000080013a8       0x50 C:\Users\Dung\Desktop\SDK_1.0.3_NUCLEO-F401RE\lib_stm\libLibraries.a(buzzer.o)
 .text.BUZZTIM_InitPWMChannel
                0x00000000080013f8       0x90 C:\Users\Dung\Desktop\SDK_1.0.3_NUCLEO-F401RE\lib_stm\libLibraries.a(buzzer.o)
 .text.BuzzerControl_SetDutyCycle
                0x0000000008001488       0x3c C:\Users\Dung\Desktop\SDK_1.0.3_NUCLEO-F401RE\lib_stm\libLibraries.a(buzzer.o)
                0x0000000008001488                BuzzerControl_SetDutyCycle
 .text.BuzzerControl_SetPreriod
                0x00000000080014c4       0x20 C:\Users\Dung\Desktop\SDK_1.0.3_NUCLEO-F401RE\lib_stm\libLibraries.a(buzzer.o)
                0x00000000080014c4                BuzzerControl_SetPreriod
 .text.LedControl_Init
                0x00000000080014e4       0x10 C:\Users\Dung\Desktop\SDK_1.0.3_NUCLEO-F401RE\lib_stm\libLibraries.a(led.o)
                0x00000000080014e4                LedControl_Init
 .text.LedControl_SetColorIndividual
                0x00000000080014f4       0xf8 C:\Users\Dung\Desktop\SDK_1.0.3_NUCLEO-F401RE\lib_stm\libLibraries.a(led.o)
                0x00000000080014f4                LedControl_SetColorIndividual
 .text.LedControl_SetColorGeneral
                0x00000000080015ec      0x128 C:\Users\Dung\Desktop\SDK_1.0.3_NUCLEO-F401RE\lib_stm\libLibraries.a(led.o)
                0x00000000080015ec                LedControl_SetColorGeneral
 .text.LedGetAllLastState
                0x0000000008001714        0xe C:\Users\Dung\Desktop\SDK_1.0.3_NUCLEO-F401RE\lib_stm\libLibraries.a(led.o)
 *fill*         0x0000000008001722        0x2 
 .text.LedToggle
                0x0000000008001724       0x9c C:\Users\Dung\Desktop\SDK_1.0.3_NUCLEO-F401RE\lib_stm\libLibraries.a(led.o)
 .text.pFuncBlink
                0x00000000080017c0       0xb0 C:\Users\Dung\Desktop\SDK_1.0.3_NUCLEO-F401RE\lib_stm\libLibraries.a(led.o)
 .text.BlinkStop
                0x0000000008001870       0x78 C:\Users\Dung\Desktop\SDK_1.0.3_NUCLEO-F401RE\lib_stm\libLibraries.a(led.o)
 .text.LedControl_BlinkStart
                0x00000000080018e8       0x7c C:\Users\Dung\Desktop\SDK_1.0.3_NUCLEO-F401RE\lib_stm\libLibraries.a(led.o)
                0x00000000080018e8                LedControl_BlinkStart
 .text.LedControl_SetAllColor
                0x0000000008001964       0x36 C:\Users\Dung\Desktop\SDK_1.0.3_NUCLEO-F401RE\lib_stm\libLibraries.a(led.o)
                0x0000000008001964                LedControl_SetAllColor
 .text.LedControl_SendPacketRespond
                0x000000000800199a       0x3a C:\Users\Dung\Desktop\SDK_1.0.3_NUCLEO-F401RE\lib_stm\libLibraries.a(led.o)
                0x000000000800199a                LedControl_SendPacketRespond
 .text.LEDGPIO_Config
                0x00000000080019d4       0x94 C:\Users\Dung\Desktop\SDK_1.0.3_NUCLEO-F401RE\lib_stm\libLibraries.a(led.o)
 .text.LEDTIM_Config
                0x0000000008001a68       0xec C:\Users\Dung\Desktop\SDK_1.0.3_NUCLEO-F401RE\lib_stm\libLibraries.a(led.o)
 .text.EventSchedulerInit
                0x0000000008001b54       0x38 C:\Users\Dung\Desktop\SDK_1.0.3_NUCLEO-F401RE\lib_stm\libLibraries.a(eventman.o)
                0x0000000008001b54                EventSchedulerInit
 .text.EventSchedulerAdd
                0x0000000008001b8c       0x2c C:\Users\Dung\Desktop\SDK_1.0.3_NUCLEO-F401RE\lib_stm\libLibraries.a(eventman.o)
                0x0000000008001b8c                EventSchedulerAdd
 .text.processEventScheduler
                0x0000000008001bb8       0x38 C:\Users\Dung\Desktop\SDK_1.0.3_NUCLEO-F401RE\lib_stm\libLibraries.a(eventman.o)
                0x0000000008001bb8                processEventScheduler
 .text.NVIC_SetPriority
                0x0000000008001bf0       0x54 C:\Users\Dung\Desktop\SDK_1.0.3_NUCLEO-F401RE\lib_stm\libLibraries.a(timer.o)
 .text.SysTick_Config
                0x0000000008001c44       0x44 C:\Users\Dung\Desktop\SDK_1.0.3_NUCLEO-F401RE\lib_stm\libLibraries.a(timer.o)
 .text.TimerInit
                0x0000000008001c88       0x44 C:\Users\Dung\Desktop\SDK_1.0.3_NUCLEO-F401RE\lib_stm\libLibraries.a(timer.o)
                0x0000000008001c88                TimerInit
 .text.TimerStart
                0x0000000008001ccc       0xc4 C:\Users\Dung\Desktop\SDK_1.0.3_NUCLEO-F401RE\lib_stm\libLibraries.a(timer.o)
                0x0000000008001ccc                TimerStart
 .text.TimerChangePeriod
                0x0000000008001d90       0x38 C:\Users\Dung\Desktop\SDK_1.0.3_NUCLEO-F401RE\lib_stm\libLibraries.a(timer.o)
                0x0000000008001d90                TimerChangePeriod
 .text.TimerStop
                0x0000000008001dc8       0xa0 C:\Users\Dung\Desktop\SDK_1.0.3_NUCLEO-F401RE\lib_stm\libLibraries.a(timer.o)
                0x0000000008001dc8                TimerStop
 .text.GetMilSecTick
                0x0000000008001e68       0x18 C:\Users\Dung\Desktop\SDK_1.0.3_NUCLEO-F401RE\lib_stm\libLibraries.a(timer.o)
                0x0000000008001e68                GetMilSecTick
 .text.processTimerScheduler
                0x0000000008001e80       0xf0 C:\Users\Dung\Desktop\SDK_1.0.3_NUCLEO-F401RE\lib_stm\libLibraries.a(timer.o)
                0x0000000008001e80                processTimerScheduler
 .text.TimeExpired
                0x0000000008001f70       0xcc C:\Users\Dung\Desktop\SDK_1.0.3_NUCLEO-F401RE\lib_stm\libLibraries.a(timer.o)
 .text.SysTick_Handler
                0x000000000800203c       0x1c C:\Users\Dung\Desktop\SDK_1.0.3_NUCLEO-F401RE\lib_stm\libLibraries.a(timer.o)
                0x000000000800203c                SysTick_Handler
 .text.LightSensor_Init
                0x0000000008002058      0x160 C:\Users\Dung\Desktop\SDK_1.0.3_NUCLEO-F401RE\lib_stm\libLibraries.a(lightsensor.o)
                0x0000000008002058                LightSensor_Init
 .text.LightSensor_MeasureUseDMAMode
                0x00000000080021b8       0x18 C:\Users\Dung\Desktop\SDK_1.0.3_NUCLEO-F401RE\lib_stm\libLibraries.a(lightsensor.o)
                0x00000000080021b8                LightSensor_MeasureUseDMAMode
 .text.LightSensor_SendPacketRespond
                0x00000000080021d0       0x36 C:\Users\Dung\Desktop\SDK_1.0.3_NUCLEO-F401RE\lib_stm\libLibraries.a(lightsensor.o)
                0x00000000080021d0                LightSensor_SendPacketRespond
 .text.TemHumSensor_Init
                0x0000000008002206        0xc C:\Users\Dung\Desktop\SDK_1.0.3_NUCLEO-F401RE\lib_stm\libLibraries.a(temhumsensor.o)
                0x0000000008002206                TemHumSensor_Init
 .text.TempSensor_SendPacketRespond
                0x0000000008002212       0x36 C:\Users\Dung\Desktop\SDK_1.0.3_NUCLEO-F401RE\lib_stm\libLibraries.a(temhumsensor.o)
                0x0000000008002212                TempSensor_SendPacketRespond
 .text.HumiSensor_SendPacketRespond
                0x0000000008002248       0x36 C:\Users\Dung\Desktop\SDK_1.0.3_NUCLEO-F401RE\lib_stm\libLibraries.a(temhumsensor.o)
                0x0000000008002248                HumiSensor_SendPacketRespond
 *fill*         0x000000000800227e        0x2 
 .text.TemHumSensor_GetTemp
                0x0000000008002280       0x7c C:\Users\Dung\Desktop\SDK_1.0.3_NUCLEO-F401RE\lib_stm\libLibraries.a(temhumsensor.o)
                0x0000000008002280                TemHumSensor_GetTemp
 .text.TemHumSensor_GetHumi
                0x00000000080022fc       0x78 C:\Users\Dung\Desktop\SDK_1.0.3_NUCLEO-F401RE\lib_stm\libLibraries.a(temhumsensor.o)
                0x00000000080022fc                TemHumSensor_GetHumi
 .text.CalculateCRC8
                0x0000000008002374       0x86 C:\Users\Dung\Desktop\SDK_1.0.3_NUCLEO-F401RE\lib_stm\libLibraries.a(temhumsensor.o)
 *fill*         0x00000000080023fa        0x2 
 .text.i2c_config
                0x00000000080023fc       0x94 C:\Users\Dung\Desktop\SDK_1.0.3_NUCLEO-F401RE\lib_stm\libLibraries.a(temhumsensor.o)
                0x00000000080023fc                i2c_config
 .text.i2c_read_reg_expand
                0x0000000008002490       0xac C:\Users\Dung\Desktop\SDK_1.0.3_NUCLEO-F401RE\lib_stm\libLibraries.a(temhumsensor.o)
                0x0000000008002490                i2c_read_reg_expand
 .text.i2c_start
                0x000000000800253c       0x3c C:\Users\Dung\Desktop\SDK_1.0.3_NUCLEO-F401RE\lib_stm\libLibraries.a(temhumsensor.o)
                0x000000000800253c                i2c_start
 .text.i2c_stop
                0x0000000008002578       0x14 C:\Users\Dung\Desktop\SDK_1.0.3_NUCLEO-F401RE\lib_stm\libLibraries.a(temhumsensor.o)
                0x0000000008002578                i2c_stop
 .text.i2c_address_direction
                0x000000000800258c       0x60 C:\Users\Dung\Desktop\SDK_1.0.3_NUCLEO-F401RE\lib_stm\libLibraries.a(temhumsensor.o)
                0x000000000800258c                i2c_address_direction
 .text.i2c_transmit
                0x00000000080025ec       0x34 C:\Users\Dung\Desktop\SDK_1.0.3_NUCLEO-F401RE\lib_stm\libLibraries.a(temhumsensor.o)
                0x00000000080025ec                i2c_transmit
 .text.i2c_receive_ack
                0x0000000008002620       0x30 C:\Users\Dung\Desktop\SDK_1.0.3_NUCLEO-F401RE\lib_stm\libLibraries.a(temhumsensor.o)
                0x0000000008002620                i2c_receive_ack
 .text.i2c_receive_nack
                0x0000000008002650       0x30 C:\Users\Dung\Desktop\SDK_1.0.3_NUCLEO-F401RE\lib_stm\libLibraries.a(temhumsensor.o)
                0x0000000008002650                i2c_receive_nack
 .text.TimerGetCurrentTime
                0x0000000008002680       0x1a C:\Users\Dung\Desktop\SDK_1.0.3_NUCLEO-F401RE\lib_stm\libLibraries.a(serial.o)
 .text.TimerGetElapsedTime
                0x000000000800269a       0x1a C:\Users\Dung\Desktop\SDK_1.0.3_NUCLEO-F401RE\lib_stm\libLibraries.a(serial.o)
 .text.Serial_Init
                0x00000000080026b4       0x40 C:\Users\Dung\Desktop\SDK_1.0.3_NUCLEO-F401RE\lib_stm\libLibraries.a(serial.o)
                0x00000000080026b4                Serial_Init
 .text.SerialHandleEventCallback
                0x00000000080026f4       0x20 C:\Users\Dung\Desktop\SDK_1.0.3_NUCLEO-F401RE\lib_stm\libLibraries.a(serial.o)
                0x00000000080026f4                SerialHandleEventCallback
 .text.PollRxBuff
                0x0000000008002714      0x154 C:\Users\Dung\Desktop\SDK_1.0.3_NUCLEO-F401RE\lib_stm\libLibraries.a(serial.o)
 .text.SendACK  0x0000000008002868        0xe C:\Users\Dung\Desktop\SDK_1.0.3_NUCLEO-F401RE\lib_stm\libLibraries.a(serial.o)
                0x0000000008002868                SendACK
 .text.SendNACK
                0x0000000008002876        0xe C:\Users\Dung\Desktop\SDK_1.0.3_NUCLEO-F401RE\lib_stm\libLibraries.a(serial.o)
                0x0000000008002876                SendNACK
 .text.processSerialReceiver
                0x0000000008002884       0x78 C:\Users\Dung\Desktop\SDK_1.0.3_NUCLEO-F401RE\lib_stm\libLibraries.a(serial.o)
                0x0000000008002884                processSerialReceiver
 .text.Serial_SendPacket
                0x00000000080028fc      0x188 C:\Users\Dung\Desktop\SDK_1.0.3_NUCLEO-F401RE\lib_stm\libLibraries.a(serial.o)
                0x00000000080028fc                Serial_SendPacket
 .text.CalculateCheckXOR
                0x0000000008002a84       0x42 C:\Users\Dung\Desktop\SDK_1.0.3_NUCLEO-F401RE\lib_stm\libLibraries.a(serial.o)
 *fill*         0x0000000008002ac6        0x2 
 .text.UART_RegBufferRx
                0x0000000008002ac8       0x28 C:\Users\Dung\Desktop\SDK_1.0.3_NUCLEO-F401RE\lib_stm\libLibraries.a(serial.o)
                0x0000000008002ac8                UART_RegBufferRx
 .text.UART_Init
                0x0000000008002af0       0xec C:\Users\Dung\Desktop\SDK_1.0.3_NUCLEO-F401RE\lib_stm\libLibraries.a(serial.o)
                0x0000000008002af0                UART_Init
 .text.USART2_IRQHandler
                0x0000000008002bdc       0x50 C:\Users\Dung\Desktop\SDK_1.0.3_NUCLEO-F401RE\lib_stm\libLibraries.a(serial.o)
                0x0000000008002bdc                USART2_IRQHandler
 .text.EventSerial_Init
                0x0000000008002c2c       0x18 C:\Users\Dung\Desktop\SDK_1.0.3_NUCLEO-F401RE\lib_stm\libLibraries.a(uartcmd.o)
                0x0000000008002c2c                EventSerial_Init
 .text.EventSerial_SetEventLedCallback
                0x0000000008002c44       0x20 C:\Users\Dung\Desktop\SDK_1.0.3_NUCLEO-F401RE\lib_stm\libLibraries.a(uartcmd.o)
                0x0000000008002c44                EventSerial_SetEventLedCallback
 .text.EventSerial_SetEventButtonCallback
                0x0000000008002c64       0x20 C:\Users\Dung\Desktop\SDK_1.0.3_NUCLEO-F401RE\lib_stm\libLibraries.a(uartcmd.o)
                0x0000000008002c64                EventSerial_SetEventButtonCallback
 .text.EventSerial_SetEventBuzzerCallback
                0x0000000008002c84       0x20 C:\Users\Dung\Desktop\SDK_1.0.3_NUCLEO-F401RE\lib_stm\libLibraries.a(uartcmd.o)
                0x0000000008002c84                EventSerial_SetEventBuzzerCallback
 .text.EventSerial_SetEventLcdCallback
                0x0000000008002ca4       0x20 C:\Users\Dung\Desktop\SDK_1.0.3_NUCLEO-F401RE\lib_stm\libLibraries.a(uartcmd.o)
                0x0000000008002ca4                EventSerial_SetEventLcdCallback
 .text.procUartCmd
                0x0000000008002cc4       0x56 C:\Users\Dung\Desktop\SDK_1.0.3_NUCLEO-F401RE\lib_stm\libLibraries.a(uartcmd.o)
 *fill*         0x0000000008002d1a        0x2 
 .text.uartReceiveControlLed_Set
                0x0000000008002d1c       0x4c C:\Users\Dung\Desktop\SDK_1.0.3_NUCLEO-F401RE\lib_stm\libLibraries.a(uartcmd.o)
                0x0000000008002d1c                uartReceiveControlLed_Set
 .text.processUartReceiveCommand_ControlLed
                0x0000000008002d68       0x26 C:\Users\Dung\Desktop\SDK_1.0.3_NUCLEO-F401RE\lib_stm\libLibraries.a(uartcmd.o)
 *fill*         0x0000000008002d8e        0x2 
 .text.uartReceiveControlBuzzer_Set
                0x0000000008002d90       0x40 C:\Users\Dung\Desktop\SDK_1.0.3_NUCLEO-F401RE\lib_stm\libLibraries.a(uartcmd.o)
                0x0000000008002d90                uartReceiveControlBuzzer_Set
 .text.processUartReceiveCommand_ControlBuzzer
                0x0000000008002dd0       0x26 C:\Users\Dung\Desktop\SDK_1.0.3_NUCLEO-F401RE\lib_stm\libLibraries.a(uartcmd.o)
 *fill*         0x0000000008002df6        0x2 
 .text.uartReceiveControlButton_Set
                0x0000000008002df8       0x44 C:\Users\Dung\Desktop\SDK_1.0.3_NUCLEO-F401RE\lib_stm\libLibraries.a(uartcmd.o)
                0x0000000008002df8                uartReceiveControlButton_Set
 .text.processUartReceiveCommand_ControlButton
                0x0000000008002e3c       0x26 C:\Users\Dung\Desktop\SDK_1.0.3_NUCLEO-F401RE\lib_stm\libLibraries.a(uartcmd.o)
 *fill*         0x0000000008002e62        0x2 
 .text.uartReceiveControlLcd_Set
                0x0000000008002e64       0x58 C:\Users\Dung\Desktop\SDK_1.0.3_NUCLEO-F401RE\lib_stm\libLibraries.a(uartcmd.o)
                0x0000000008002e64                uartReceiveControlLcd_Set
 .text.processUartReceiveCommand_ControlLcd
                0x0000000008002ebc       0x26 C:\Users\Dung\Desktop\SDK_1.0.3_NUCLEO-F401RE\lib_stm\libLibraries.a(uartcmd.o)
 .text.delayMicroseconds
                0x0000000008002ee2       0x14 C:\Users\Dung\Desktop\SDK_1.0.3_NUCLEO-F401RE\lib_stm\libLibraries.a(Ucglib.o)
 *fill*         0x0000000008002ef6        0x2 
 .text.ucg_gpio_init
                0x0000000008002ef8       0x60 C:\Users\Dung\Desktop\SDK_1.0.3_NUCLEO-F401RE\lib_stm\libLibraries.a(Ucglib.o)
 .text.ucg_com_arduino_send_generic_SW_SPI
                0x0000000008002f58       0x74 C:\Users\Dung\Desktop\SDK_1.0.3_NUCLEO-F401RE\lib_stm\libLibraries.a(Ucglib.o)
 .text.ucg_com_arduino_generic_SW_SPI
                0x0000000008002fcc      0x1ec C:\Users\Dung\Desktop\SDK_1.0.3_NUCLEO-F401RE\lib_stm\libLibraries.a(Ucglib.o)
 .text.Ucglib4WireSWSPI_begin
                0x00000000080031b8       0x38 C:\Users\Dung\Desktop\SDK_1.0.3_NUCLEO-F401RE\lib_stm\libLibraries.a(Ucglib.o)
                0x00000000080031b8                Ucglib4WireSWSPI_begin
 .text.ucg_DrawBox
                0x00000000080031f0       0x56 C:\Users\Dung\Desktop\SDK_1.0.3_NUCLEO-F401RE\lib_stm\libLibraries.a(ucg_box.o)
                0x00000000080031f0                ucg_DrawBox
 .text.ucg_ClearScreen
                0x0000000008003246       0x50 C:\Users\Dung\Desktop\SDK_1.0.3_NUCLEO-F401RE\lib_stm\libLibraries.a(ucg_box.o)
                0x0000000008003246                ucg_ClearScreen
 .text.ucg_ccs_init
                0x0000000008003296       0xc0 C:\Users\Dung\Desktop\SDK_1.0.3_NUCLEO-F401RE\lib_stm\libLibraries.a(ucg_ccs.o)
                0x0000000008003296                ucg_ccs_init
 .text.ucg_ccs_step
                0x0000000008003356       0x80 C:\Users\Dung\Desktop\SDK_1.0.3_NUCLEO-F401RE\lib_stm\libLibraries.a(ucg_ccs.o)
                0x0000000008003356                ucg_ccs_step
 .text.ucg_ccs_seek
                0x00000000080033d6       0xca C:\Users\Dung\Desktop\SDK_1.0.3_NUCLEO-F401RE\lib_stm\libLibraries.a(ucg_ccs.o)
                0x00000000080033d6                ucg_ccs_seek
 .text.ucg_dev_default_cb
                0x00000000080034a0       0x44 C:\Users\Dung\Desktop\SDK_1.0.3_NUCLEO-F401RE\lib_stm\libLibraries.a(ucg_dev_default_cb.o)
                0x00000000080034a0                ucg_dev_default_cb
 .text.ucg_ext_none
                0x00000000080034e4       0x1c C:\Users\Dung\Desktop\SDK_1.0.3_NUCLEO-F401RE\lib_stm\libLibraries.a(ucg_dev_default_cb.o)
                0x00000000080034e4                ucg_ext_none
 .text.ucg_handle_st7735_l90fx
                0x0000000008003500       0xd8 C:\Users\Dung\Desktop\SDK_1.0.3_NUCLEO-F401RE\lib_stm\libLibraries.a(ucg_dev_ic_st7735.o)
                0x0000000008003500                ucg_handle_st7735_l90fx
 .text.ucg_handle_st7735_l90se
                0x00000000080035d8      0x154 C:\Users\Dung\Desktop\SDK_1.0.3_NUCLEO-F401RE\lib_stm\libLibraries.a(ucg_dev_ic_st7735.o)
                0x00000000080035d8                ucg_handle_st7735_l90se
 .text.ucg_dev_ic_st7735_18
                0x000000000800372c       0xf8 C:\Users\Dung\Desktop\SDK_1.0.3_NUCLEO-F401RE\lib_stm\libLibraries.a(ucg_dev_ic_st7735.o)
                0x000000000800372c                ucg_dev_ic_st7735_18
 .text.ucg_ext_st7735_18
                0x0000000008003824       0x28 C:\Users\Dung\Desktop\SDK_1.0.3_NUCLEO-F401RE\lib_stm\libLibraries.a(ucg_dev_ic_st7735.o)
                0x0000000008003824                ucg_ext_st7735_18
 .text.ucg_PowerDown
                0x000000000800384c       0x34 C:\Users\Dung\Desktop\SDK_1.0.3_NUCLEO-F401RE\lib_stm\libLibraries.a(ucg_dev_msg_api.o)
                0x000000000800384c                ucg_PowerDown
 .text.ucg_PowerUp
                0x0000000008003880       0x3c C:\Users\Dung\Desktop\SDK_1.0.3_NUCLEO-F401RE\lib_stm\libLibraries.a(ucg_dev_msg_api.o)
                0x0000000008003880                ucg_PowerUp
 .text.ucg_SetClipBox
                0x00000000080038bc       0x1e C:\Users\Dung\Desktop\SDK_1.0.3_NUCLEO-F401RE\lib_stm\libLibraries.a(ucg_dev_msg_api.o)
                0x00000000080038bc                ucg_SetClipBox
 .text.ucg_SetMaxClipRange
                0x00000000080038da       0x30 C:\Users\Dung\Desktop\SDK_1.0.3_NUCLEO-F401RE\lib_stm\libLibraries.a(ucg_dev_msg_api.o)
                0x00000000080038da                ucg_SetMaxClipRange
 .text.ucg_GetDimension
                0x000000000800390a       0x24 C:\Users\Dung\Desktop\SDK_1.0.3_NUCLEO-F401RE\lib_stm\libLibraries.a(ucg_dev_msg_api.o)
                0x000000000800390a                ucg_GetDimension
 .text.ucg_DrawL90FXWithArg
                0x000000000800392e       0x1e C:\Users\Dung\Desktop\SDK_1.0.3_NUCLEO-F401RE\lib_stm\libLibraries.a(ucg_dev_msg_api.o)
                0x000000000800392e                ucg_DrawL90FXWithArg
 .text.ucg_dev_st7735_18x128x128
                0x000000000800394c       0x80 C:\Users\Dung\Desktop\SDK_1.0.3_NUCLEO-F401RE\lib_stm\libLibraries.a(ucg_dev_tft_128x128_st7735.o)
                0x000000000800394c                ucg_dev_st7735_18x128x128
 .text.ucg_font_get_byte
                0x00000000080039cc       0x24 C:\Users\Dung\Desktop\SDK_1.0.3_NUCLEO-F401RE\lib_stm\libLibraries.a(ucg_font.o)
 .text.ucg_font_get_word
                0x00000000080039f0       0x40 C:\Users\Dung\Desktop\SDK_1.0.3_NUCLEO-F401RE\lib_stm\libLibraries.a(ucg_font.o)
 .text.ucg_read_font_info
                0x0000000008003a30      0x142 C:\Users\Dung\Desktop\SDK_1.0.3_NUCLEO-F401RE\lib_stm\libLibraries.a(ucg_font.o)
                0x0000000008003a30                ucg_read_font_info
 .text.ucg_font_decode_get_unsigned_bits
                0x0000000008003b72       0x96 C:\Users\Dung\Desktop\SDK_1.0.3_NUCLEO-F401RE\lib_stm\libLibraries.a(ucg_font.o)
                0x0000000008003b72                ucg_font_decode_get_unsigned_bits
 .text.ucg_font_decode_get_signed_bits
                0x0000000008003c08       0x46 C:\Users\Dung\Desktop\SDK_1.0.3_NUCLEO-F401RE\lib_stm\libLibraries.a(ucg_font.o)
                0x0000000008003c08                ucg_font_decode_get_signed_bits
 .text.ucg_add_vector_y
                0x0000000008003c4e       0x7a C:\Users\Dung\Desktop\SDK_1.0.3_NUCLEO-F401RE\lib_stm\libLibraries.a(ucg_font.o)
 .text.ucg_add_vector_x
                0x0000000008003cc8       0x7a C:\Users\Dung\Desktop\SDK_1.0.3_NUCLEO-F401RE\lib_stm\libLibraries.a(ucg_font.o)
 .text.ucg_font_decode_len
                0x0000000008003d42      0x118 C:\Users\Dung\Desktop\SDK_1.0.3_NUCLEO-F401RE\lib_stm\libLibraries.a(ucg_font.o)
                0x0000000008003d42                ucg_font_decode_len
 .text.ucg_font_setup_decode
                0x0000000008003e5a       0x64 C:\Users\Dung\Desktop\SDK_1.0.3_NUCLEO-F401RE\lib_stm\libLibraries.a(ucg_font.o)
 .text.ucg_font_decode_glyph
                0x0000000008003ebe      0x14c C:\Users\Dung\Desktop\SDK_1.0.3_NUCLEO-F401RE\lib_stm\libLibraries.a(ucg_font.o)
                0x0000000008003ebe                ucg_font_decode_glyph
 .text.ucg_font_get_glyph_data
                0x000000000800400a       0x7a C:\Users\Dung\Desktop\SDK_1.0.3_NUCLEO-F401RE\lib_stm\libLibraries.a(ucg_font.o)
                0x000000000800400a                ucg_font_get_glyph_data
 .text.ucg_font_draw_glyph
                0x0000000008004084       0x62 C:\Users\Dung\Desktop\SDK_1.0.3_NUCLEO-F401RE\lib_stm\libLibraries.a(ucg_font.o)
                0x0000000008004084                ucg_font_draw_glyph
 .text.ucg_SetFontMode
                0x00000000080040e6       0x20 C:\Users\Dung\Desktop\SDK_1.0.3_NUCLEO-F401RE\lib_stm\libLibraries.a(ucg_font.o)
                0x00000000080040e6                ucg_SetFontMode
 *fill*         0x0000000008004106        0x2 
 .text.ucg_DrawGlyph
                0x0000000008004108       0xb0 C:\Users\Dung\Desktop\SDK_1.0.3_NUCLEO-F401RE\lib_stm\libLibraries.a(ucg_font.o)
                0x0000000008004108                ucg_DrawGlyph
 .text.task_drawString
                0x00000000080041b8      0x138 C:\Users\Dung\Desktop\SDK_1.0.3_NUCLEO-F401RE\lib_stm\libLibraries.a(ucg_font.o)
                0x00000000080041b8                task_drawString
 .text.ucg_DrawString
                0x00000000080042f0       0x78 C:\Users\Dung\Desktop\SDK_1.0.3_NUCLEO-F401RE\lib_stm\libLibraries.a(ucg_font.o)
                0x00000000080042f0                ucg_DrawString
 .text.ucg_UpdateRefHeight
                0x0000000008004368       0xd8 C:\Users\Dung\Desktop\SDK_1.0.3_NUCLEO-F401RE\lib_stm\libLibraries.a(ucg_font.o)
                0x0000000008004368                ucg_UpdateRefHeight
 .text.ucg_font_calc_vref_font
                0x0000000008004440       0x16 C:\Users\Dung\Desktop\SDK_1.0.3_NUCLEO-F401RE\lib_stm\libLibraries.a(ucg_font.o)
                0x0000000008004440                ucg_font_calc_vref_font
 *fill*         0x0000000008004456        0x2 
 .text.ucg_SetFontPosBaseline
                0x0000000008004458       0x20 C:\Users\Dung\Desktop\SDK_1.0.3_NUCLEO-F401RE\lib_stm\libLibraries.a(ucg_font.o)
                0x0000000008004458                ucg_SetFontPosBaseline
 .text.ucg_SetFont
                0x0000000008004478       0x4c C:\Users\Dung\Desktop\SDK_1.0.3_NUCLEO-F401RE\lib_stm\libLibraries.a(ucg_font.o)
                0x0000000008004478                ucg_SetFont
 .text.ucg_init_struct
                0x00000000080044c4       0x50 C:\Users\Dung\Desktop\SDK_1.0.3_NUCLEO-F401RE\lib_stm\libLibraries.a(ucg_init.o)
                0x00000000080044c4                ucg_init_struct
 .text.ucg_Init
                0x0000000008004514       0x5c C:\Users\Dung\Desktop\SDK_1.0.3_NUCLEO-F401RE\lib_stm\libLibraries.a(ucg_init.o)
                0x0000000008004514                ucg_Init
 .text.ucg_Draw90Line
                0x0000000008004570       0x88 C:\Users\Dung\Desktop\SDK_1.0.3_NUCLEO-F401RE\lib_stm\libLibraries.a(ucg_line.o)
                0x0000000008004570                ucg_Draw90Line
 .text.ucg_DrawHLine
                0x00000000080045f8       0x3e C:\Users\Dung\Desktop\SDK_1.0.3_NUCLEO-F401RE\lib_stm\libLibraries.a(ucg_line.o)
                0x00000000080045f8                ucg_DrawHLine
 .text.ucg_SetColor
                0x0000000008004636       0x5c C:\Users\Dung\Desktop\SDK_1.0.3_NUCLEO-F401RE\lib_stm\libLibraries.a(ucg_pixel.o)
                0x0000000008004636                ucg_SetColor
 .text.ucg_UndoRotate
                0x0000000008004692       0x32 C:\Users\Dung\Desktop\SDK_1.0.3_NUCLEO-F401RE\lib_stm\libLibraries.a(ucg_rotate.o)
                0x0000000008004692                ucg_UndoRotate
 .text.ucg_rotate_180_xy
                0x00000000080046c4       0x66 C:\Users\Dung\Desktop\SDK_1.0.3_NUCLEO-F401RE\lib_stm\libLibraries.a(ucg_rotate.o)
 *fill*         0x000000000800472a        0x2 
 .text.ucg_dev_rotate180
                0x000000000800472c      0x100 C:\Users\Dung\Desktop\SDK_1.0.3_NUCLEO-F401RE\lib_stm\libLibraries.a(ucg_rotate.o)
                0x000000000800472c                ucg_dev_rotate180
 .text.ucg_SetRotate180
                0x000000000800482c       0x34 C:\Users\Dung\Desktop\SDK_1.0.3_NUCLEO-F401RE\lib_stm\libLibraries.a(ucg_rotate.o)
                0x000000000800482c                ucg_SetRotate180
 .text.bufInit  0x0000000008004860       0x36 C:\Users\Dung\Desktop\SDK_1.0.3_NUCLEO-F401RE\lib_stm\libLibraries.a(buff.o)
                0x0000000008004860                bufInit
 .text.bufNumItems
                0x0000000008004896       0x18 C:\Users\Dung\Desktop\SDK_1.0.3_NUCLEO-F401RE\lib_stm\libLibraries.a(buff.o)
                0x0000000008004896                bufNumItems
 .text.bufIsFull
                0x00000000080048ae       0x26 C:\Users\Dung\Desktop\SDK_1.0.3_NUCLEO-F401RE\lib_stm\libLibraries.a(buff.o)
                0x00000000080048ae                bufIsFull
 .text.bufIsEmpty
                0x00000000080048d4       0x26 C:\Users\Dung\Desktop\SDK_1.0.3_NUCLEO-F401RE\lib_stm\libLibraries.a(buff.o)
                0x00000000080048d4                bufIsEmpty
 .text.bufFlush
                0x00000000080048fa       0x32 C:\Users\Dung\Desktop\SDK_1.0.3_NUCLEO-F401RE\lib_stm\libLibraries.a(buff.o)
                0x00000000080048fa                bufFlush
 .text.bufEnDat
                0x000000000800492c       0x9c C:\Users\Dung\Desktop\SDK_1.0.3_NUCLEO-F401RE\lib_stm\libLibraries.a(buff.o)
                0x000000000800492c                bufEnDat
 .text.bufDeDat
                0x00000000080049c8       0x84 C:\Users\Dung\Desktop\SDK_1.0.3_NUCLEO-F401RE\lib_stm\libLibraries.a(buff.o)
                0x00000000080049c8                bufDeDat
 .text.memsetl  0x0000000008004a4c       0x32 C:\Users\Dung\Desktop\SDK_1.0.3_NUCLEO-F401RE\lib_stm\libLibraries.a(utilities.o)
                0x0000000008004a4c                memsetl
 *fill*         0x0000000008004a7e        0x2 
 .text.NVIC_PriorityGroupConfig
                0x0000000008004a80       0x28 C:\Users\Dung\Desktop\SDK_1.0.3_NUCLEO-F401RE\lib_stm\libLibraries.a(misc.o)
                0x0000000008004a80                NVIC_PriorityGroupConfig
 .text.NVIC_Init
                0x0000000008004aa8       0xc4 C:\Users\Dung\Desktop\SDK_1.0.3_NUCLEO-F401RE\lib_stm\libLibraries.a(misc.o)
                0x0000000008004aa8                NVIC_Init
 .text.ADC_DeInit
                0x0000000008004b6c       0x1c C:\Users\Dung\Desktop\SDK_1.0.3_NUCLEO-F401RE\lib_stm\libLibraries.a(stm32f401re_adc.o)
                0x0000000008004b6c                ADC_DeInit
 .text.ADC_Init
                0x0000000008004b88       0xac C:\Users\Dung\Desktop\SDK_1.0.3_NUCLEO-F401RE\lib_stm\libLibraries.a(stm32f401re_adc.o)
                0x0000000008004b88                ADC_Init
 .text.ADC_CommonInit
                0x0000000008004c34       0x50 C:\Users\Dung\Desktop\SDK_1.0.3_NUCLEO-F401RE\lib_stm\libLibraries.a(stm32f401re_adc.o)
                0x0000000008004c34                ADC_CommonInit
 .text.ADC_Cmd  0x0000000008004c84       0x38 C:\Users\Dung\Desktop\SDK_1.0.3_NUCLEO-F401RE\lib_stm\libLibraries.a(stm32f401re_adc.o)
                0x0000000008004c84                ADC_Cmd
 .text.ADC_RegularChannelConfig
                0x0000000008004cbc      0x194 C:\Users\Dung\Desktop\SDK_1.0.3_NUCLEO-F401RE\lib_stm\libLibraries.a(stm32f401re_adc.o)
                0x0000000008004cbc                ADC_RegularChannelConfig
 .text.ADC_SoftwareStartConv
                0x0000000008004e50       0x20 C:\Users\Dung\Desktop\SDK_1.0.3_NUCLEO-F401RE\lib_stm\libLibraries.a(stm32f401re_adc.o)
                0x0000000008004e50                ADC_SoftwareStartConv
 .text.ADC_EOCOnEachRegularChannelCmd
                0x0000000008004e70       0x38 C:\Users\Dung\Desktop\SDK_1.0.3_NUCLEO-F401RE\lib_stm\libLibraries.a(stm32f401re_adc.o)
                0x0000000008004e70                ADC_EOCOnEachRegularChannelCmd
 .text.ADC_ContinuousModeCmd
                0x0000000008004ea8       0x38 C:\Users\Dung\Desktop\SDK_1.0.3_NUCLEO-F401RE\lib_stm\libLibraries.a(stm32f401re_adc.o)
                0x0000000008004ea8                ADC_ContinuousModeCmd
 .text.ADC_DiscModeChannelCountConfig
                0x0000000008004ee0       0x44 C:\Users\Dung\Desktop\SDK_1.0.3_NUCLEO-F401RE\lib_stm\libLibraries.a(stm32f401re_adc.o)
                0x0000000008004ee0                ADC_DiscModeChannelCountConfig
 .text.ADC_DiscModeCmd
                0x0000000008004f24       0x38 C:\Users\Dung\Desktop\SDK_1.0.3_NUCLEO-F401RE\lib_stm\libLibraries.a(stm32f401re_adc.o)
                0x0000000008004f24                ADC_DiscModeCmd
 .text.ADC_DMACmd
                0x0000000008004f5c       0x38 C:\Users\Dung\Desktop\SDK_1.0.3_NUCLEO-F401RE\lib_stm\libLibraries.a(stm32f401re_adc.o)
                0x0000000008004f5c                ADC_DMACmd
 .text.ADC_DMARequestAfterLastTransferCmd
                0x0000000008004f94       0x38 C:\Users\Dung\Desktop\SDK_1.0.3_NUCLEO-F401RE\lib_stm\libLibraries.a(stm32f401re_adc.o)
                0x0000000008004f94                ADC_DMARequestAfterLastTransferCmd
 .text.DMA_DeInit
                0x0000000008004fcc      0x1a8 C:\Users\Dung\Desktop\SDK_1.0.3_NUCLEO-F401RE\lib_stm\libLibraries.a(stm32f401re_dma.o)
                0x0000000008004fcc                DMA_DeInit
 .text.DMA_Init
                0x0000000008005174       0xb0 C:\Users\Dung\Desktop\SDK_1.0.3_NUCLEO-F401RE\lib_stm\libLibraries.a(stm32f401re_dma.o)
                0x0000000008005174                DMA_Init
 .text.DMA_Cmd  0x0000000008005224       0x38 C:\Users\Dung\Desktop\SDK_1.0.3_NUCLEO-F401RE\lib_stm\libLibraries.a(stm32f401re_dma.o)
                0x0000000008005224                DMA_Cmd
 .text.GPIO_Init
                0x000000000800525c      0x11c C:\Users\Dung\Desktop\SDK_1.0.3_NUCLEO-F401RE\lib_stm\libLibraries.a(stm32f401re_gpio.o)
                0x000000000800525c                GPIO_Init
 .text.GPIO_ReadInputDataBit
                0x0000000008005378       0x34 C:\Users\Dung\Desktop\SDK_1.0.3_NUCLEO-F401RE\lib_stm\libLibraries.a(stm32f401re_gpio.o)
                0x0000000008005378                GPIO_ReadInputDataBit
 .text.GPIO_SetBits
                0x00000000080053ac       0x1e C:\Users\Dung\Desktop\SDK_1.0.3_NUCLEO-F401RE\lib_stm\libLibraries.a(stm32f401re_gpio.o)
                0x00000000080053ac                GPIO_SetBits
 .text.GPIO_ResetBits
                0x00000000080053ca       0x1e C:\Users\Dung\Desktop\SDK_1.0.3_NUCLEO-F401RE\lib_stm\libLibraries.a(stm32f401re_gpio.o)
                0x00000000080053ca                GPIO_ResetBits
 .text.GPIO_WriteBit
                0x00000000080053e8       0x30 C:\Users\Dung\Desktop\SDK_1.0.3_NUCLEO-F401RE\lib_stm\libLibraries.a(stm32f401re_gpio.o)
                0x00000000080053e8                GPIO_WriteBit
 .text.GPIO_PinAFConfig
                0x0000000008005418       0x92 C:\Users\Dung\Desktop\SDK_1.0.3_NUCLEO-F401RE\lib_stm\libLibraries.a(stm32f401re_gpio.o)
                0x0000000008005418                GPIO_PinAFConfig
 *fill*         0x00000000080054aa        0x2 
 .text.I2C_Init
                0x00000000080054ac      0x184 C:\Users\Dung\Desktop\SDK_1.0.3_NUCLEO-F401RE\lib_stm\libLibraries.a(stm32f401re_i2c.o)
                0x00000000080054ac                I2C_Init
 .text.I2C_Cmd  0x0000000008005630       0x40 C:\Users\Dung\Desktop\SDK_1.0.3_NUCLEO-F401RE\lib_stm\libLibraries.a(stm32f401re_i2c.o)
                0x0000000008005630                I2C_Cmd
 .text.I2C_GenerateSTART
                0x0000000008005670       0x40 C:\Users\Dung\Desktop\SDK_1.0.3_NUCLEO-F401RE\lib_stm\libLibraries.a(stm32f401re_i2c.o)
                0x0000000008005670                I2C_GenerateSTART
 .text.I2C_GenerateSTOP
                0x00000000080056b0       0x40 C:\Users\Dung\Desktop\SDK_1.0.3_NUCLEO-F401RE\lib_stm\libLibraries.a(stm32f401re_i2c.o)
                0x00000000080056b0                I2C_GenerateSTOP
 .text.I2C_Send7bitAddress
                0x00000000080056f0       0x3c C:\Users\Dung\Desktop\SDK_1.0.3_NUCLEO-F401RE\lib_stm\libLibraries.a(stm32f401re_i2c.o)
                0x00000000080056f0                I2C_Send7bitAddress
 .text.I2C_AcknowledgeConfig
                0x000000000800572c       0x40 C:\Users\Dung\Desktop\SDK_1.0.3_NUCLEO-F401RE\lib_stm\libLibraries.a(stm32f401re_i2c.o)
                0x000000000800572c                I2C_AcknowledgeConfig
 .text.I2C_SendData
                0x000000000800576c       0x20 C:\Users\Dung\Desktop\SDK_1.0.3_NUCLEO-F401RE\lib_stm\libLibraries.a(stm32f401re_i2c.o)
                0x000000000800576c                I2C_SendData
 .text.I2C_ReceiveData
                0x000000000800578c       0x1c C:\Users\Dung\Desktop\SDK_1.0.3_NUCLEO-F401RE\lib_stm\libLibraries.a(stm32f401re_i2c.o)
                0x000000000800578c                I2C_ReceiveData
 .text.I2C_CheckEvent
                0x00000000080057a8       0x60 C:\Users\Dung\Desktop\SDK_1.0.3_NUCLEO-F401RE\lib_stm\libLibraries.a(stm32f401re_i2c.o)
                0x00000000080057a8                I2C_CheckEvent
 .text.I2C_GetFlagStatus
                0x0000000008005808       0x66 C:\Users\Dung\Desktop\SDK_1.0.3_NUCLEO-F401RE\lib_stm\libLibraries.a(stm32f401re_i2c.o)
                0x0000000008005808                I2C_GetFlagStatus
 *fill*         0x000000000800586e        0x2 
 .text.RCC_GetClocksFreq
                0x0000000008005870      0x150 C:\Users\Dung\Desktop\SDK_1.0.3_NUCLEO-F401RE\lib_stm\libLibraries.a(stm32f401re_rcc.o)
                0x0000000008005870                RCC_GetClocksFreq
 .text.RCC_AHB1PeriphClockCmd
                0x00000000080059c0       0x40 C:\Users\Dung\Desktop\SDK_1.0.3_NUCLEO-F401RE\lib_stm\libLibraries.a(stm32f401re_rcc.o)
                0x00000000080059c0                RCC_AHB1PeriphClockCmd
 .text.RCC_APB1PeriphClockCmd
                0x0000000008005a00       0x40 C:\Users\Dung\Desktop\SDK_1.0.3_NUCLEO-F401RE\lib_stm\libLibraries.a(stm32f401re_rcc.o)
                0x0000000008005a00                RCC_APB1PeriphClockCmd
 .text.RCC_APB2PeriphClockCmd
                0x0000000008005a40       0x40 C:\Users\Dung\Desktop\SDK_1.0.3_NUCLEO-F401RE\lib_stm\libLibraries.a(stm32f401re_rcc.o)
                0x0000000008005a40                RCC_APB2PeriphClockCmd
 .text.RCC_APB2PeriphResetCmd
                0x0000000008005a80       0x40 C:\Users\Dung\Desktop\SDK_1.0.3_NUCLEO-F401RE\lib_stm\libLibraries.a(stm32f401re_rcc.o)
                0x0000000008005a80                RCC_APB2PeriphResetCmd
 .text.TIM_TimeBaseInit
                0x0000000008005ac0       0xd8 C:\Users\Dung\Desktop\SDK_1.0.3_NUCLEO-F401RE\lib_stm\libLibraries.a(stm32f401re_tim.o)
                0x0000000008005ac0                TIM_TimeBaseInit
 .text.TIM_Cmd  0x0000000008005b98       0x40 C:\Users\Dung\Desktop\SDK_1.0.3_NUCLEO-F401RE\lib_stm\libLibraries.a(stm32f401re_tim.o)
                0x0000000008005b98                TIM_Cmd
 .text.TIM_OC1Init
                0x0000000008005bd8       0xf4 C:\Users\Dung\Desktop\SDK_1.0.3_NUCLEO-F401RE\lib_stm\libLibraries.a(stm32f401re_tim.o)
                0x0000000008005bd8                TIM_OC1Init
 .text.TIM_OC2Init
                0x0000000008005ccc      0x110 C:\Users\Dung\Desktop\SDK_1.0.3_NUCLEO-F401RE\lib_stm\libLibraries.a(stm32f401re_tim.o)
                0x0000000008005ccc                TIM_OC2Init
 .text.TIM_OC3Init
                0x0000000008005ddc      0x10c C:\Users\Dung\Desktop\SDK_1.0.3_NUCLEO-F401RE\lib_stm\libLibraries.a(stm32f401re_tim.o)
                0x0000000008005ddc                TIM_OC3Init
 .text.TIM_OC4Init
                0x0000000008005ee8       0xd0 C:\Users\Dung\Desktop\SDK_1.0.3_NUCLEO-F401RE\lib_stm\libLibraries.a(stm32f401re_tim.o)
                0x0000000008005ee8                TIM_OC4Init
 .text.TIM_SetCompare1
                0x0000000008005fb8       0x1c C:\Users\Dung\Desktop\SDK_1.0.3_NUCLEO-F401RE\lib_stm\libLibraries.a(stm32f401re_tim.o)
                0x0000000008005fb8                TIM_SetCompare1
 .text.TIM_SetCompare2
                0x0000000008005fd4       0x1c C:\Users\Dung\Desktop\SDK_1.0.3_NUCLEO-F401RE\lib_stm\libLibraries.a(stm32f401re_tim.o)
                0x0000000008005fd4                TIM_SetCompare2
 .text.TIM_SetCompare3
                0x0000000008005ff0       0x1c C:\Users\Dung\Desktop\SDK_1.0.3_NUCLEO-F401RE\lib_stm\libLibraries.a(stm32f401re_tim.o)
                0x0000000008005ff0                TIM_SetCompare3
 .text.TIM_SetCompare4
                0x000000000800600c       0x1c C:\Users\Dung\Desktop\SDK_1.0.3_NUCLEO-F401RE\lib_stm\libLibraries.a(stm32f401re_tim.o)
                0x000000000800600c                TIM_SetCompare4
 .text.TIM_CtrlPWMOutputs
                0x0000000008006028       0x4c C:\Users\Dung\Desktop\SDK_1.0.3_NUCLEO-F401RE\lib_stm\libLibraries.a(stm32f401re_tim.o)
                0x0000000008006028                TIM_CtrlPWMOutputs
 .text.USART_Init
                0x0000000008006074      0x174 C:\Users\Dung\Desktop\SDK_1.0.3_NUCLEO-F401RE\lib_stm\libLibraries.a(stm32f401re_usart.o)
                0x0000000008006074                USART_Init
 .text.USART_Cmd
                0x00000000080061e8       0x40 C:\Users\Dung\Desktop\SDK_1.0.3_NUCLEO-F401RE\lib_stm\libLibraries.a(stm32f401re_usart.o)
                0x00000000080061e8                USART_Cmd
 .text.USART_SendData
                0x0000000008006228       0x24 C:\Users\Dung\Desktop\SDK_1.0.3_NUCLEO-F401RE\lib_stm\libLibraries.a(stm32f401re_usart.o)
                0x0000000008006228                USART_SendData
 .text.USART_ReceiveData
                0x000000000800624c       0x20 C:\Users\Dung\Desktop\SDK_1.0.3_NUCLEO-F401RE\lib_stm\libLibraries.a(stm32f401re_usart.o)
                0x000000000800624c                USART_ReceiveData
 .text.USART_ITConfig
                0x000000000800626c       0x90 C:\Users\Dung\Desktop\SDK_1.0.3_NUCLEO-F401RE\lib_stm\libLibraries.a(stm32f401re_usart.o)
                0x000000000800626c                USART_ITConfig
 .text.USART_GetFlagStatus
                0x00000000080062fc       0x38 C:\Users\Dung\Desktop\SDK_1.0.3_NUCLEO-F401RE\lib_stm\libLibraries.a(stm32f401re_usart.o)
                0x00000000080062fc                USART_GetFlagStatus
 .text.USART_GetITStatus
                0x0000000008006334       0xb6 C:\Users\Dung\Desktop\SDK_1.0.3_NUCLEO-F401RE\lib_stm\libLibraries.a(stm32f401re_usart.o)
                0x0000000008006334                USART_GetITStatus
 .text.USART_ClearITPendingBit
                0x00000000080063ea       0x3a C:\Users\Dung\Desktop\SDK_1.0.3_NUCLEO-F401RE\lib_stm\libLibraries.a(stm32f401re_usart.o)
                0x00000000080063ea                USART_ClearITPendingBit
 .text.Button_Init
                0x0000000008006424       0xbc C:\Users\Dung\Desktop\SDK_1.0.3_NUCLEO-F401RE\lib_stm\libLibraries.a(button.o)
                0x0000000008006424                Button_Init
 .text.Button_SetMode
                0x00000000080064e0       0x3c C:\Users\Dung\Desktop\SDK_1.0.3_NUCLEO-F401RE\lib_stm\libLibraries.a(button.o)
                0x00000000080064e0                Button_SetMode
 .text.Button_RegisterEventCallback
                0x000000000800651c       0x28 C:\Users\Dung\Desktop\SDK_1.0.3_NUCLEO-F401RE\lib_stm\libLibraries.a(button.o)
                0x000000000800651c                Button_RegisterEventCallback
 .text.ButtonScanTypeEdge
                0x0000000008006544      0x1fc C:\Users\Dung\Desktop\SDK_1.0.3_NUCLEO-F401RE\lib_stm\libLibraries.a(button.o)
 .text.ButtonScan
                0x0000000008006740       0x4c C:\Users\Dung\Desktop\SDK_1.0.3_NUCLEO-F401RE\lib_stm\libLibraries.a(button.o)
 .text.BTNGPIO_Init
                0x000000000800678c       0x6c C:\Users\Dung\Desktop\SDK_1.0.3_NUCLEO-F401RE\lib_stm\libLibraries.a(button.o)
 .text.ucg_clip_is_x_visible
                0x00000000080067f8       0x4a C:\Users\Dung\Desktop\SDK_1.0.3_NUCLEO-F401RE\lib_stm\libLibraries.a(ucg_clip.o)
 .text.ucg_clip_is_y_visible
                0x0000000008006842       0x4a C:\Users\Dung\Desktop\SDK_1.0.3_NUCLEO-F401RE\lib_stm\libLibraries.a(ucg_clip.o)
 .text.ucg_clip_intersection
                0x000000000800688c       0x74 C:\Users\Dung\Desktop\SDK_1.0.3_NUCLEO-F401RE\lib_stm\libLibraries.a(ucg_clip.o)
 .text.ucg_clip_is_pixel_visible
                0x0000000008006900       0x32 C:\Users\Dung\Desktop\SDK_1.0.3_NUCLEO-F401RE\lib_stm\libLibraries.a(ucg_clip.o)
                0x0000000008006900                ucg_clip_is_pixel_visible
 *fill*         0x0000000008006932        0x2 
 .text.ucg_clip_l90fx
                0x0000000008006934      0x300 C:\Users\Dung\Desktop\SDK_1.0.3_NUCLEO-F401RE\lib_stm\libLibraries.a(ucg_clip.o)
                0x0000000008006934                ucg_clip_l90fx
 .text.ucg_clip_l90se
                0x0000000008006c34       0x54 C:\Users\Dung\Desktop\SDK_1.0.3_NUCLEO-F401RE\lib_stm\libLibraries.a(ucg_clip.o)
                0x0000000008006c34                ucg_clip_l90se
 .text.ucg_com_PowerDown
                0x0000000008006c88       0x3e C:\Users\Dung\Desktop\SDK_1.0.3_NUCLEO-F401RE\lib_stm\libLibraries.a(ucg_com_msg_api.o)
                0x0000000008006c88                ucg_com_PowerDown
 .text.ucg_com_PowerUp
                0x0000000008006cc6       0x60 C:\Users\Dung\Desktop\SDK_1.0.3_NUCLEO-F401RE\lib_stm\libLibraries.a(ucg_com_msg_api.o)
                0x0000000008006cc6                ucg_com_PowerUp
 .text.ucg_com_SetLineStatus
                0x0000000008006d26       0xe2 C:\Users\Dung\Desktop\SDK_1.0.3_NUCLEO-F401RE\lib_stm\libLibraries.a(ucg_com_msg_api.o)
                0x0000000008006d26                ucg_com_SetLineStatus
 .text.ucg_com_SetResetLineStatus
                0x0000000008006e08       0x20 C:\Users\Dung\Desktop\SDK_1.0.3_NUCLEO-F401RE\lib_stm\libLibraries.a(ucg_com_msg_api.o)
                0x0000000008006e08                ucg_com_SetResetLineStatus
 .text.ucg_com_SetCSLineStatus
                0x0000000008006e28       0x20 C:\Users\Dung\Desktop\SDK_1.0.3_NUCLEO-F401RE\lib_stm\libLibraries.a(ucg_com_msg_api.o)
                0x0000000008006e28                ucg_com_SetCSLineStatus
 .text.ucg_com_SetCDLineStatus
                0x0000000008006e48       0x20 C:\Users\Dung\Desktop\SDK_1.0.3_NUCLEO-F401RE\lib_stm\libLibraries.a(ucg_com_msg_api.o)
                0x0000000008006e48                ucg_com_SetCDLineStatus
 .text.ucg_com_DelayMicroseconds
                0x0000000008006e68       0x22 C:\Users\Dung\Desktop\SDK_1.0.3_NUCLEO-F401RE\lib_stm\libLibraries.a(ucg_com_msg_api.o)
                0x0000000008006e68                ucg_com_DelayMicroseconds
 .text.ucg_com_DelayMilliseconds
                0x0000000008006e8a       0x2c C:\Users\Dung\Desktop\SDK_1.0.3_NUCLEO-F401RE\lib_stm\libLibraries.a(ucg_com_msg_api.o)
                0x0000000008006e8a                ucg_com_DelayMilliseconds
 .text.ucg_com_SendByte
                0x0000000008006eb6       0x24 C:\Users\Dung\Desktop\SDK_1.0.3_NUCLEO-F401RE\lib_stm\libLibraries.a(ucg_com_msg_api.o)
                0x0000000008006eb6                ucg_com_SendByte
 .text.ucg_com_SendStringP
                0x0000000008006eda       0x40 C:\Users\Dung\Desktop\SDK_1.0.3_NUCLEO-F401RE\lib_stm\libLibraries.a(ucg_com_msg_api.o)
                0x0000000008006eda                ucg_com_SendStringP
 .text.ucg_com_SendCmdArg
                0x0000000008006f1a       0x74 C:\Users\Dung\Desktop\SDK_1.0.3_NUCLEO-F401RE\lib_stm\libLibraries.a(ucg_com_msg_api.o)
 *fill*         0x0000000008006f8e        0x2 
 .text.ucg_com_SendCmdSeq
                0x0000000008006f90      0x278 C:\Users\Dung\Desktop\SDK_1.0.3_NUCLEO-F401RE\lib_stm\libLibraries.a(ucg_com_msg_api.o)
                0x0000000008006f90                ucg_com_SendCmdSeq
 .text.__errno  0x0000000008007208        0xc c:/st/stm32cubeide_1.8.0/stm32cubeide/plugins/com.st.stm32cube.ide.mcu.externaltools.gnu-tools-for-stm32.9-2020-q2-update.win32_2.0.0.202105311346/tools/bin/../lib/gcc/arm-none-eabi/9.3.1/../../../../arm-none-eabi/lib/thumb/v7e-m+fp/hard\libc_nano.a(lib_a-errno.o)
                0x0000000008007208                __errno
 .text.__libc_init_array
                0x0000000008007214       0x48 c:/st/stm32cubeide_1.8.0/stm32cubeide/plugins/com.st.stm32cube.ide.mcu.externaltools.gnu-tools-for-stm32.9-2020-q2-update.win32_2.0.0.202105311346/tools/bin/../lib/gcc/arm-none-eabi/9.3.1/../../../../arm-none-eabi/lib/thumb/v7e-m+fp/hard\libc_nano.a(lib_a-init.o)
                0x0000000008007214                __libc_init_array
 .text.memset   0x000000000800725c       0x10 c:/st/stm32cubeide_1.8.0/stm32cubeide/plugins/com.st.stm32cube.ide.mcu.externaltools.gnu-tools-for-stm32.9-2020-q2-update.win32_2.0.0.202105311346/tools/bin/../lib/gcc/arm-none-eabi/9.3.1/../../../../arm-none-eabi/lib/thumb/v7e-m+fp/hard\libc_nano.a(lib_a-memset.o)
                0x000000000800725c                memset
 .text.sprintf  0x000000000800726c       0x40 c:/st/stm32cubeide_1.8.0/stm32cubeide/plugins/com.st.stm32cube.ide.mcu.externaltools.gnu-tools-for-stm32.9-2020-q2-update.win32_2.0.0.202105311346/tools/bin/../lib/gcc/arm-none-eabi/9.3.1/../../../../arm-none-eabi/lib/thumb/v7e-m+fp/hard\libc_nano.a(lib_a-sprintf.o)
                0x000000000800726c                siprintf
                0x000000000800726c                sprintf
 .text.__ssputs_r
                0x00000000080072ac       0xb6 c:/st/stm32cubeide_1.8.0/stm32cubeide/plugins/com.st.stm32cube.ide.mcu.externaltools.gnu-tools-for-stm32.9-2020-q2-update.win32_2.0.0.202105311346/tools/bin/../lib/gcc/arm-none-eabi/9.3.1/../../../../arm-none-eabi/lib/thumb/v7e-m+fp/hard\libc_nano.a(lib_a-nano-svfprintf.o)
                0x00000000080072ac                __ssputs_r
 *fill*         0x0000000008007362        0x2 
 .text._svfprintf_r
                0x0000000008007364      0x200 c:/st/stm32cubeide_1.8.0/stm32cubeide/plugins/com.st.stm32cube.ide.mcu.externaltools.gnu-tools-for-stm32.9-2020-q2-update.win32_2.0.0.202105311346/tools/bin/../lib/gcc/arm-none-eabi/9.3.1/../../../../arm-none-eabi/lib/thumb/v7e-m+fp/hard\libc_nano.a(lib_a-nano-svfprintf.o)
                0x0000000008007364                _svfiprintf_r
                0x0000000008007364                _svfprintf_r
 .text._printf_common
                0x0000000008007564       0xda c:/st/stm32cubeide_1.8.0/stm32cubeide/plugins/com.st.stm32cube.ide.mcu.externaltools.gnu-tools-for-stm32.9-2020-q2-update.win32_2.0.0.202105311346/tools/bin/../lib/gcc/arm-none-eabi/9.3.1/../../../../arm-none-eabi/lib/thumb/v7e-m+fp/hard\libc_nano.a(lib_a-nano-vfprintf_i.o)
                0x0000000008007564                _printf_common
 *fill*         0x000000000800763e        0x2 
 .text._printf_i
                0x0000000008007640      0x24c c:/st/stm32cubeide_1.8.0/stm32cubeide/plugins/com.st.stm32cube.ide.mcu.externaltools.gnu-tools-for-stm32.9-2020-q2-update.win32_2.0.0.202105311346/tools/bin/../lib/gcc/arm-none-eabi/9.3.1/../../../../arm-none-eabi/lib/thumb/v7e-m+fp/hard\libc_nano.a(lib_a-nano-vfprintf_i.o)
                0x0000000008007640                _printf_i
 .text.memcpy   0x000000000800788c       0x1c c:/st/stm32cubeide_1.8.0/stm32cubeide/plugins/com.st.stm32cube.ide.mcu.externaltools.gnu-tools-for-stm32.9-2020-q2-update.win32_2.0.0.202105311346/tools/bin/../lib/gcc/arm-none-eabi/9.3.1/../../../../arm-none-eabi/lib/thumb/v7e-m+fp/hard\libc_nano.a(lib_a-memcpy-stub.o)
                0x000000000800788c                memcpy
 .text.memmove  0x00000000080078a8       0x34 c:/st/stm32cubeide_1.8.0/stm32cubeide/plugins/com.st.stm32cube.ide.mcu.externaltools.gnu-tools-for-stm32.9-2020-q2-update.win32_2.0.0.202105311346/tools/bin/../lib/gcc/arm-none-eabi/9.3.1/../../../../arm-none-eabi/lib/thumb/v7e-m+fp/hard\libc_nano.a(lib_a-memmove.o)
                0x00000000080078a8                memmove
 .text._free_r  0x00000000080078dc       0xa0 c:/st/stm32cubeide_1.8.0/stm32cubeide/plugins/com.st.stm32cube.ide.mcu.externaltools.gnu-tools-for-stm32.9-2020-q2-update.win32_2.0.0.202105311346/tools/bin/../lib/gcc/arm-none-eabi/9.3.1/../../../../arm-none-eabi/lib/thumb/v7e-m+fp/hard\libc_nano.a(lib_a-nano-freer.o)
                0x00000000080078dc                _free_r
 .text._malloc_r
                0x000000000800797c       0xb4 c:/st/stm32cubeide_1.8.0/stm32cubeide/plugins/com.st.stm32cube.ide.mcu.externaltools.gnu-tools-for-stm32.9-2020-q2-update.win32_2.0.0.202105311346/tools/bin/../lib/gcc/arm-none-eabi/9.3.1/../../../../arm-none-eabi/lib/thumb/v7e-m+fp/hard\libc_nano.a(lib_a-nano-mallocr.o)
                0x000000000800797c                _malloc_r
 .text._realloc_r
                0x0000000008007a30       0x4c c:/st/stm32cubeide_1.8.0/stm32cubeide/plugins/com.st.stm32cube.ide.mcu.externaltools.gnu-tools-for-stm32.9-2020-q2-update.win32_2.0.0.202105311346/tools/bin/../lib/gcc/arm-none-eabi/9.3.1/../../../../arm-none-eabi/lib/thumb/v7e-m+fp/hard\libc_nano.a(lib_a-nano-reallocr.o)
                0x0000000008007a30                _realloc_r
 .text._sbrk_r  0x0000000008007a7c       0x20 c:/st/stm32cubeide_1.8.0/stm32cubeide/plugins/com.st.stm32cube.ide.mcu.externaltools.gnu-tools-for-stm32.9-2020-q2-update.win32_2.0.0.202105311346/tools/bin/../lib/gcc/arm-none-eabi/9.3.1/../../../../arm-none-eabi/lib/thumb/v7e-m+fp/hard\libc_nano.a(lib_a-sbrkr.o)
                0x0000000008007a7c                _sbrk_r
 .text.__malloc_lock
                0x0000000008007a9c        0xc c:/st/stm32cubeide_1.8.0/stm32cubeide/plugins/com.st.stm32cube.ide.mcu.externaltools.gnu-tools-for-stm32.9-2020-q2-update.win32_2.0.0.202105311346/tools/bin/../lib/gcc/arm-none-eabi/9.3.1/../../../../arm-none-eabi/lib/thumb/v7e-m+fp/hard\libc_nano.a(lib_a-mlock.o)
                0x0000000008007a9c                __malloc_lock
 .text.__malloc_unlock
                0x0000000008007aa8        0xc c:/st/stm32cubeide_1.8.0/stm32cubeide/plugins/com.st.stm32cube.ide.mcu.externaltools.gnu-tools-for-stm32.9-2020-q2-update.win32_2.0.0.202105311346/tools/bin/../lib/gcc/arm-none-eabi/9.3.1/../../../../arm-none-eabi/lib/thumb/v7e-m+fp/hard\libc_nano.a(lib_a-mlock.o)
                0x0000000008007aa8                __malloc_unlock
 .text._malloc_usable_size_r
                0x0000000008007ab4       0x10 c:/st/stm32cubeide_1.8.0/stm32cubeide/plugins/com.st.stm32cube.ide.mcu.externaltools.gnu-tools-for-stm32.9-2020-q2-update.win32_2.0.0.202105311346/tools/bin/../lib/gcc/arm-none-eabi/9.3.1/../../../../arm-none-eabi/lib/thumb/v7e-m+fp/hard\libc_nano.a(lib_a-nano-msizer.o)
                0x0000000008007ab4                _malloc_usable_size_r
 .text.__retarget_lock_acquire_recursive
                0x0000000008007ac4        0x2 c:/st/stm32cubeide_1.8.0/stm32cubeide/plugins/com.st.stm32cube.ide.mcu.externaltools.gnu-tools-for-stm32.9-2020-q2-update.win32_2.0.0.202105311346/tools/bin/../lib/gcc/arm-none-eabi/9.3.1/../../../../arm-none-eabi/lib/thumb/v7e-m+fp/hard\libc_nano.a(lib_a-lock.o)
                0x0000000008007ac4                __retarget_lock_acquire_recursive
 .text.__retarget_lock_release_recursive
                0x0000000008007ac6        0x2 c:/st/stm32cubeide_1.8.0/stm32cubeide/plugins/com.st.stm32cube.ide.mcu.externaltools.gnu-tools-for-stm32.9-2020-q2-update.win32_2.0.0.202105311346/tools/bin/../lib/gcc/arm-none-eabi/9.3.1/../../../../arm-none-eabi/lib/thumb/v7e-m+fp/hard\libc_nano.a(lib_a-lock.o)
                0x0000000008007ac6                __retarget_lock_release_recursive
 *(.glue_7)
 .glue_7        0x0000000008007ac8        0x0 linker stubs
 *(.glue_7t)
 .glue_7t       0x0000000008007ac8        0x0 linker stubs
 *(.eh_frame)
 .eh_frame      0x0000000008007ac8        0x0 c:/st/stm32cubeide_1.8.0/stm32cubeide/plugins/com.st.stm32cube.ide.mcu.externaltools.gnu-tools-for-stm32.9-2020-q2-update.win32_2.0.0.202105311346/tools/bin/../lib/gcc/arm-none-eabi/9.3.1/thumb/v7e-m+fp/hard/crtbegin.o
 *(.init)
 .init          0x0000000008007ac8        0x4 c:/st/stm32cubeide_1.8.0/stm32cubeide/plugins/com.st.stm32cube.ide.mcu.externaltools.gnu-tools-for-stm32.9-2020-q2-update.win32_2.0.0.202105311346/tools/bin/../lib/gcc/arm-none-eabi/9.3.1/thumb/v7e-m+fp/hard/crti.o
                0x0000000008007ac8                _init
 .init          0x0000000008007acc        0x8 c:/st/stm32cubeide_1.8.0/stm32cubeide/plugins/com.st.stm32cube.ide.mcu.externaltools.gnu-tools-for-stm32.9-2020-q2-update.win32_2.0.0.202105311346/tools/bin/../lib/gcc/arm-none-eabi/9.3.1/thumb/v7e-m+fp/hard/crtn.o
 *(.fini)
 .fini          0x0000000008007ad4        0x4 c:/st/stm32cubeide_1.8.0/stm32cubeide/plugins/com.st.stm32cube.ide.mcu.externaltools.gnu-tools-for-stm32.9-2020-q2-update.win32_2.0.0.202105311346/tools/bin/../lib/gcc/arm-none-eabi/9.3.1/thumb/v7e-m+fp/hard/crti.o
                0x0000000008007ad4                _fini
 .fini          0x0000000008007ad8        0x8 c:/st/stm32cubeide_1.8.0/stm32cubeide/plugins/com.st.stm32cube.ide.mcu.externaltools.gnu-tools-for-stm32.9-2020-q2-update.win32_2.0.0.202105311346/tools/bin/../lib/gcc/arm-none-eabi/9.3.1/thumb/v7e-m+fp/hard/crtn.o
                0x0000000008007ae0                . = ALIGN (0x4)
                0x0000000008007ae0                _etext = .

.vfp11_veneer   0x0000000008007ae0        0x0
 .vfp11_veneer  0x0000000008007ae0        0x0 linker stubs

.v4_bx          0x0000000008007ae0        0x0
 .v4_bx         0x0000000008007ae0        0x0 linker stubs

.iplt           0x0000000008007ae0        0x0
 .iplt          0x0000000008007ae0        0x0 c:/st/stm32cubeide_1.8.0/stm32cubeide/plugins/com.st.stm32cube.ide.mcu.externaltools.gnu-tools-for-stm32.9-2020-q2-update.win32_2.0.0.202105311346/tools/bin/../lib/gcc/arm-none-eabi/9.3.1/thumb/v7e-m+fp/hard/crtbegin.o

.rodata         0x0000000008007ae0      0xf10
                0x0000000008007ae0                . = ALIGN (0x4)
 *(.rodata)
 .rodata        0x0000000008007ae0      0x109 ./Src/main.o
 *fill*         0x0000000008007be9        0x3 
 .rodata        0x0000000008007bec        0x5 C:\Users\Dung\Desktop\SDK_1.0.3_NUCLEO-F401RE\lib_stm\libLibraries.a(buzzer.o)
 *fill*         0x0000000008007bf1        0x3 
 .rodata        0x0000000008007bf4        0x9 C:\Users\Dung\Desktop\SDK_1.0.3_NUCLEO-F401RE\lib_stm\libLibraries.a(led.o)
 *fill*         0x0000000008007bfd        0x3 
 .rodata        0x0000000008007c00       0x16 C:\Users\Dung\Desktop\SDK_1.0.3_NUCLEO-F401RE\lib_stm\libLibraries.a(temhumsensor.o)
 *fill*         0x0000000008007c16        0x2 
 .rodata        0x0000000008007c18        0xf C:\Users\Dung\Desktop\SDK_1.0.3_NUCLEO-F401RE\lib_stm\libLibraries.a(ucg_font.o)
 *fill*         0x0000000008007c27        0x1 
 .rodata        0x0000000008007c28        0x1 C:\Users\Dung\Desktop\SDK_1.0.3_NUCLEO-F401RE\lib_stm\libLibraries.a(button.o)
 *(.rodata*)
 *fill*         0x0000000008007c29        0x3 
 .rodata.pinBuzz
                0x0000000008007c2c        0x8 C:\Users\Dung\Desktop\SDK_1.0.3_NUCLEO-F401RE\lib_stm\libLibraries.a(buzzer.o)
 .rodata.ucg_st7735_set_pos_seq
                0x0000000008007c34       0x1e C:\Users\Dung\Desktop\SDK_1.0.3_NUCLEO-F401RE\lib_stm\libLibraries.a(ucg_dev_ic_st7735.o)
                0x0000000008007c34                ucg_st7735_set_pos_seq
 *fill*         0x0000000008007c52        0x2 
 .rodata.ucg_st7735_set_pos_dir0_seq
                0x0000000008007c54       0x1e C:\Users\Dung\Desktop\SDK_1.0.3_NUCLEO-F401RE\lib_stm\libLibraries.a(ucg_dev_ic_st7735.o)
                0x0000000008007c54                ucg_st7735_set_pos_dir0_seq
 *fill*         0x0000000008007c72        0x2 
 .rodata.ucg_st7735_set_pos_dir1_seq
                0x0000000008007c74       0x21 C:\Users\Dung\Desktop\SDK_1.0.3_NUCLEO-F401RE\lib_stm\libLibraries.a(ucg_dev_ic_st7735.o)
                0x0000000008007c74                ucg_st7735_set_pos_dir1_seq
 *fill*         0x0000000008007c95        0x3 
 .rodata.ucg_st7735_set_pos_dir2_seq
                0x0000000008007c98       0x21 C:\Users\Dung\Desktop\SDK_1.0.3_NUCLEO-F401RE\lib_stm\libLibraries.a(ucg_dev_ic_st7735.o)
                0x0000000008007c98                ucg_st7735_set_pos_dir2_seq
 *fill*         0x0000000008007cb9        0x3 
 .rodata.ucg_st7735_set_pos_dir3_seq
                0x0000000008007cbc       0x24 C:\Users\Dung\Desktop\SDK_1.0.3_NUCLEO-F401RE\lib_stm\libLibraries.a(ucg_dev_ic_st7735.o)
                0x0000000008007cbc                ucg_st7735_set_pos_dir3_seq
 .rodata.ucg_st7735_power_down_seq
                0x0000000008007ce0        0x7 C:\Users\Dung\Desktop\SDK_1.0.3_NUCLEO-F401RE\lib_stm\libLibraries.a(ucg_dev_ic_st7735.o)
 *fill*         0x0000000008007ce7        0x1 
 .rodata.ucg_tft_128x160_st7735_init_seq
                0x0000000008007ce8       0x2c C:\Users\Dung\Desktop\SDK_1.0.3_NUCLEO-F401RE\lib_stm\libLibraries.a(ucg_dev_tft_128x128_st7735.o)
 .rodata.ucg_font_ncenR08_hr
                0x0000000008007d14      0x4fd C:\Users\Dung\Desktop\SDK_1.0.3_NUCLEO-F401RE\lib_stm\libLibraries.a(ucg_pixel_font_data.o)
                0x0000000008007d14                ucg_font_ncenR08_hr
 *fill*         0x0000000008008211        0x3 
 .rodata.ucg_font_ncenR12_hr
                0x0000000008008214      0x7a8 C:\Users\Dung\Desktop\SDK_1.0.3_NUCLEO-F401RE\lib_stm\libLibraries.a(ucg_pixel_font_data.o)
                0x0000000008008214                ucg_font_ncenR12_hr
 .rodata._svfprintf_r.str1.1
                0x00000000080089bc       0x11 c:/st/stm32cubeide_1.8.0/stm32cubeide/plugins/com.st.stm32cube.ide.mcu.externaltools.gnu-tools-for-stm32.9-2020-q2-update.win32_2.0.0.202105311346/tools/bin/../lib/gcc/arm-none-eabi/9.3.1/../../../../arm-none-eabi/lib/thumb/v7e-m+fp/hard\libc_nano.a(lib_a-nano-svfprintf.o)
 .rodata._printf_i.str1.1
                0x00000000080089cd       0x22 c:/st/stm32cubeide_1.8.0/stm32cubeide/plugins/com.st.stm32cube.ide.mcu.externaltools.gnu-tools-for-stm32.9-2020-q2-update.win32_2.0.0.202105311346/tools/bin/../lib/gcc/arm-none-eabi/9.3.1/../../../../arm-none-eabi/lib/thumb/v7e-m+fp/hard\libc_nano.a(lib_a-nano-vfprintf_i.o)
                0x00000000080089f0                . = ALIGN (0x4)
 *fill*         0x00000000080089ef        0x1 

.rel.dyn        0x00000000080089f0        0x0
 .rel.iplt      0x00000000080089f0        0x0 c:/st/stm32cubeide_1.8.0/stm32cubeide/plugins/com.st.stm32cube.ide.mcu.externaltools.gnu-tools-for-stm32.9-2020-q2-update.win32_2.0.0.202105311346/tools/bin/../lib/gcc/arm-none-eabi/9.3.1/thumb/v7e-m+fp/hard/crtbegin.o

.ARM.extab      0x00000000080089f0        0x0
                0x00000000080089f0                . = ALIGN (0x4)
 *(.ARM.extab* .gnu.linkonce.armextab.*)
                0x00000000080089f0                . = ALIGN (0x4)

.ARM            0x00000000080089f0        0x0
                0x00000000080089f0                . = ALIGN (0x4)
                0x00000000080089f0                __exidx_start = .
 *(.ARM.exidx*)
                0x00000000080089f0                __exidx_end = .
                0x00000000080089f0                . = ALIGN (0x4)

.preinit_array  0x00000000080089f0        0x0
                0x00000000080089f0                . = ALIGN (0x4)
                0x00000000080089f0                PROVIDE (__preinit_array_start = .)
 *(.preinit_array*)
                0x00000000080089f0                PROVIDE (__preinit_array_end = .)
                0x00000000080089f0                . = ALIGN (0x4)

.init_array     0x00000000080089f0        0x4
                0x00000000080089f0                . = ALIGN (0x4)
                0x00000000080089f0                PROVIDE (__init_array_start = .)
 *(SORT_BY_NAME(.init_array.*))
 *(.init_array*)
 .init_array    0x00000000080089f0        0x4 c:/st/stm32cubeide_1.8.0/stm32cubeide/plugins/com.st.stm32cube.ide.mcu.externaltools.gnu-tools-for-stm32.9-2020-q2-update.win32_2.0.0.202105311346/tools/bin/../lib/gcc/arm-none-eabi/9.3.1/thumb/v7e-m+fp/hard/crtbegin.o
                0x00000000080089f4                PROVIDE (__init_array_end = .)
                0x00000000080089f4                . = ALIGN (0x4)

.fini_array     0x00000000080089f4        0x4
                0x00000000080089f4                . = ALIGN (0x4)
                [!provide]                        PROVIDE (__fini_array_start = .)
 *(SORT_BY_NAME(.fini_array.*))
 *(.fini_array*)
 .fini_array    0x00000000080089f4        0x4 c:/st/stm32cubeide_1.8.0/stm32cubeide/plugins/com.st.stm32cube.ide.mcu.externaltools.gnu-tools-for-stm32.9-2020-q2-update.win32_2.0.0.202105311346/tools/bin/../lib/gcc/arm-none-eabi/9.3.1/thumb/v7e-m+fp/hard/crtbegin.o
                [!provide]                        PROVIDE (__fini_array_end = .)
                0x00000000080089f8                . = ALIGN (0x4)
                0x00000000080089f8                _sidata = LOADADDR (.data)

.data           0x0000000020000000       0xf8 load address 0x00000000080089f8
                0x0000000020000000                . = ALIGN (0x4)
                0x0000000020000000                _sdata = .
 *(.data)
 *(.data*)
 .data.led_level_temp
                0x0000000020000000        0x2 ./Src/main.o
                0x0000000020000000                led_level_temp
 *fill*         0x0000000020000002        0x2 
 .data.str      0x0000000020000004       0x13 ./Src/main.o
                0x0000000020000004                str
 *fill*         0x0000000020000017        0x1 
 .data.pcallbackData
                0x0000000020000018        0x4 ./Src/main.o
                0x0000000020000018                pcallbackData
 .data.pSerialEvent1
                0x000000002000001c        0x4 ./Src/main.o
                0x000000002000001c                pSerialEvent1
 .data.pSerialEvent2
                0x0000000020000020        0x4 ./Src/main.o
                0x0000000020000020                pSerialEvent2
 .data.pSerialEvent3
                0x0000000020000024        0x4 ./Src/main.o
                0x0000000020000024                pSerialEvent3
 .data.pSerialEvent4
                0x0000000020000028        0x4 ./Src/main.o
                0x0000000020000028                pSerialEvent4
 .data.SystemCoreClock
                0x000000002000002c        0x4 C:\Users\Dung\Desktop\SDK_1.0.3_NUCLEO-F401RE\lib_stm\libLibraries.a(system_stm32f4xx.o)
                0x000000002000002c                SystemCoreClock
 .data.AHBPrescTable
                0x0000000020000030       0x10 C:\Users\Dung\Desktop\SDK_1.0.3_NUCLEO-F401RE\lib_stm\libLibraries.a(system_stm32f4xx.o)
                0x0000000020000030                AHBPrescTable
 .data.idBuzz   0x0000000020000040        0x1 C:\Users\Dung\Desktop\SDK_1.0.3_NUCLEO-F401RE\lib_stm\libLibraries.a(buzzer.o)
 *fill*         0x0000000020000041        0x3 
 .data.pbeep    0x0000000020000044        0x8 C:\Users\Dung\Desktop\SDK_1.0.3_NUCLEO-F401RE\lib_stm\libLibraries.a(melody.o)
                0x0000000020000044                pbeep
 .data.blinkTimer
                0x000000002000004c        0x1 C:\Users\Dung\Desktop\SDK_1.0.3_NUCLEO-F401RE\lib_stm\libLibraries.a(led.o)
 .data.g_byTimeWaitGetTemp
                0x000000002000004d        0x1 C:\Users\Dung\Desktop\SDK_1.0.3_NUCLEO-F401RE\lib_stm\libLibraries.a(temhumsensor.o)
 .data.g_byTimeWaitGetHumi
                0x000000002000004e        0x1 C:\Users\Dung\Desktop\SDK_1.0.3_NUCLEO-F401RE\lib_stm\libLibraries.a(temhumsensor.o)
 .data.idTaskScanDecodeLen
                0x000000002000004f        0x1 C:\Users\Dung\Desktop\SDK_1.0.3_NUCLEO-F401RE\lib_stm\libLibraries.a(ucg_font.o)
 .data.APBAHBPrescTable
                0x0000000020000050       0x10 C:\Users\Dung\Desktop\SDK_1.0.3_NUCLEO-F401RE\lib_stm\libLibraries.a(stm32f401re_rcc.o)
 .data.pinBtnPad
                0x0000000020000060       0x30 C:\Users\Dung\Desktop\SDK_1.0.3_NUCLEO-F401RE\lib_stm\libLibraries.a(button.o)
 .data.idTaskScanButton
                0x0000000020000090        0x1 C:\Users\Dung\Desktop\SDK_1.0.3_NUCLEO-F401RE\lib_stm\libLibraries.a(button.o)
 *fill*         0x0000000020000091        0x3 
 .data._impure_ptr
                0x0000000020000094        0x4 c:/st/stm32cubeide_1.8.0/stm32cubeide/plugins/com.st.stm32cube.ide.mcu.externaltools.gnu-tools-for-stm32.9-2020-q2-update.win32_2.0.0.202105311346/tools/bin/../lib/gcc/arm-none-eabi/9.3.1/../../../../arm-none-eabi/lib/thumb/v7e-m+fp/hard\libc_nano.a(lib_a-impure.o)
                0x0000000020000094                _impure_ptr
 .data.impure_data
                0x0000000020000098       0x60 c:/st/stm32cubeide_1.8.0/stm32cubeide/plugins/com.st.stm32cube.ide.mcu.externaltools.gnu-tools-for-stm32.9-2020-q2-update.win32_2.0.0.202105311346/tools/bin/../lib/gcc/arm-none-eabi/9.3.1/../../../../arm-none-eabi/lib/thumb/v7e-m+fp/hard\libc_nano.a(lib_a-impure.o)
 *(.RamFunc)
 *(.RamFunc*)
                0x00000000200000f8                . = ALIGN (0x4)
                0x00000000200000f8                _edata = .

.igot.plt       0x00000000200000f8        0x0 load address 0x0000000008008af0
 .igot.plt      0x00000000200000f8        0x0 c:/st/stm32cubeide_1.8.0/stm32cubeide/plugins/com.st.stm32cube.ide.mcu.externaltools.gnu-tools-for-stm32.9-2020-q2-update.win32_2.0.0.202105311346/tools/bin/../lib/gcc/arm-none-eabi/9.3.1/thumb/v7e-m+fp/hard/crtbegin.o
                0x00000000200000f8                . = ALIGN (0x4)

.bss            0x00000000200000f8     0x1624 load address 0x0000000008008af0
                0x00000000200000f8                _sbss = .
                0x00000000200000f8                __bss_start__ = _sbss
 *(.bss)
 .bss           0x00000000200000f8       0x1c c:/st/stm32cubeide_1.8.0/stm32cubeide/plugins/com.st.stm32cube.ide.mcu.externaltools.gnu-tools-for-stm32.9-2020-q2-update.win32_2.0.0.202105311346/tools/bin/../lib/gcc/arm-none-eabi/9.3.1/thumb/v7e-m+fp/hard/crtbegin.o
 *(.bss*)
 .bss.eCurrentState
                0x0000000020000114        0x1 ./Src/main.o
 *fill*         0x0000000020000115        0x3 
 .bss.ucg       0x0000000020000118       0xb4 ./Src/main.o
 .bss.check_led1
                0x00000000200001cc        0x1 ./Src/main.o
                0x00000000200001cc                check_led1
 .bss.led_green_level
                0x00000000200001cd        0x1 ./Src/main.o
                0x00000000200001cd                led_green_level
 .bss.check_led_green
                0x00000000200001ce        0x1 ./Src/main.o
 *fill*         0x00000000200001cf        0x1 
 .bss.time_current
                0x00000000200001d0        0x4 ./Src/main.o
 .bss.time_initial
                0x00000000200001d4        0x4 ./Src/main.o
 .bss.time_total
                0x00000000200001d8        0x4 ./Src/main.o
 .bss.time_current1
                0x00000000200001dc        0x4 ./Src/main.o
 .bss.time_initial1
                0x00000000200001e0        0x4 ./Src/main.o
 .bss.time_total1
                0x00000000200001e4        0x4 ./Src/main.o
 .bss.check_time
                0x00000000200001e8        0x4 ./Src/main.o
 .bss.time_current2
                0x00000000200001ec        0x4 ./Src/main.o
 .bss.time_initial2
                0x00000000200001f0        0x4 ./Src/main.o
 .bss.time_total2
                0x00000000200001f4        0x4 ./Src/main.o
 .bss.temperature
                0x00000000200001f8        0x1 ./Src/main.o
 .bss.humidity  0x00000000200001f9        0x1 ./Src/main.o
 .bss.light     0x00000000200001fa        0x2 ./Src/main.o
 .bss.src1      0x00000000200001fc       0x14 ./Src/main.o
 .bss.src2      0x0000000020000210       0x14 ./Src/main.o
 .bss.src3      0x0000000020000224       0x14 ./Src/main.o
 .bss.__sbrk_heap_end
                0x0000000020000238        0x4 ./Src/sysmem.o
 .bss.bBuzzInit
                0x000000002000023c        0x1 C:\Users\Dung\Desktop\SDK_1.0.3_NUCLEO-F401RE\lib_stm\libLibraries.a(buzzer.o)
 *fill*         0x000000002000023d        0x3 
 .bss.gpToneList
                0x0000000020000240        0x4 C:\Users\Dung\Desktop\SDK_1.0.3_NUCLEO-F401RE\lib_stm\libLibraries.a(buzzer.o)
 .bss.ledBlink  0x0000000020000244        0x8 C:\Users\Dung\Desktop\SDK_1.0.3_NUCLEO-F401RE\lib_stm\libLibraries.a(led.o)
 .bss.g_brightnessLed
                0x000000002000024c        0x1 C:\Users\Dung\Desktop\SDK_1.0.3_NUCLEO-F401RE\lib_stm\libLibraries.a(led.o)
 .bss.bToggleAll.7549
                0x000000002000024d        0x1 C:\Users\Dung\Desktop\SDK_1.0.3_NUCLEO-F401RE\lib_stm\libLibraries.a(led.o)
 .bss.bToggle.7548
                0x000000002000024e        0x1 C:\Users\Dung\Desktop\SDK_1.0.3_NUCLEO-F401RE\lib_stm\libLibraries.a(led.o)
 *fill*         0x000000002000024f        0x1 
 .bss.pAppStateFunc
                0x0000000020000250        0x4 C:\Users\Dung\Desktop\SDK_1.0.3_NUCLEO-F401RE\lib_stm\libLibraries.a(eventman.o)
 .bss.pBuffEvent
                0x0000000020000254      0x100 C:\Users\Dung\Desktop\SDK_1.0.3_NUCLEO-F401RE\lib_stm\libLibraries.a(eventman.o)
 .bss.eventQueue
                0x0000000020000354       0x10 C:\Users\Dung\Desktop\SDK_1.0.3_NUCLEO-F401RE\lib_stm\libLibraries.a(eventman.o)
 .bss.g_pTimerHandle
                0x0000000020000364      0x180 C:\Users\Dung\Desktop\SDK_1.0.3_NUCLEO-F401RE\lib_stm\libLibraries.a(timer.o)
 .bss.g_wMilSecTickTimer
                0x00000000200004e4        0x4 C:\Users\Dung\Desktop\SDK_1.0.3_NUCLEO-F401RE\lib_stm\libLibraries.a(timer.o)
 .bss.uhADCConvertedValue
                0x00000000200004e8        0x2 C:\Users\Dung\Desktop\SDK_1.0.3_NUCLEO-F401RE\lib_stm\libLibraries.a(lightsensor.o)
 .bss.byRxBufState
                0x00000000200004ea        0x1 C:\Users\Dung\Desktop\SDK_1.0.3_NUCLEO-F401RE\lib_stm\libLibraries.a(serial.o)
 .bss.byIndexRxBuf
                0x00000000200004eb        0x1 C:\Users\Dung\Desktop\SDK_1.0.3_NUCLEO-F401RE\lib_stm\libLibraries.a(serial.o)
 .bss.byCheckXorRxBuf
                0x00000000200004ec        0x1 C:\Users\Dung\Desktop\SDK_1.0.3_NUCLEO-F401RE\lib_stm\libLibraries.a(serial.o)
 *fill*         0x00000000200004ed        0x3 
 .bss.dwTimeoutRx
                0x00000000200004f0        0x4 C:\Users\Dung\Desktop\SDK_1.0.3_NUCLEO-F401RE\lib_stm\libLibraries.a(serial.o)
 .bss.bRxActive
                0x00000000200004f4        0x1 C:\Users\Dung\Desktop\SDK_1.0.3_NUCLEO-F401RE\lib_stm\libLibraries.a(serial.o)
 *fill*         0x00000000200004f5        0x3 
 .bss.byRxBuffer
                0x00000000200004f8       0x1e C:\Users\Dung\Desktop\SDK_1.0.3_NUCLEO-F401RE\lib_stm\libLibraries.a(serial.o)
                0x00000000200004f8                byRxBuffer
 *fill*         0x0000000020000516        0x2 
 .bss.serialQueueRx
                0x0000000020000518       0x10 C:\Users\Dung\Desktop\SDK_1.0.3_NUCLEO-F401RE\lib_stm\libLibraries.a(serial.o)
 .bss.pBuffDataRx
                0x0000000020000528      0x100 C:\Users\Dung\Desktop\SDK_1.0.3_NUCLEO-F401RE\lib_stm\libLibraries.a(serial.o)
 .bss.g_pUartQueueRx
                0x0000000020000628        0x8 C:\Users\Dung\Desktop\SDK_1.0.3_NUCLEO-F401RE\lib_stm\libLibraries.a(serial.o)
 .bss.pSerialHandleEvent
                0x0000000020000630        0x4 C:\Users\Dung\Desktop\SDK_1.0.3_NUCLEO-F401RE\lib_stm\libLibraries.a(serial.o)
 .bss.bySeq.7406
                0x0000000020000634        0x1 C:\Users\Dung\Desktop\SDK_1.0.3_NUCLEO-F401RE\lib_stm\libLibraries.a(serial.o)
 *fill*         0x0000000020000635        0x3 
 .bss.pButtonHandleEvent
                0x0000000020000638        0x4 C:\Users\Dung\Desktop\SDK_1.0.3_NUCLEO-F401RE\lib_stm\libLibraries.a(uartcmd.o)
 .bss.pBuzzerHandleEvent
                0x000000002000063c        0x4 C:\Users\Dung\Desktop\SDK_1.0.3_NUCLEO-F401RE\lib_stm\libLibraries.a(uartcmd.o)
 .bss.pLedHandleEvent
                0x0000000020000640        0x4 C:\Users\Dung\Desktop\SDK_1.0.3_NUCLEO-F401RE\lib_stm\libLibraries.a(uartcmd.o)
 .bss.pLcdHandleEvent
                0x0000000020000644        0x4 C:\Users\Dung\Desktop\SDK_1.0.3_NUCLEO-F401RE\lib_stm\libLibraries.a(uartcmd.o)
 .bss.buffer.5657
                0x0000000020000648       0x14 C:\Users\Dung\Desktop\SDK_1.0.3_NUCLEO-F401RE\lib_stm\libLibraries.a(uartcmd.o)
 .bss.fontQueue
                0x000000002000065c       0x10 C:\Users\Dung\Desktop\SDK_1.0.3_NUCLEO-F401RE\lib_stm\libLibraries.a(ucg_font.o)
 .bss.pQueueFont
                0x000000002000066c     0x1000 C:\Users\Dung\Desktop\SDK_1.0.3_NUCLEO-F401RE\lib_stm\libLibraries.a(ucg_font.o)
 .bss.next.7562
                0x000000002000166c        0x1 C:\Users\Dung\Desktop\SDK_1.0.3_NUCLEO-F401RE\lib_stm\libLibraries.a(ucg_font.o)
 *fill*         0x000000002000166d        0x3 
 .bss.kpad      0x0000000020001670       0x78 C:\Users\Dung\Desktop\SDK_1.0.3_NUCLEO-F401RE\lib_stm\libLibraries.a(button.o)
 .bss.pEventCallbacks
                0x00000000200016e8       0x10 C:\Users\Dung\Desktop\SDK_1.0.3_NUCLEO-F401RE\lib_stm\libLibraries.a(button.o)
 .bss.__malloc_free_list
                0x00000000200016f8        0x4 c:/st/stm32cubeide_1.8.0/stm32cubeide/plugins/com.st.stm32cube.ide.mcu.externaltools.gnu-tools-for-stm32.9-2020-q2-update.win32_2.0.0.202105311346/tools/bin/../lib/gcc/arm-none-eabi/9.3.1/../../../../arm-none-eabi/lib/thumb/v7e-m+fp/hard\libc_nano.a(lib_a-nano-mallocr.o)
                0x00000000200016f8                __malloc_free_list
 .bss.__malloc_sbrk_start
                0x00000000200016fc        0x4 c:/st/stm32cubeide_1.8.0/stm32cubeide/plugins/com.st.stm32cube.ide.mcu.externaltools.gnu-tools-for-stm32.9-2020-q2-update.win32_2.0.0.202105311346/tools/bin/../lib/gcc/arm-none-eabi/9.3.1/../../../../arm-none-eabi/lib/thumb/v7e-m+fp/hard\libc_nano.a(lib_a-nano-mallocr.o)
                0x00000000200016fc                __malloc_sbrk_start
 *(COMMON)
 COMMON         0x0000000020001700        0xc C:\Users\Dung\Desktop\SDK_1.0.3_NUCLEO-F401RE\lib_stm\libLibraries.a(ucg_font.o)
                0x0000000020001700                ucg_draw_str
 COMMON         0x000000002000170c        0x4 c:/st/stm32cubeide_1.8.0/stm32cubeide/plugins/com.st.stm32cube.ide.mcu.externaltools.gnu-tools-for-stm32.9-2020-q2-update.win32_2.0.0.202105311346/tools/bin/../lib/gcc/arm-none-eabi/9.3.1/../../../../arm-none-eabi/lib/thumb/v7e-m+fp/hard\libc_nano.a(lib_a-reent.o)
                0x000000002000170c                errno
 COMMON         0x0000000020001710        0x9 c:/st/stm32cubeide_1.8.0/stm32cubeide/plugins/com.st.stm32cube.ide.mcu.externaltools.gnu-tools-for-stm32.9-2020-q2-update.win32_2.0.0.202105311346/tools/bin/../lib/gcc/arm-none-eabi/9.3.1/../../../../arm-none-eabi/lib/thumb/v7e-m+fp/hard\libc_nano.a(lib_a-lock.o)
                0x0000000020001710                __lock___atexit_recursive_mutex
                0x0000000020001711                __lock___arc4random_mutex
                0x0000000020001712                __lock___env_recursive_mutex
                0x0000000020001713                __lock___sinit_recursive_mutex
                0x0000000020001714                __lock___malloc_recursive_mutex
                0x0000000020001715                __lock___at_quick_exit_mutex
                0x0000000020001716                __lock___dd_hash_mutex
                0x0000000020001717                __lock___tz_mutex
                0x0000000020001718                __lock___sfp_recursive_mutex
                0x000000002000171c                . = ALIGN (0x4)
 *fill*         0x0000000020001719        0x3 
                0x000000002000171c                _ebss = .
                0x000000002000171c                __bss_end__ = _ebss

._user_heap_stack
                0x000000002000171c      0x604 load address 0x0000000008008af0
                0x0000000020001720                . = ALIGN (0x8)
 *fill*         0x000000002000171c        0x4 
                [!provide]                        PROVIDE (end = .)
                0x0000000020001720                PROVIDE (_end = .)
                0x0000000020001920                . = (. + _Min_Heap_Size)
 *fill*         0x0000000020001720      0x200 
                0x0000000020001d20                . = (. + _Min_Stack_Size)
 *fill*         0x0000000020001920      0x400 
                0x0000000020001d20                . = ALIGN (0x8)

/DISCARD/
 libc.a(*)
 libm.a(*)
 libgcc.a(*)

.ARM.attributes
                0x0000000000000000       0x30
 *(.ARM.attributes)
 .ARM.attributes
                0x0000000000000000       0x1e c:/st/stm32cubeide_1.8.0/stm32cubeide/plugins/com.st.stm32cube.ide.mcu.externaltools.gnu-tools-for-stm32.9-2020-q2-update.win32_2.0.0.202105311346/tools/bin/../lib/gcc/arm-none-eabi/9.3.1/thumb/v7e-m+fp/hard/crti.o
 .ARM.attributes
                0x000000000000001e       0x34 c:/st/stm32cubeide_1.8.0/stm32cubeide/plugins/com.st.stm32cube.ide.mcu.externaltools.gnu-tools-for-stm32.9-2020-q2-update.win32_2.0.0.202105311346/tools/bin/../lib/gcc/arm-none-eabi/9.3.1/thumb/v7e-m+fp/hard/crtbegin.o
 .ARM.attributes
                0x0000000000000052       0x34 ./Src/main.o
 .ARM.attributes
                0x0000000000000086       0x34 ./Src/sysmem.o
 .ARM.attributes
                0x00000000000000ba       0x21 ./Startup/startup_stm32f401retx.o
 .ARM.attributes
                0x00000000000000db       0x39 C:\Users\Dung\Desktop\SDK_1.0.3_NUCLEO-F401RE\lib_stm\libLibraries.a(system_stm32f4xx.o)
 .ARM.attributes
                0x0000000000000114       0x39 C:\Users\Dung\Desktop\SDK_1.0.3_NUCLEO-F401RE\lib_stm\libLibraries.a(eventbutton.o)
 .ARM.attributes
                0x000000000000014d       0x39 C:\Users\Dung\Desktop\SDK_1.0.3_NUCLEO-F401RE\lib_stm\libLibraries.a(buzzer.o)
 .ARM.attributes
                0x0000000000000186       0x39 C:\Users\Dung\Desktop\SDK_1.0.3_NUCLEO-F401RE\lib_stm\libLibraries.a(melody.o)
 .ARM.attributes
                0x00000000000001bf       0x39 C:\Users\Dung\Desktop\SDK_1.0.3_NUCLEO-F401RE\lib_stm\libLibraries.a(led.o)
 .ARM.attributes
                0x00000000000001f8       0x39 C:\Users\Dung\Desktop\SDK_1.0.3_NUCLEO-F401RE\lib_stm\libLibraries.a(eventman.o)
 .ARM.attributes
                0x0000000000000231       0x39 C:\Users\Dung\Desktop\SDK_1.0.3_NUCLEO-F401RE\lib_stm\libLibraries.a(timer.o)
 .ARM.attributes
                0x000000000000026a       0x39 C:\Users\Dung\Desktop\SDK_1.0.3_NUCLEO-F401RE\lib_stm\libLibraries.a(lightsensor.o)
 .ARM.attributes
                0x00000000000002a3       0x39 C:\Users\Dung\Desktop\SDK_1.0.3_NUCLEO-F401RE\lib_stm\libLibraries.a(temhumsensor.o)
 .ARM.attributes
                0x00000000000002dc       0x39 C:\Users\Dung\Desktop\SDK_1.0.3_NUCLEO-F401RE\lib_stm\libLibraries.a(serial.o)
 .ARM.attributes
                0x0000000000000315       0x39 C:\Users\Dung\Desktop\SDK_1.0.3_NUCLEO-F401RE\lib_stm\libLibraries.a(uartcmd.o)
 .ARM.attributes
                0x000000000000034e       0x39 C:\Users\Dung\Desktop\SDK_1.0.3_NUCLEO-F401RE\lib_stm\libLibraries.a(Ucglib.o)
 .ARM.attributes
                0x0000000000000387       0x39 C:\Users\Dung\Desktop\SDK_1.0.3_NUCLEO-F401RE\lib_stm\libLibraries.a(ucg_box.o)
 .ARM.attributes
                0x00000000000003c0       0x39 C:\Users\Dung\Desktop\SDK_1.0.3_NUCLEO-F401RE\lib_stm\libLibraries.a(ucg_ccs.o)
 .ARM.attributes
                0x00000000000003f9       0x39 C:\Users\Dung\Desktop\SDK_1.0.3_NUCLEO-F401RE\lib_stm\libLibraries.a(ucg_dev_default_cb.o)
 .ARM.attributes
                0x0000000000000432       0x39 C:\Users\Dung\Desktop\SDK_1.0.3_NUCLEO-F401RE\lib_stm\libLibraries.a(ucg_dev_ic_st7735.o)
 .ARM.attributes
                0x000000000000046b       0x39 C:\Users\Dung\Desktop\SDK_1.0.3_NUCLEO-F401RE\lib_stm\libLibraries.a(ucg_dev_msg_api.o)
 .ARM.attributes