main.c:119:5:main	8	static
main.c:137:6:delay_ms	24	static
main.c:150:6:LedBuzz_Init	24	static
main.c:205:6:Button_Init	32	static
main.c:292:6:LedControl_SetState	16	static
main.c:308:6:BuzzerControl_SetBeep	8	static
main.c:324:10:CalculatorTime	24	static
main.c:342:6:Blinkled_StatusPower	16	static
main.c:358:6:EXTI0_IRQHandler	8	static
main.c:373:6:EXTI4_IRQHandler	16	static
main.c:401:6:EXTI3_IRQHandler	8	static
main.c:416:6:LedControl_TimPress	8	static
main.c:452:6:LedControl_TimOutPress	8	static
