Archive member included to satisfy reference by file (symbol)

C:\Users\Dung\Desktop\SDK_1.0.3_NUCLEO-F401RE\lib_stm\libLibraries.a(system_stm32f4xx.o)
                              ./Src/main.o (SystemCoreClockUpdate)
C:\Users\Dung\Desktop\SDK_1.0.3_NUCLEO-F401RE\lib_stm\libLibraries.a(stm32f401re_adc.o)
                              ./Src/main.o (ADC_DeInit)
C:\Users\Dung\Desktop\SDK_1.0.3_NUCLEO-F401RE\lib_stm\libLibraries.a(stm32f401re_gpio.o)
                              ./Src/main.o (GPIO_Init)
C:\Users\Dung\Desktop\SDK_1.0.3_NUCLEO-F401RE\lib_stm\libLibraries.a(stm32f401re_rcc.o)
                              ./Src/main.o (RCC_AHB1PeriphClockCmd)
C:\Users\Dung\Desktop\SDK_1.0.3_NUCLEO-F401RE\lib_stm\libLibraries.a(stm32f401re_tim.o)
                              ./Src/main.o (TIM_TimeBaseInit)
C:\Users\Dung\Desktop\SDK_1.0.3_NUCLEO-F401RE\lib_stm\libLibraries.a(stm32f401re_usart.o)
                              ./Src/main.o (USART_Init)
C:\Users\Dung\Desktop\SDK_1.0.3_NUCLEO-F401RE\lib_stm\libLibraries.a(timer.o)
                              ./Src/main.o (TimerInit)
C:\Users\Dung\Desktop\SDK_1.0.3_NUCLEO-F401RE\lib_stm\libLibraries.a(utilities.o)
                              C:\Users\Dung\Desktop\SDK_1.0.3_NUCLEO-F401RE\lib_stm\libLibraries.a(timer.o) (memsetl)
c:/st/stm32cubeide_1.8.0/stm32cubeide/plugins/com.st.stm32cube.ide.mcu.externaltools.gnu-tools-for-stm32.9-2020-q2-update.win32_2.0.0.202105311346/tools/bin/../lib/gcc/arm-none-eabi/9.3.1/../../../../arm-none-eabi/lib/thumb/v7e-m+fp/hard\libc_nano.a(lib_a-errno.o)
                              ./Src/syscalls.o (__errno)
c:/st/stm32cubeide_1.8.0/stm32cubeide/plugins/com.st.stm32cube.ide.mcu.externaltools.gnu-tools-for-stm32.9-2020-q2-update.win32_2.0.0.202105311346/tools/bin/../lib/gcc/arm-none-eabi/9.3.1/../../../../arm-none-eabi/lib/thumb/v7e-m+fp/hard\libc_nano.a(lib_a-exit.o)
                              c:/st/stm32cubeide_1.8.0/stm32cubeide/plugins/com.st.stm32cube.ide.mcu.externaltools.gnu-tools-for-stm32.9-2020-q2-update.win32_2.0.0.202105311346/tools/bin/../lib/gcc/arm-none-eabi/9.3.1/../../../../arm-none-eabi/lib/thumb/v7e-m+fp/hard/crt0.o (exit)
c:/st/stm32cubeide_1.8.0/stm32cubeide/plugins/com.st.stm32cube.ide.mcu.externaltools.gnu-tools-for-stm32.9-2020-q2-update.win32_2.0.0.202105311346/tools/bin/../lib/gcc/arm-none-eabi/9.3.1/../../../../arm-none-eabi/lib/thumb/v7e-m+fp/hard\libc_nano.a(lib_a-impure.o)
                              c:/st/stm32cubeide_1.8.0/stm32cubeide/plugins/com.st.stm32cube.ide.mcu.externaltools.gnu-tools-for-stm32.9-2020-q2-update.win32_2.0.0.202105311346/tools/bin/../lib/gcc/arm-none-eabi/9.3.1/../../../../arm-none-eabi/lib/thumb/v7e-m+fp/hard\libc_nano.a(lib_a-exit.o) (_global_impure_ptr)
c:/st/stm32cubeide_1.8.0/stm32cubeide/plugins/com.st.stm32cube.ide.mcu.externaltools.gnu-tools-for-stm32.9-2020-q2-update.win32_2.0.0.202105311346/tools/bin/../lib/gcc/arm-none-eabi/9.3.1/../../../../arm-none-eabi/lib/thumb/v7e-m+fp/hard\libc_nano.a(lib_a-init.o)
                              c:/st/stm32cubeide_1.8.0/stm32cubeide/plugins/com.st.stm32cube.ide.mcu.externaltools.gnu-tools-for-stm32.9-2020-q2-update.win32_2.0.0.202105311346/tools/bin/../lib/gcc/arm-none-eabi/9.3.1/../../../../arm-none-eabi/lib/thumb/v7e-m+fp/hard/crt0.o (__libc_init_array)
c:/st/stm32cubeide_1.8.0/stm32cubeide/plugins/com.st.stm32cube.ide.mcu.externaltools.gnu-tools-for-stm32.9-2020-q2-update.win32_2.0.0.202105311346/tools/bin/../lib/gcc/arm-none-eabi/9.3.1/../../../../arm-none-eabi/lib/thumb/v7e-m+fp/hard\libc_nano.a(lib_a-memset.o)
                              c:/st/stm32cubeide_1.8.0/stm32cubeide/plugins/com.st.stm32cube.ide.mcu.externaltools.gnu-tools-for-stm32.9-2020-q2-update.win32_2.0.0.202105311346/tools/bin/../lib/gcc/arm-none-eabi/9.3.1/../../../../arm-none-eabi/lib/thumb/v7e-m+fp/hard/crt0.o (memset)
c:/st/stm32cubeide_1.8.0/stm32cubeide/plugins/com.st.stm32cube.ide.mcu.externaltools.gnu-tools-for-stm32.9-2020-q2-update.win32_2.0.0.202105311346/tools/bin/../lib/gcc/arm-none-eabi/9.3.1/thumb/v7e-m+fp/hard\libgcc.a(_arm_muldf3.o)
                              ./Kalman_filter/kalman_filter.o (__aeabi_dmul)
c:/st/stm32cubeide_1.8.0/stm32cubeide/plugins/com.st.stm32cube.ide.mcu.externaltools.gnu-tools-for-stm32.9-2020-q2-update.win32_2.0.0.202105311346/tools/bin/../lib/gcc/arm-none-eabi/9.3.1/thumb/v7e-m+fp/hard\libgcc.a(_arm_addsubdf3.o)
                              ./Kalman_filter/kalman_filter.o (__aeabi_dsub)
c:/st/stm32cubeide_1.8.0/stm32cubeide/plugins/com.st.stm32cube.ide.mcu.externaltools.gnu-tools-for-stm32.9-2020-q2-update.win32_2.0.0.202105311346/tools/bin/../lib/gcc/arm-none-eabi/9.3.1/thumb/v7e-m+fp/hard\libgcc.a(_arm_truncdfsf2.o)
                              ./Kalman_filter/kalman_filter.o (__aeabi_d2f)

Discarded input sections

[...]
Memory Configuration

Name             Origin             Length             Attributes
RAM              0x0000000020000000 0x0000000000018000 xrw
FLASH            0x0000000008000000 0x0000000000080000 xr
*default*        0x0000000000000000 0xffffffffffffffff

Linker script and memory map

LOAD c:/st/stm32cubeide_1.8.0/stm32cubeide/plugins/com.st.stm32cube.ide.mcu.externaltools.gnu-tools-for-stm32.9-2020-q2-update.win32_2.0.0.202105311346/tools/bin/../lib/gcc/arm-none-eabi/9.3.1/thumb/v7e-m+fp/hard/crti.o
LOAD c:/st/stm32cubeide_1.8.0/stm32cubeide/plugins/com.st.stm32cube.ide.mcu.externaltools.gnu-tools-for-stm32.9-2020-q2-update.win32_2.0.0.202105311346/tools/bin/../lib/gcc/arm-none-eabi/9.3.1/thumb/v7e-m+fp/hard/crtbegin.o
LOAD c:/st/stm32cubeide_1.8.0/stm32cubeide/plugins/com.st.stm32cube.ide.mcu.externaltools.gnu-tools-for-stm32.9-2020-q2-update.win32_2.0.0.202105311346/tools/bin/../lib/gcc/arm-none-eabi/9.3.1/../../../../arm-none-eabi/lib/thumb/v7e-m+fp/hard/crt0.o
LOAD ./Kalman_filter/kalman_filter.o
LOAD ./Src/main.o
LOAD ./Src/syscalls.o
LOAD ./Src/sysmem.o
LOAD ./Startup/startup_stm32f401retx.o
LOAD C:\Users\Dung\Desktop\SDK_1.0.3_NUCLEO-F401RE\lib_stm\libLibraries.a
START GROUP
LOAD c:/st/stm32cubeide_1.8.0/stm32cubeide/plugins/com.st.stm32cube.ide.mcu.externaltools.gnu-tools-for-stm32.9-2020-q2-update.win32_2.0.0.202105311346/tools/bin/../lib/gcc/arm-none-eabi/9.3.1/../../../../arm-none-eabi/lib/thumb/v7e-m+fp/hard\libc_nano.a
LOAD c:/st/stm32cubeide_1.8.0/stm32cubeide/plugins/com.st.stm32cube.ide.mcu.externaltools.gnu-tools-for-stm32.9-2020-q2-update.win32_2.0.0.202105311346/tools/bin/../lib/gcc/arm-none-eabi/9.3.1/../../../../arm-none-eabi/lib/thumb/v7e-m+fp/hard\libm.a
END GROUP
START GROUP
LOAD c:/st/stm32cubeide_1.8.0/stm32cubeide/plugins/com.st.stm32cube.ide.mcu.externaltools.gnu-tools-for-stm32.9-2020-q2-update.win32_2.0.0.202105311346/tools/bin/../lib/gcc/arm-none-eabi/9.3.1/thumb/v7e-m+fp/hard\libgcc.a
LOAD c:/st/stm32cubeide_1.8.0/stm32cubeide/plugins/com.st.stm32cube.ide.mcu.externaltools.gnu-tools-for-stm32.9-2020-q2-update.win32_2.0.0.202105311346/tools/bin/../lib/gcc/arm-none-eabi/9.3.1/../../../../arm-none-eabi/lib/thumb/v7e-m+fp/hard\libc_nano.a
END GROUP
START GROUP
LOAD c:/st/stm32cubeide_1.8.0/stm32cubeide/plugins/com.st.stm32cube.ide.mcu.externaltools.gnu-tools-for-stm32.9-2020-q2-update.win32_2.0.0.202105311346/tools/bin/../lib/gcc/arm-none-eabi/9.3.1/thumb/v7e-m+fp/hard\libgcc.a
LOAD c:/st/stm32cubeide_1.8.0/stm32cubeide/plugins/com.st.stm32cube.ide.mcu.externaltools.gnu-tools-for-stm32.9-2020-q2-update.win32_2.0.0.202105311346/tools/bin/../lib/gcc/arm-none-eabi/9.3.1/../../../../arm-none-eabi/lib/thumb/v7e-m+fp/hard\libc_nano.a
LOAD c:/st/stm32cubeide_1.8.0/stm32cubeide/plugins/com.st.stm32cube.ide.mcu.externaltools.gnu-tools-for-stm32.9-2020-q2-update.win32_2.0.0.202105311346/tools/bin/../lib/gcc/arm-none-eabi/9.3.1/../../../../arm-none-eabi/lib/thumb/v7e-m+fp/hard\libnosys.a
END GROUP
START GROUP
LOAD c:/st/stm32cubeide_1.8.0/stm32cubeide/plugins/com.st.stm32cube.ide.mcu.externaltools.gnu-tools-for-stm32.9-2020-q2-update.win32_2.0.0.202105311346/tools/bin/../lib/gcc/arm-none-eabi/9.3.1/thumb/v7e-m+fp/hard\libgcc.a
LOAD c:/st/stm32cubeide_1.8.0/stm32cubeide/plugins/com.st.stm32cube.ide.mcu.externaltools.gnu-tools-for-stm32.9-2020-q2-update.win32_2.0.0.202105311346/tools/bin/../lib/gcc/arm-none-eabi/9.3.1/../../../../arm-none-eabi/lib/thumb/v7e-m+fp/hard\libc_nano.a
LOAD c:/st/stm32cubeide_1.8.0/stm32cubeide/plugins/com.st.stm32cube.ide.mcu.externaltools.gnu-tools-for-stm32.9-2020-q2-update.win32_2.0.0.202105311346/tools/bin/../lib/gcc/arm-none-eabi/9.3.1/../../../../arm-none-eabi/lib/thumb/v7e-m+fp/hard\libnosys.a
END GROUP
LOAD c:/st/stm32cubeide_1.8.0/stm32cubeide/plugins/com.st.stm32cube.ide.mcu.externaltools.gnu-tools-for-stm32.9-2020-q2-update.win32_2.0.0.202105311346/tools/bin/../lib/gcc/arm-none-eabi/9.3.1/thumb/v7e-m+fp/hard/crtend.o
LOAD c:/st/stm32cubeide_1.8.0/stm32cubeide/plugins/com.st.stm32cube.ide.mcu.externaltools.gnu-tools-for-stm32.9-2020-q2-update.win32_2.0.0.202105311346/tools/bin/../lib/gcc/arm-none-eabi/9.3.1/thumb/v7e-m+fp/hard/crtn.o
                0x0000000020018000                _estack = (ORIGIN (RAM) + LENGTH (RAM))
                0x0000000000000200                _Min_Heap_Size = 0x200
                0x0000000000000400                _Min_Stack_Size = 0x400

.isr_vector     0x0000000008000000      0x194
                0x0000000008000000                . = ALIGN (0x4)
 *(.isr_vector)
 .isr_vector    0x0000000008000000      0x194 ./Startup/startup_stm32f401retx.o
                0x0000000008000000                g_pfnVectors
                0x0000000008000194                . = ALIGN (0x4)

.text           0x0000000008000194     0x1b74
                0x0000000008000194                . = ALIGN (0x4)
 *(.text)
 .text          0x0000000008000194       0x40 c:/st/stm32cubeide_1.8.0/stm32cubeide/plugins/com.st.stm32cube.ide.mcu.externaltools.gnu-tools-for-stm32.9-2020-q2-update.win32_2.0.0.202105311346/tools/bin/../lib/gcc/arm-none-eabi/9.3.1/thumb/v7e-m+fp/hard/crtbegin.o
 .text          0x00000000080001d4      0x254 c:/st/stm32cubeide_1.8.0/stm32cubeide/plugins/com.st.stm32cube.ide.mcu.externaltools.gnu-tools-for-stm32.9-2020-q2-update.win32_2.0.0.202105311346/tools/bin/../lib/gcc/arm-none-eabi/9.3.1/thumb/v7e-m+fp/hard\libgcc.a(_arm_muldf3.o)
                0x00000000080001d4                __muldf3
                0x00000000080001d4                __aeabi_dmul
 .text          0x0000000008000428      0x378 c:/st/stm32cubeide_1.8.0/stm32cubeide/plugins/com.st.stm32cube.ide.mcu.externaltools.gnu-tools-for-stm32.9-2020-q2-update.win32_2.0.0.202105311346/tools/bin/../lib/gcc/arm-none-eabi/9.3.1/thumb/v7e-m+fp/hard\libgcc.a(_arm_addsubdf3.o)
                0x0000000008000428                __aeabi_drsub
                0x0000000008000430                __aeabi_dsub
                0x0000000008000430                __subdf3
                0x0000000008000434                __aeabi_dadd
                0x0000000008000434                __adddf3
                0x00000000080006ac                __floatunsidf
                0x00000000080006ac                __aeabi_ui2d
                0x00000000080006cc                __floatsidf
                0x00000000080006cc                __aeabi_i2d
                0x00000000080006f0                __aeabi_f2d
                0x00000000080006f0                __extendsfdf2
                0x0000000008000734                __floatundidf
                0x0000000008000734                __aeabi_ul2d
                0x0000000008000744                __floatdidf
                0x0000000008000744                __aeabi_l2d
 .text          0x00000000080007a0       0xa0 c:/st/stm32cubeide_1.8.0/stm32cubeide/plugins/com.st.stm32cube.ide.mcu.externaltools.gnu-tools-for-stm32.9-2020-q2-update.win32_2.0.0.202105311346/tools/bin/../lib/gcc/arm-none-eabi/9.3.1/thumb/v7e-m+fp/hard\libgcc.a(_arm_truncdfsf2.o)
                0x00000000080007a0                __truncdfsf2
                0x00000000080007a0                __aeabi_d2f
 *(.text*)
 .text.KalmanFilterInit
                0x0000000008000840       0x3c ./Kalman_filter/kalman_filter.o
                0x0000000008000840                KalmanFilterInit
 .text.KalmanFilter_updateEstimate
                0x000000000800087c      0x120 ./Kalman_filter/kalman_filter.o
                0x000000000800087c                KalmanFilter_updateEstimate
 .text.main     0x000000000800099c       0x34 ./Src/main.o
                0x000000000800099c                main
 .text.LightSensor_AdcInit
                0x00000000080009d0       0xa4 ./Src/main.o
                0x00000000080009d0                LightSensor_AdcInit
 .text.LedControl_TimerOCInit
                0x0000000008000a74       0xa8 ./Src/main.o
                0x0000000008000a74                LedControl_TimerOCInit
 .text.USART2_Init
                0x0000000008000b1c       0x80 ./Src/main.o
                0x0000000008000b1c                USART2_Init
 .text.MultiSensorScan
                0x0000000008000b9c       0x70 ./Src/main.o
 .text.LightSensor_AdcPollingRead
                0x0000000008000c0c       0x38 ./Src/main.o
                0x0000000008000c0c                LightSensor_AdcPollingRead
 .text.LedControl_TimerOCSetPwm
                0x0000000008000c44       0x48 ./Src/main.o
 .text.Light_filter
                0x0000000008000c8c       0x5c ./Src/main.o
                0x0000000008000c8c                Light_filter
 .text.ABL_StepBrightness
                0x0000000008000ce8       0x4c ./Src/main.o
                0x0000000008000ce8                ABL_StepBrightness
 .text.ABL_Process
                0x0000000008000d34       0x48 ./Src/main.o
                0x0000000008000d34                ABL_Process
 .text.Reset_Handler
                0x0000000008000d7c       0x50 ./Startup/startup_stm32f401retx.o
                0x0000000008000d7c                Reset_Handler
 .text.Default_Handler
                0x0000000008000dcc        0x2 ./Startup/startup_stm32f401retx.o
                0x0000000008000dcc                EXTI2_IRQHandler
                0x0000000008000dcc                DebugMon_Handler
                0x0000000008000dcc                SPI4_IRQHandler
                0x0000000008000dcc                TIM1_CC_IRQHandler
                0x0000000008000dcc                HardFault_Handler
                0x0000000008000dcc                SDIO_IRQHandler
                0x0000000008000dcc                TAMP_STAMP_IRQHandler
                0x0000000008000dcc                PendSV_Handler
                0x0000000008000dcc                NMI_Handler
                0x0000000008000dcc                EXTI3_IRQHandler
                0x0000000008000dcc                TIM1_UP_TIM10_IRQHandler
                0x0000000008000dcc                I2C3_ER_IRQHandler
                0x0000000008000dcc                EXTI18_OTG_FS_WKUP_IRQHandler
                0x0000000008000dcc                EXTI0_IRQHandler
                0x0000000008000dcc                I2C2_EV_IRQHandler
                0x0000000008000dcc                FPU_IRQHandler
                0x0000000008000dcc                UsageFault_Handler
                0x0000000008000dcc                SPI1_IRQHandler
                0x0000000008000dcc                TIM1_BRK_TIM9_IRQHandler
                0x0000000008000dcc                USART6_IRQHandler
                0x0000000008000dcc                TIM4_IRQHandler
                0x0000000008000dcc                I2C1_EV_IRQHandler
                0x0000000008000dcc                TIM3_IRQHandler
                0x0000000008000dcc                RCC_IRQHandler
                0x0000000008000dcc                Default_Handler
                0x0000000008000dcc                EXTI15_10_IRQHandler
                0x0000000008000dcc                ADC_IRQHandler
                0x0000000008000dcc                TIM5_IRQHandler
                0x0000000008000dcc                I2C3_EV_IRQHandler
                0x0000000008000dcc                EXTI9_5_IRQHandler
                0x0000000008000dcc                SPI2_IRQHandler
                0x0000000008000dcc                MemManage_Handler
                0x0000000008000dcc                SVC_Handler
                0x0000000008000dcc                EXTI4_IRQHandler
                0x0000000008000dcc                EXTI22_RTC_WKUP_IRQHandler
                0x0000000008000dcc                TIM2_IRQHandler
                0x0000000008000dcc                EXTI16_PVD_IRQHandler
                0x0000000008000dcc                TIM1_TRG_COM_TIM11_IRQHandler
                0x0000000008000dcc                EXTI1_IRQHandler
                0x0000000008000dcc                EXTI17_RTC_Alarm_IRQHandler
                0x0000000008000dcc                USART2_IRQHandler
                0x0000000008000dcc                I2C2_ER_IRQHandler
                0x0000000008000dcc                FLASH_IRQHandler
                0x0000000008000dcc                BusFault_Handler
                0x0000000008000dcc                USART1_IRQHandler
                0x0000000008000dcc                OTG_FS_IRQHandler
                0x0000000008000dcc                SPI3_IRQHandler
                0x0000000008000dcc                I2C1_ER_IRQHandler
 *fill*         0x0000000008000dce        0x2 
 .text.SystemInit
                0x0000000008000dd0       0x6c C:\Users\Dung\Desktop\SDK_1.0.3_NUCLEO-F401RE\lib_stm\libLibraries.a(system_stm32f4xx.o)
                0x0000000008000dd0                SystemInit
 .text.SystemCoreClockUpdate
                0x0000000008000e3c       0xf8 C:\Users\Dung\Desktop\SDK_1.0.3_NUCLEO-F401RE\lib_stm\libLibraries.a(system_stm32f4xx.o)
                0x0000000008000e3c                SystemCoreClockUpdate
 .text.SetSysClock
                0x0000000008000f34       0xa0 C:\Users\Dung\Desktop\SDK_1.0.3_NUCLEO-F401RE\lib_stm\libLibraries.a(system_stm32f4xx.o)
 .text.ADC_DeInit
                0x0000000008000fd4       0x1c C:\Users\Dung\Desktop\SDK_1.0.3_NUCLEO-F401RE\lib_stm\libLibraries.a(stm32f401re_adc.o)
                0x0000000008000fd4                ADC_DeInit
 .text.ADC_Init
                0x0000000008000ff0       0xac C:\Users\Dung\Desktop\SDK_1.0.3_NUCLEO-F401RE\lib_stm\libLibraries.a(stm32f401re_adc.o)
                0x0000000008000ff0                ADC_Init
 .text.ADC_CommonInit
                0x000000000800109c       0x50 C:\Users\Dung\Desktop\SDK_1.0.3_NUCLEO-F401RE\lib_stm\libLibraries.a(stm32f401re_adc.o)
                0x000000000800109c                ADC_CommonInit
 .text.ADC_Cmd  0x00000000080010ec       0x38 C:\Users\Dung\Desktop\SDK_1.0.3_NUCLEO-F401RE\lib_stm\libLibraries.a(stm32f401re_adc.o)
                0x00000000080010ec                ADC_Cmd
 .text.ADC_TempSensorVrefintCmd
                0x0000000008001124       0x3c C:\Users\Dung\Desktop\SDK_1.0.3_NUCLEO-F401RE\lib_stm\libLibraries.a(stm32f401re_adc.o)
                0x0000000008001124                ADC_TempSensorVrefintCmd
 .text.ADC_RegularChannelConfig
                0x0000000008001160      0x194 C:\Users\Dung\Desktop\SDK_1.0.3_NUCLEO-F401RE\lib_stm\libLibraries.a(stm32f401re_adc.o)
                0x0000000008001160                ADC_RegularChannelConfig
 .text.ADC_SoftwareStartConv
                0x00000000080012f4       0x20 C:\Users\Dung\Desktop\SDK_1.0.3_NUCLEO-F401RE\lib_stm\libLibraries.a(stm32f401re_adc.o)
                0x00000000080012f4                ADC_SoftwareStartConv
 .text.ADC_GetConversionValue
                0x0000000008001314       0x1a C:\Users\Dung\Desktop\SDK_1.0.3_NUCLEO-F401RE\lib_stm\libLibraries.a(stm32f401re_adc.o)
                0x0000000008001314                ADC_GetConversionValue
 .text.ADC_GetFlagStatus
                0x000000000800132e       0x34 C:\Users\Dung\Desktop\SDK_1.0.3_NUCLEO-F401RE\lib_stm\libLibraries.a(stm32f401re_adc.o)
                0x000000000800132e                ADC_GetFlagStatus
 .text.GPIO_Init
                0x0000000008001362      0x11c C:\Users\Dung\Desktop\SDK_1.0.3_NUCLEO-F401RE\lib_stm\libLibraries.a(stm32f401re_gpio.o)
                0x0000000008001362                GPIO_Init
 .text.GPIO_PinAFConfig
                0x000000000800147e       0x92 C:\Users\Dung\Desktop\SDK_1.0.3_NUCLEO-F401RE\lib_stm\libLibraries.a(stm32f401re_gpio.o)
                0x000000000800147e                GPIO_PinAFConfig
 .text.RCC_GetClocksFreq
                0x0000000008001510      0x150 C:\Users\Dung\Desktop\SDK_1.0.3_NUCLEO-F401RE\lib_stm\libLibraries.a(stm32f401re_rcc.o)
                0x0000000008001510                RCC_GetClocksFreq
 .text.RCC_AHB1PeriphClockCmd
                0x0000000008001660       0x40 C:\Users\Dung\Desktop\SDK_1.0.3_NUCLEO-F401RE\lib_stm\libLibraries.a(stm32f401re_rcc.o)
                0x0000000008001660                RCC_AHB1PeriphClockCmd
 .text.RCC_APB1PeriphClockCmd
                0x00000000080016a0       0x40 C:\Users\Dung\Desktop\SDK_1.0.3_NUCLEO-F401RE\lib_stm\libLibraries.a(stm32f401re_rcc.o)
                0x00000000080016a0                RCC_APB1PeriphClockCmd
 .text.RCC_APB2PeriphClockCmd
                0x00000000080016e0       0x40 C:\Users\Dung\Desktop\SDK_1.0.3_NUCLEO-F401RE\lib_stm\libLibraries.a(stm32f401re_rcc.o)
                0x00000000080016e0                RCC_APB2PeriphClockCmd
 .text.RCC_APB2PeriphResetCmd
                0x0000000008001720       0x40 C:\Users\Dung\Desktop\SDK_1.0.3_NUCLEO-F401RE\lib_stm\libLibraries.a(stm32f401re_rcc.o)
                0x0000000008001720                RCC_APB2PeriphResetCmd
 .text.TIM_TimeBaseInit
                0x0000000008001760       0xd8 C:\Users\Dung\Desktop\SDK_1.0.3_NUCLEO-F401RE\lib_stm\libLibraries.a(stm32f401re_tim.o)
                0x0000000008001760                TIM_TimeBaseInit
 .text.TIM_Cmd  0x0000000008001838       0x40 C:\Users\Dung\Desktop\SDK_1.0.3_NUCLEO-F401RE\lib_stm\libLibraries.a(stm32f401re_tim.o)
                0x0000000008001838                TIM_Cmd
 .text.TIM_OC4Init
                0x0000000008001878       0xd0 C:\Users\Dung\Desktop\SDK_1.0.3_NUCLEO-F401RE\lib_stm\libLibraries.a(stm32f401re_tim.o)
                0x0000000008001878                TIM_OC4Init
 .text.TIM_SetCompare4
                0x0000000008001948       0x1c C:\Users\Dung\Desktop\SDK_1.0.3_NUCLEO-F401RE\lib_stm\libLibraries.a(stm32f401re_tim.o)
                0x0000000008001948                TIM_SetCompare4
 .text.TIM_CtrlPWMOutputs
                0x0000000008001964       0x4c C:\Users\Dung\Desktop\SDK_1.0.3_NUCLEO-F401RE\lib_stm\libLibraries.a(stm32f401re_tim.o)
                0x0000000008001964                TIM_CtrlPWMOutputs
 .text.USART_Init
                0x00000000080019b0      0x174 C:\Users\Dung\Desktop\SDK_1.0.3_NUCLEO-F401RE\lib_stm\libLibraries.a(stm32f401re_usart.o)
                0x00000000080019b0                USART_Init
 .text.USART_Cmd
                0x0000000008001b24       0x40 C:\Users\Dung\Desktop\SDK_1.0.3_NUCLEO-F401RE\lib_stm\libLibraries.a(stm32f401re_usart.o)
                0x0000000008001b24                USART_Cmd
 .text.NVIC_SetPriority
                0x0000000008001b64       0x54 C:\Users\Dung\Desktop\SDK_1.0.3_NUCLEO-F401RE\lib_stm\libLibraries.a(timer.o)
 .text.SysTick_Config
                0x0000000008001bb8       0x44 C:\Users\Dung\Desktop\SDK_1.0.3_NUCLEO-F401RE\lib_stm\libLibraries.a(timer.o)
 .text.TimerInit
                0x0000000008001bfc       0x44 C:\Users\Dung\Desktop\SDK_1.0.3_NUCLEO-F401RE\lib_stm\libLibraries.a(timer.o)
                0x0000000008001bfc                TimerInit
 .text.GetMilSecTick
                0x0000000008001c40       0x18 C:\Users\Dung\Desktop\SDK_1.0.3_NUCLEO-F401RE\lib_stm\libLibraries.a(timer.o)
                0x0000000008001c40                GetMilSecTick
 .text.SysTick_Handler
                0x0000000008001c58       0x1c C:\Users\Dung\Desktop\SDK_1.0.3_NUCLEO-F401RE\lib_stm\libLibraries.a(timer.o)
                0x0000000008001c58                SysTick_Handler
 .text.memsetl  0x0000000008001c74       0x32 C:\Users\Dung\Desktop\SDK_1.0.3_NUCLEO-F401RE\lib_stm\libLibraries.a(utilities.o)
                0x0000000008001c74                memsetl
 *fill*         0x0000000008001ca6        0x2 
 .text.__libc_init_array
                0x0000000008001ca8       0x48 c:/st/stm32cubeide_1.8.0/stm32cubeide/plugins/com.st.stm32cube.ide.mcu.externaltools.gnu-tools-for-stm32.9-2020-q2-update.win32_2.0.0.202105311346/tools/bin/../lib/gcc/arm-none-eabi/9.3.1/../../../../arm-none-eabi/lib/thumb/v7e-m+fp/hard\libc_nano.a(lib_a-init.o)
                0x0000000008001ca8                __libc_init_array
 *(.glue_7)
 .glue_7        0x0000000008001cf0        0x0 linker stubs
 *(.glue_7t)
 .glue_7t       0x0000000008001cf0        0x0 linker stubs
 *(.eh_frame)
 .eh_frame      0x0000000008001cf0        0x0 c:/st/stm32cubeide_1.8.0/stm32cubeide/plugins/com.st.stm32cube.ide.mcu.externaltools.gnu-tools-for-stm32.9-2020-q2-update.win32_2.0.0.202105311346/tools/bin/../lib/gcc/arm-none-eabi/9.3.1/thumb/v7e-m+fp/hard/crtbegin.o
 *(.init)
 .init          0x0000000008001cf0        0x4 c:/st/stm32cubeide_1.8.0/stm32cubeide/plugins/com.st.stm32cube.ide.mcu.externaltools.gnu-tools-for-stm32.9-2020-q2-update.win32_2.0.0.202105311346/tools/bin/../lib/gcc/arm-none-eabi/9.3.1/thumb/v7e-m+fp/hard/crti.o
                0x0000000008001cf0                _init
 .init          0x0000000008001cf4        0x8 c:/st/stm32cubeide_1.8.0/stm32cubeide/plugins/com.st.stm32cube.ide.mcu.externaltools.gnu-tools-for-stm32.9-2020-q2-update.win32_2.0.0.202105311346/tools/bin/../lib/gcc/arm-none-eabi/9.3.1/thumb/v7e-m+fp/hard/crtn.o
 *(.fini)
 .fini          0x0000000008001cfc        0x4 c:/st/stm32cubeide_1.8.0/stm32cubeide/plugins/com.st.stm32cube.ide.mcu.externaltools.gnu-tools-for-stm32.9-2020-q2-update.win32_2.0.0.202105311346/tools/bin/../lib/gcc/arm-none-eabi/9.3.1/thumb/v7e-m+fp/hard/crti.o
                0x0000000008001cfc                _fini
 .fini          0x0000000008001d00        0x8 c:/st/stm32cubeide_1.8.0/stm32cubeide/plugins/com.st.stm32cube.ide.mcu.externaltools.gnu-tools-for-stm32.9-2020-q2-update.win32_2.0.0.202105311346/tools/bin/../lib/gcc/arm-none-eabi/9.3.1/thumb/v7e-m+fp/hard/crtn.o
                0x0000000008001d08                . = ALIGN (0x4)
                0x0000000008001d08                _etext = .

.vfp11_veneer   0x0000000008001d08        0x0
 .vfp11_veneer  0x0000000008001d08        0x0 linker stubs

.v4_bx          0x0000000008001d08        0x0
 .v4_bx         0x0000000008001d08        0x0 linker stubs

.iplt           0x0000000008001d08        0x0
 .iplt          0x0000000008001d08        0x0 c:/st/stm32cubeide_1.8.0/stm32cubeide/plugins/com.st.stm32cube.ide.mcu.externaltools.gnu-tools-for-stm32.9-2020-q2-update.win32_2.0.0.202105311346/tools/bin/../lib/gcc/arm-none-eabi/9.3.1/thumb/v7e-m+fp/hard/crtbegin.o

.rel.dyn        0x0000000008001d08        0x0
 .rel.iplt      0x0000000008001d08        0x0 c:/st/stm32cubeide_1.8.0/stm32cubeide/plugins/com.st.stm32cube.ide.mcu.externaltools.gnu-tools-for-stm32.9-2020-q2-update.win32_2.0.0.202105311346/tools/bin/../lib/gcc/arm-none-eabi/9.3.1/thumb/v7e-m+fp/hard/crtbegin.o

.rodata         0x0000000008001d08        0x0
                0x0000000008001d08                . = ALIGN (0x4)
 *(.rodata)
 *(.rodata*)
                0x0000000008001d08                . = ALIGN (0x4)

.ARM.extab      0x0000000008001d08        0x0
                0x0000000008001d08                . = ALIGN (0x4)
 *(.ARM.extab* .gnu.linkonce.armextab.*)
                0x0000000008001d08                . = ALIGN (0x4)

.ARM            0x0000000008001d08        0x0
                0x0000000008001d08                . = ALIGN (0x4)
                0x0000000008001d08                __exidx_start = .
 *(.ARM.exidx*)
                0x0000000008001d08                __exidx_end = .
                0x0000000008001d08                . = ALIGN (0x4)

.preinit_array  0x0000000008001d08        0x0
                0x0000000008001d08                . = ALIGN (0x4)
                0x0000000008001d08                PROVIDE (__preinit_array_start = .)
 *(.preinit_array*)
                0x0000000008001d08                PROVIDE (__preinit_array_end = .)
                0x0000000008001d08                . = ALIGN (0x4)

.init_array     0x0000000008001d08        0x4
                0x0000000008001d08                . = ALIGN (0x4)
                0x0000000008001d08                PROVIDE (__init_array_start = .)
 *(SORT_BY_NAME(.init_array.*))
 *(.init_array*)
 .init_array    0x0000000008001d08        0x4 c:/st/stm32cubeide_1.8.0/stm32cubeide/plugins/com.st.stm32cube.ide.mcu.externaltools.gnu-tools-for-stm32.9-2020-q2-update.win32_2.0.0.202105311346/tools/bin/../lib/gcc/arm-none-eabi/9.3.1/thumb/v7e-m+fp/hard/crtbegin.o
                0x0000000008001d0c                PROVIDE (__init_array_end = .)
                0x0000000008001d0c                . = ALIGN (0x4)

.fini_array     0x0000000008001d0c        0x4
                0x0000000008001d0c                . = ALIGN (0x4)
                [!provide]                        PROVIDE (__fini_array_start = .)
 *(SORT_BY_NAME(.fini_array.*))
 *(.fini_array*)
 .fini_array    0x0000000008001d0c        0x4 c:/st/stm32cubeide_1.8.0/stm32cubeide/plugins/com.st.stm32cube.ide.mcu.externaltools.gnu-tools-for-stm32.9-2020-q2-update.win32_2.0.0.202105311346/tools/bin/../lib/gcc/arm-none-eabi/9.3.1/thumb/v7e-m+fp/hard/crtbegin.o
                [!provide]                        PROVIDE (__fini_array_end = .)
                0x0000000008001d10                . = ALIGN (0x4)
                0x0000000008001d10                _sidata = LOADADDR (.data)

.data           0x0000000020000000       0x24 load address 0x0000000008001d10
                0x0000000020000000                . = ALIGN (0x4)
                0x0000000020000000                _sdata = .
 *(.data)
 *(.data*)
 .data.SystemCoreClock
                0x0000000020000000        0x4 C:\Users\Dung\Desktop\SDK_1.0.3_NUCLEO-F401RE\lib_stm\libLibraries.a(system_stm32f4xx.o)
                0x0000000020000000                SystemCoreClock
 .data.AHBPrescTable
                0x0000000020000004       0x10 C:\Users\Dung\Desktop\SDK_1.0.3_NUCLEO-F401RE\lib_stm\libLibraries.a(system_stm32f4xx.o)
                0x0000000020000004                AHBPrescTable
 .data.APBAHBPrescTable
                0x0000000020000014       0x10 C:\Users\Dung\Desktop\SDK_1.0.3_NUCLEO-F401RE\lib_stm\libLibraries.a(stm32f401re_rcc.o)
 *(.RamFunc)
 *(.RamFunc*)
                0x0000000020000024                . = ALIGN (0x4)
                0x0000000020000024                _edata = .

.igot.plt       0x0000000020000024        0x0 load address 0x0000000008001d34
 .igot.plt      0x0000000020000024        0x0 c:/st/stm32cubeide_1.8.0/stm32cubeide/plugins/com.st.stm32cube.ide.mcu.externaltools.gnu-tools-for-stm32.9-2020-q2-update.win32_2.0.0.202105311346/tools/bin/../lib/gcc/arm-none-eabi/9.3.1/thumb/v7e-m+fp/hard/crtbegin.o
                0x0000000020000024                . = ALIGN (0x4)

.bss            0x0000000020000024      0x1cc load address 0x0000000008001d34
                0x0000000020000024                _sbss = .
                0x0000000020000024                __bss_start__ = _sbss
 *(.bss)
 .bss           0x0000000020000024       0x1c c:/st/stm32cubeide_1.8.0/stm32cubeide/plugins/com.st.stm32cube.ide.mcu.externaltools.gnu-tools-for-stm32.9-2020-q2-update.win32_2.0.0.202105311346/tools/bin/../lib/gcc/arm-none-eabi/9.3.1/thumb/v7e-m+fp/hard/crtbegin.o
 *(.bss*)
 .bss._err_measure
                0x0000000020000040        0x4 ./Kalman_filter/kalman_filter.o
 .bss._err_estimate
                0x0000000020000044        0x4 ./Kalman_filter/kalman_filter.o
 .bss._q        0x0000000020000048        0x4 ./Kalman_filter/kalman_filter.o
 .bss._current_estimate
                0x000000002000004c        0x4 ./Kalman_filter/kalman_filter.o
 .bss._last_estimate
                0x0000000020000050        0x4 ./Kalman_filter/kalman_filter.o
 .bss._kalman_gain
                0x0000000020000054        0x4 ./Kalman_filter/kalman_filter.o
 .bss.Light     0x0000000020000058        0x2 ./Src/main.o
                0x0000000020000058                Light
 *fill*         0x000000002000005a        0x2 
 .bss.time_current
                0x000000002000005c        0x4 ./Src/main.o
 .bss.time_initial
                0x0000000020000060        0x4 ./Src/main.o
 .bss.time_total
                0x0000000020000064        0x4 ./Src/main.o
 .bss.pulse_length.7840
                0x0000000020000068        0x2 ./Src/main.o
 *fill*         0x000000002000006a        0x2 
 .bss.g_pTimerHandle
                0x000000002000006c      0x180 C:\Users\Dung\Desktop\SDK_1.0.3_NUCLEO-F401RE\lib_stm\libLibraries.a(timer.o)
 .bss.g_wMilSecTickTimer
                0x00000000200001ec        0x4 C:\Users\Dung\Desktop\SDK_1.0.3_NUCLEO-F401RE\lib_stm\libLibraries.a(timer.o)
 *(COMMON)
                0x00000000200001f0                . = ALIGN (0x4)
                0x00000000200001f0                _ebss = .
                0x00000000200001f0                __bss_end__ = _ebss

._user_heap_stack
                0x00000000200001f0      0x600 load address 0x0000000008001d34
                0x00000000200001f0                . = ALIGN (0x8)
                [!provide]                        PROVIDE (end = .)
                0x00000000200001f0                PROVIDE (_end = .)
                0x00000000200003f0                . = (. + _Min_Heap_Size)
 *fill*         0x00000000200001f0      0x200 
                0x00000000200007f0                . = (. + _Min_Stack_Size)
 *fill*         0x00000000200003f0      0x400 
                0x00000000200007f0                . = ALIGN (0x8)

/DISCARD/
 libc.a(*)
 libm.a(*)
 libgcc.a(*)

.ARM.attributes
                0x0000000000000000       0x30
 *(.ARM.attributes)
 .ARM.attributes
                0x0000000000000000       0x1e c:/st/stm32cubeide_1.8.0/stm32cubeide/plugins/com.st.stm32cube.ide.mcu.externaltools.gnu-tools-for-stm32.9-2020-q2-update.win32_2.0.0.202105311346/tools/bin/../lib/gcc/arm-none-eabi/9.3.1/thumb/v7e-m+fp/hard/crti.o
 .ARM.attributes
                0x000000000000001e       0x34 c:/st/stm32cubeide_1.8.0/stm32cubeide/plugins/com.st.stm32cube.ide.mcu.externaltools.gnu-tools-for-stm32.9-2020-q2-update.win32_2.0.0.202105311346/tools/bin/../lib/gcc/arm-none-eabi/9.3.1/thumb/v7e-m+fp/hard/crtbegin.o
 .ARM.attributes
                0x0000000000000052       0x34 ./Kalman_filter/kalman_filter.o
 .ARM.attributes
                0x0000000000000086       0x34 ./Src/main.o
 .ARM.attributes
                0x00000000000000ba       0x21 ./Startup/startup_stm32f401retx.o
 .ARM.attributes
                0x00000000000000db       0x39 C:\Users\Dung\Desktop\SDK_1.0.3_NUCLEO-F401RE\lib_stm\libLibraries.a(system_stm32f4xx.o)
 .ARM.attributes
                0x0000000000000114       0x39 C:\Users\Dung\Desktop\SDK_1.0.3_NUCLEO-F401RE\lib_stm\libLibraries.a(stm32f401re_adc.o)
 .ARM.attributes
                0x000000000000014d       0x39 C:\Users\Dung\Desktop\SDK_1.0.3_NUCLEO-F401RE\lib_stm\libLibraries.a(stm32f401re_gpio.o)
 .ARM.attributes
                0x0000000000000186       0x39 C:\Users\Dung\Desktop\SDK_1.0.3_NUCLEO-F401RE\lib_stm\libLibraries.a(stm32f401re_rcc.o)
 .ARM.attributes
                0x00000000000001bf       0x39 C:\Users\Dung\Desktop\SDK_1.0.3_NUCLEO-F401RE\lib_stm\libLibraries.a(stm32f401re_tim.o)
 .ARM.attributes
                0x00000000000001f8       0x39 C:\Users\Dung\Desktop\SDK_1.0.3_NUCLEO-F401RE\lib_stm\libLibraries.a(stm32f401re_usart.o)
 .ARM.attributes
                0x0000000000000231       0x39 C:\Users\Dung\Desktop\SDK_1.0.3_NUCLEO-F401RE\lib_stm\libLibraries.a(timer.o)
 .ARM.attributes
                0x000000000000026a       0x39 C:\Users\Dung\Desktop\SDK_1.0.3_NUCLEO-F401RE\lib_stm\libLibraries.a(utilities.o)
 .ARM.attributes
                0x00000000000002a3       0x34 c:/st/stm32cubeide_1.8.0/stm32cubeide/plugins/com.st.stm32cube.ide.mcu.externaltools.gnu-tools-for-stm32.9-2020-q2-update.win32_2.0.0.202105311346/tools/bin/../lib/gcc/arm-none-eabi/9.3.1/../../../../arm-none-eabi/lib/thumb/v7e-m+fp/hard\libc_nano.a(lib_a-init.o)
 .ARM.attributes
                0x00000000000002d7       0x1e c:/st/stm32cubeide_1.8.0/stm32cubeide/plugins/com.st.stm32cube.ide.mcu.externaltools.gnu-tools-for-stm32.9-2020-q2-update.win32_2.0.0.202105311346/tools/bin/../lib/gcc/arm-none-eabi/9.3.1/thumb/v7e-m+fp/hard\libgcc.a(_arm_muldf3.o)
 .ARM.attributes
                0x00000000000002f5       0x1e c:/st/stm32cubeide_1.8.0/stm32cubeide/plugins/com.st.stm32cube.ide.mcu.externaltools.gnu-tools-for-stm32.9-2020-q2-update.win32_2.0.0.202105311346/tools/bin/../lib/gcc/arm-none-eabi/9.3.1/thumb/v7e-m+fp/hard\libgcc.a(_arm_addsubdf3.o)
 .ARM.attributes
                0x0000000000000313       0x1e c:/st/stm32cubeide_1.8.0/stm32cubeide/plugins/com.st.stm32cube.ide.mcu.externaltools.gnu-tools-for-stm32.9-2020-q2-update.win32_2.0.0.202105311346/tools/bin/../lib/gcc/arm-none-eabi/9.3.1/thumb/v7e-m+fp/hard\libgcc.a(_arm_truncdfsf2.o)
 .ARM.attributes
                0x0000000000000331       0x1e c:/st/stm32cubeide_1.8.0/stm32cubeide/plugins/com.st.stm32cube.ide.mcu.externaltools.gnu-tools-for-stm32.9-2020-q2-update.win32_2.0.0.202105311346/tools/bin/../lib/gcc/arm-none-eabi/9.3.1/thumb/v7e-m+fp/hard/crtn.o
OUTPUT(ABL_MCU_V1.0.0.elf elf32-littlearm)
LOAD linker stubs
LOAD c:/st/stm32cubeide_1.8.0/stm32cubeide/plugins/com.st.stm32cube.ide.mcu.externaltools.gnu-tools-for-stm32.9-2020-q2-update.win32_2.0.0.202105311346/tools/bin/../lib/gcc/arm-none-eabi/9.3.1/../../../../arm-none-eabi/lib/thumb/v7e-m+fp/hard\libc.a
LOAD c:/st/stm32cubeide_1.8.0/stm32cubeide/plugins/com.st.stm32cube.ide.mcu.externaltools.gnu-tools-for-stm32.9-2020-q2-update.win32_2.0.0.202105311346/tools/bin/../lib/gcc/arm-none-eabi/9.3.1/../../../../arm-none-eabi/lib/thumb/v7e-m+fp/hard\libm.a
LOAD c:/st/stm32cubeide_1.8.0/stm32cubeide/plugins/com.st.stm32cube.ide.mcu.externaltools.gnu-tools-for-stm32.9-2020-q2-update.win32_2.0.0.202105311346/tools/bin/../lib/gcc/arm-none-eabi/9.3.1/thumb/v7e-m+fp/hard\libgcc.a

.debug_info     0x0000000000000000     0x6f18
 .debug_info    0x0000000000000000      0xac3 ./Kalman_filter/kalman_filter.o
 .debug_info    0x0000000000000ac3      0xc6c ./Src/main.o
 .debug_info    0x000000000000172f       0x22 ./Startup/startup_stm32f401retx.o
 .debug_info    0x0000000000001751      0x5bb C:\Users\Dung\Desktop\SDK_1.0.3_NUCLEO-F401RE\lib_stm\libLibraries.a(system_stm32f4xx.o)
 .debug_info    0x0000000000001d0c      0xc5d C:\Users\Dung\Desktop\SDK_1.0.3_NUCLEO-F401RE\lib_stm\libLibraries.a(stm32f401re_adc.o)
 .debug_info    0x0000000000002969      0x62b C:\Users\Dung\Desktop\SDK_1.0.3_NUCLEO-F401RE\lib_stm\libLibraries.a(stm32f401re_gpio.o)
 .debug_info    0x0000000000002f94      0xd5e C:\Users\Dung\Desktop\SDK_1.0.3_NUCLEO-F401RE\lib_stm\libLibraries.a(stm32f401re_rcc.o)
 .debug_info    0x0000000000003cf2     0x1c73 C:\Users\Dung\Desktop\SDK_1.0.3_NUCLEO-F401RE\lib_stm\libLibraries.a(stm32f401re_tim.o)
 .debug_info    0x0000000000005965      0x9d4 C:\Users\Dung\Desktop\SDK_1.0.3_NUCLEO-F401RE\lib_stm\libLibraries.a(stm32f401re_usart.o)
 .debug_info    0x0000000000006339      0x922 C:\Users\Dung\Desktop\SDK_1.0.3_NUCLEO-F401RE\lib_stm\libLibraries.a(timer.o)
 .debug_info    0x0000000000006c5b      0x2bd C:\Users\Dung\Desktop\SDK_1.0.3_NUCLEO-F401RE\lib_stm\libLibraries.a(utilities.o)

.debug_abbrev   0x0000000000000000     0x11d0
 .debug_abbrev  0x0000000000000000      0x242 ./Kalman_filter/kalman_filter.o
 .debug_abbrev  0x0000000000000242      0x28f ./Src/main.o
 .debug_abbrev  0x00000000000004d1       0x12 ./Startup/startup_stm32f401retx.o
 .debug_abbrev  0x00000000000004e3      0x138 C:\Users\Dung\Desktop\SDK_1.0.3_NUCLEO-F401RE\lib_stm\libLibraries.a(system_stm32f4xx.o)
 .debug_abbrev  0x000000000000061b      0x194 C:\Users\Dung\Desktop\SDK_1.0.3_NUCLEO-F401RE\lib_stm\libLibraries.a(stm32f401re_adc.o)
 .debug_abbrev  0x00000000000007af      0x1bf C:\Users\Dung\Desktop\SDK_1.0.3_NUCLEO-F401RE\lib_stm\libLibraries.a(stm32f401re_gpio.o)
 .debug_abbrev  0x000000000000096e      0x1d4 C:\Users\Dung\Desktop\SDK_1.0.3_NUCLEO-F401RE\lib_stm\libLibraries.a(stm32f401re_rcc.o)
 .debug_abbrev  0x0000000000000b42      0x19f C:\Users\Dung\Desktop\SDK_1.0.3_NUCLEO-F401RE\lib_stm\libLibraries.a(stm32f401re_tim.o)
 .debug_abbrev  0x0000000000000ce1      0x187 C:\Users\Dung\Desktop\SDK_1.0.3_NUCLEO-F401RE\lib_stm\libLibraries.a(stm32f401re_usart.o)
 .debug_abbrev  0x0000000000000e68      0x29a C:\Users\Dung\Desktop\SDK_1.0.3_NUCLEO-F401RE\lib_stm\libLibraries.a(timer.o)
 .debug_abbrev  0x0000000000001102       0xce C:\Users\Dung\Desktop\SDK_1.0.3_NUCLEO-F401RE\lib_stm\libLibraries.a(utilities.o)

.debug_aranges  0x0000000000000000      0x938
 .debug_aranges
                0x0000000000000000       0x50 ./Kalman_filter/kalman_filter.o
 .debug_aranges
                0x0000000000000050       0x78 ./Src/main.o
 .debug_aranges
                0x00000000000000c8       0x28 ./Startup/startup_stm32f401retx.o
 .debug_aranges
                0x00000000000000f0       0x30 C:\Users\Dung\Desktop\SDK_1.0.3_NUCLEO-F401RE\lib_stm\libLibraries.a(system_stm32f4xx.o)
 .debug_aranges
                0x0000000000000120      0x148 C:\Users\Dung\Desktop\SDK_1.0.3_NUCLEO-F401RE\lib_stm\libLibraries.a(stm32f401re_adc.o)
 .debug_aranges
                0x0000000000000268       0x88 C:\Users\Dung\Desktop\SDK_1.0.3_NUCLEO-F401RE\lib_stm\libLibraries.a(stm32f401re_gpio.o)
 .debug_aranges
                0x00000000000002f0      0x198 C:\Users\Dung\Desktop\SDK_1.0.3_NUCLEO-F401RE\lib_stm\libLibraries.a(stm32f401re_rcc.o)
 .debug_aranges
                0x0000000000000488      0x2f8 C:\Users\Dung\Desktop\SDK_1.0.3_NUCLEO-F401RE\lib_stm\libLibraries.a(stm32f401re_tim.o)
 .debug_aranges
                0x0000000000000780      0x100 C:\Users\Dung\Desktop\SDK_1.0.3_NUCLEO-F401RE\lib_stm\libLibraries.a(stm32f401re_usart.o)
 .debug_aranges
                0x0000000000000880       0x70 C:\Users\Dung\Desktop\SDK_1.0.3_NUCLEO-F401RE\lib_stm\libLibraries.a(timer.o)
 .debug_aranges
                0x00000000000008f0       0x48 C:\Users\Dung\Desktop\SDK_1.0.3_NUCLEO-F401RE\lib_stm\libLibraries.a(utilities.o)

.debug_ranges   0x0000000000000000      0x890
 .debug_ranges  0x0000000000000000       0x40 ./Kalman_filter/kalman_filter.o
 .debug_ranges  0x0000000000000040       0x68 ./Src/main.o
 .debug_ranges  0x00000000000000a8       0x20 ./Startup/startup_stm32f401retx.o
 .debug_ranges  0x00000000000000c8       0x20 C:\Users\Dung\Desktop\SDK_1.0.3_NUCLEO-F401RE\lib_stm\libLibraries.a(system_stm32f4xx.o)
 .debug_ranges  0x00000000000000e8      0x138 C:\Users\Dung\Desktop\SDK_1.0.3_NUCLEO-F401RE\lib_stm\libLibraries.a(stm32f401re_adc.o)
 .debug_ranges  0x0000000000000220       0x78 C:\Users\Dung\Desktop\SDK_1.0.3_NUCLEO-F401RE\lib_stm\libLibraries.a(stm32f401re_gpio.o)
 .debug_ranges  0x0000000000000298      0x188 C:\Users\Dung\Desktop\SDK_1.0.3_NUCLEO-F401RE\lib_stm\libLibraries.a(stm32f401re_rcc.o)
 .debug_ranges  0x0000000000000420      0x2e8 C:\Users\Dung\Desktop\SDK_1.0.3_NUCLEO-F401RE\lib_stm\libLibraries.a(stm32f401re_tim.o)
 .debug_ranges  0x0000000000000708       0xf0 C:\Users\Dung\Desktop\SDK_1.0.3_NUCLEO-F401RE\lib_stm\libLibraries.a(stm32f401re_usart.o)
 .debug_ranges  0x00000000000007f8       0x60 C:\Users\Dung\Desktop\SDK_1.0.3_NUCLEO-F401RE\lib_stm\libLibraries.a(timer.o)
 .debug_ranges  0x0000000000000858       0x38 C:\Users\Dung\Desktop\SDK_1.0.3_NUCLEO-F401RE\lib_stm\libLibraries.a(utilities.o)

.debug_macro    0x0000000000000000     0xfcf1
 .debug_macro   0x0000000000000000       0xec ./Kalman_filter/kalman_filter.o
 .debug_macro   0x00000000000000ec      0xab4 ./Kalman_filter/kalman_filter.o
 .debug_macro   0x0000000000000ba0       0x22 ./Kalman_filter/kalman_filter.o
 .debug_macro   0x0000000000000bc2       0x4c ./Kalman_filter/kalman_filter.o
 .debug_macro   0x0000000000000c0e       0x18 ./Kalman_filter/kalman_filter.o
 .debug_macro   0x0000000000000c26       0x94 ./Kalman_filter/kalman_filter.o
 .debug_macro   0x0000000000000cba       0x3c ./Kalman_filter/kalman_filter.o
 .debug_macro   0x0000000000000cf6       0x34 ./Kalman_filter/kalman_filter.o
 .debug_macro   0x0000000000000d2a      0x174 ./Kalman_filter/kalman_filter.o
 .debug_macro   0x0000000000000e9e       0x16 ./Kalman_filter/kalman_filter.o
 .debug_macro   0x0000000000000eb4       0x43 ./Kalman_filter/kalman_filter.o
 .debug_macro   0x0000000000000ef7       0x57 ./Kalman_filter/kalman_filter.o
 .debug_macro   0x0000000000000f4e       0x34 ./Kalman_filter/kalman_filter.o
 .debug_macro   0x0000000000000f82       0x10 ./Kalman_filter/kalman_filter.o
 .debug_macro   0x0000000000000f92       0x58 ./Kalman_filter/kalman_filter.o
 .debug_macro   0x0000000000000fea       0x71 ./Kalman_filter/kalman_filter.o
 .debug_macro   0x000000000000105b       0x1c ./Kalman_filter/kalman_filter.o
 .debug_macro   0x0000000000001077      0x12a ./Kalman_filter/kalman_filter.o
 .debug_macro   0x00000000000011a1      0x339 ./Kalman_filter/kalman_filter.o
 .debug_macro   0x00000000000014da      0x1a9 ./Kalman_filter/kalman_filter.o
 .debug_macro   0x0000000000001683      0x10e ./Src/main.o
 .debug_macro   0x0000000000001791       0x8e ./Src/main.o
 .debug_macro   0x000000000000181f       0x51 ./Src/main.o
 .debug_macro   0x0000000000001870      0x103 ./Src/main.o
 .debug_macro   0x0000000000001973       0x6a ./Src/main.o
 .debug_macro   0x00000000000019dd      0x1df ./Src/main.o
 .debug_macro   0x0000000000001bbc       0x6b ./Src/main.o
 .debug_macro   0x0000000000001c27       0x3b ./Src/main.o
 .debug_macro   0x0000000000001c62       0x34 ./Src/main.o
 .debug_macro   0x0000000000001c96       0x26 ./Src/main.o
 .debug_macro   0x0000000000001cbc      0xe43 ./Src/main.o
 .debug_macro   0x0000000000002aff     0x8018 ./Src/main.o
 .debug_macro   0x000000000000ab17      0x644 ./Src/main.o
 .debug_macro   0x000000000000b15b      0x2f4 ./Src/main.o
 .debug_macro   0x000000000000b44f      0xcad ./Src/main.o
 .debug_macro   0x000000000000c0fc      0x223 ./Src/main.o
 .debug_macro   0x000000000000c31f       0x22 ./Src/main.o
 .debug_macro   0x000000000000c341      0x741 ./Src/main.o
 .debug_macro   0x000000000000ca82       0xce C:\Users\Dung\Desktop\SDK_1.0.3_NUCLEO-F401RE\lib_stm\libLibraries.a(system_stm32f4xx.o)
 .debug_macro   0x000000000000cb50      0xa66 C:\Users\Dung\Desktop\SDK_1.0.3_NUCLEO-F401RE\lib_stm\libLibraries.a(system_stm32f4xx.o)
 .debug_macro   0x000000000000d5b6       0x22 C:\Users\Dung\Desktop\SDK_1.0.3_NUCLEO-F401RE\lib_stm\libLibraries.a(system_stm32f4xx.o)
 .debug_macro   0x000000000000d5d8       0xef C:\Users\Dung\Desktop\SDK_1.0.3_NUCLEO-F401RE\lib_stm\libLibraries.a(system_stm32f4xx.o)
 .debug_macro   0x000000000000d6c7      0x14d C:\Users\Dung\Desktop\SDK_1.0.3_NUCLEO-F401RE\lib_stm\libLibraries.a(stm32f401re_adc.o)
 .debug_macro   0x000000000000d814      0xca7 C:\Users\Dung\Desktop\SDK_1.0.3_NUCLEO-F401RE\lib_stm\libLibraries.a(stm32f401re_adc.o)
 .debug_macro   0x000000000000e4bb      0x64a C:\Users\Dung\Desktop\SDK_1.0.3_NUCLEO-F401RE\lib_stm\libLibraries.a(stm32f401re_adc.o)
 .debug_macro   0x000000000000eb05       0xc3 C:\Users\Dung\Desktop\SDK_1.0.3_NUCLEO-F401RE\lib_stm\libLibraries.a(stm32f401re_gpio.o)
 .debug_macro   0x000000000000ebc8      0x2ee C:\Users\Dung\Desktop\SDK_1.0.3_NUCLEO-F401RE\lib_stm\libLibraries.a(stm32f401re_gpio.o)
 .debug_macro   0x000000000000eeb6      0x18d C:\Users\Dung\Desktop\SDK_1.0.3_NUCLEO-F401RE\lib_stm\libLibraries.a(stm32f401re_rcc.o)
 .debug_macro   0x000000000000f043       0xe4 C:\Users\Dung\Desktop\SDK_1.0.3_NUCLEO-F401RE\lib_stm\libLibraries.a(stm32f401re_tim.o)
 .debug_macro   0x000000000000f127      0x73b C:\Users\Dung\Desktop\SDK_1.0.3_NUCLEO-F401RE\lib_stm\libLibraries.a(stm32f401re_tim.o)
 .debug_macro   0x000000000000f862       0xdb C:\Users\Dung\Desktop\SDK_1.0.3_NUCLEO-F401RE\lib_stm\libLibraries.a(stm32f401re_usart.o)
 .debug_macro   0x000000000000f93d      0x21d C:\Users\Dung\Desktop\SDK_1.0.3_NUCLEO-F401RE\lib_stm\libLibraries.a(stm32f401re_usart.o)
 .debug_macro   0x000000000000fb5a       0xe3 C:\Users\Dung\Desktop\SDK_1.0.3_NUCLEO-F401RE\lib_stm\libLibraries.a(timer.o)
 .debug_macro   0x000000000000fc3d       0x1c C:\Users\Dung\Desktop\SDK_1.0.3_NUCLEO-F401RE\lib_stm\libLibraries.a(timer.o)
 .debug_macro   0x000000000000fc59       0x16 C:\Users\Dung\Desktop\SDK_1.0.3_NUCLEO-F401RE\lib_stm\libLibraries.a(timer.o)
 .debug_macro   0x000000000000fc6f       0x72 C:\Users\Dung\Desktop\SDK_1.0.3_NUCLEO-F401RE\lib_stm\libLibraries.a(utilities.o)
 .debug_macro   0x000000000000fce1       0x10 C:\Users\Dung\Desktop\SDK_1.0.3_NUCLEO-F401RE\lib_stm\libLibraries.a(utilities.o)

.debug_line     0x0000000000000000     0x49fb
 .debug_line    0x0000000000000000      0x57d ./Kalman_filter/kalman_filter.o
 .debug_line    0x000000000000057d      0x818 ./Src/main.o
 .debug_line    0x0000000000000d95       0x84 ./Startup/startup_stm32f401retx.o
 .debug_line    0x0000000000000e19      0x4a0 C:\Users\Dung\Desktop\SDK_1.0.3_NUCLEO-F401RE\lib_stm\libLibraries.a(system_stm32f4xx.o)
 .debug_line    0x00000000000012b9      0x84b C:\Users\Dung\Desktop\SDK_1.0.3_NUCLEO-F401RE\lib_stm\libLibraries.a(stm32f401re_adc.o)
 .debug_line    0x0000000000001b04      0x65e C:\Users\Dung\Desktop\SDK_1.0.3_NUCLEO-F401RE\lib_stm\libLibraries.a(stm32f401re_gpio.o)
 .debug_line    0x0000000000002162      0x8d2 C:\Users\Dung\Desktop\SDK_1.0.3_NUCLEO-F401RE\lib_stm\libLibraries.a(stm32f401re_rcc.o)
 .debug_line    0x0000000000002a34      0xd2f C:\Users\Dung\Desktop\SDK_1.0.3_NUCLEO-F401RE\lib_stm\libLibraries.a(stm32f401re_tim.o)
 .debug_line    0x0000000000003763      0x7a5 C:\Users\Dung\Desktop\SDK_1.0.3_NUCLEO-F401RE\lib_stm\libLibraries.a(stm32f401re_usart.o)
 .debug_line    0x0000000000003f08      0x684 C:\Users\Dung\Desktop\SDK_1.0.3_NUCLEO-F401RE\lib_stm\libLibraries.a(timer.o)
 .debug_line    0x000000000000458c      0x46f C:\Users\Dung\Desktop\SDK_1.0.3_NUCLEO-F401RE\lib_stm\libLibraries.a(utilities.o)

.debug_str      0x0000000000000000    0x4a2c3
 .debug_str     0x0000000000000000     0x6e61 ./Kalman_filter/kalman_filter.o
                                       0x7020 (size before relaxing)
 .debug_str     0x0000000000006e61    0x40530 ./Src/main.o
                                      0x43899 (size before relaxing)
 .debug_str     0x0000000000047391       0x31 ./Startup/startup_stm32f401retx.o
                                         0x84 (size before relaxing)
 .debug_str     0x00000000000473c2      0x39e C:\Users\Dung\Desktop\SDK_1.0.3_NUCLEO-F401RE\lib_stm\libLibraries.a(system_stm32f4xx.o)
                                      0x3583e (size before relaxing)
 .debug_str     0x0000000000047760      0x7f0 C:\Users\Dung\Desktop\SDK_1.0.3_NUCLEO-F401RE\lib_stm\libLibraries.a(stm32f401re_adc.o)
                                      0x3c852 (size before relaxing)
 .debug_str     0x0000000000047f50      0x198 C:\Users\Dung\Desktop\SDK_1.0.3_NUCLEO-F401RE\lib_stm\libLibraries.a(stm32f401re_gpio.o)
                                      0x3a690 (size before relaxing)
 .debug_str     0x00000000000480e8      0xbc0 C:\Users\Dung\Desktop\SDK_1.0.3_NUCLEO-F401RE\lib_stm\libLibraries.a(stm32f401re_rcc.o)
                                      0x39aa1 (size before relaxing)
 .debug_str     0x0000000000048ca8      0xaba C:\Users\Dung\Desktop\SDK_1.0.3_NUCLEO-F401RE\lib_stm\libLibraries.a(stm32f401re_tim.o)
                                      0x3a911 (size before relaxing)
 .debug_str     0x0000000000049762      0x4c3 C:\Users\Dung\Desktop\SDK_1.0.3_NUCLEO-F401RE\lib_stm\libLibraries.a(stm32f401re_usart.o)
                                      0x3a79e (size before relaxing)
 .debug_str     0x0000000000049c25      0x5f2 C:\Users\Dung\Desktop\SDK_1.0.3_NUCLEO-F401RE\lib_stm\libLibraries.a(timer.o)
                                      0x39451 (size before relaxing)
 .debug_str     0x000000000004a217       0xac C:\Users\Dung\Desktop\SDK_1.0.3_NUCLEO-F401RE\lib_stm\libLibraries.a(utilities.o)
                                       0x3d14 (size before relaxing)

.comment        0x0000000000000000       0xce
 .comment       0x0000000000000000       0x53 ./Kalman_filter/kalman_filter.o
                                         0x54 (size before relaxing)
 .comment       0x0000000000000053       0x54 ./Src/main.o
 .comment       0x0000000000000053       0x7b C:\Users\Dung\Desktop\SDK_1.0.3_NUCLEO-F401RE\lib_stm\libLibraries.a(system_stm32f4xx.o)
                                         0x7c (size before relaxing)
 .comment       0x00000000000000ce       0x7c C:\Users\Dung\Desktop\SDK_1.0.3_NUCLEO-F401RE\lib_stm\libLibraries.a(stm32f401re_adc.o)
 .comment       0x00000000000000ce       0x7c C:\Users\Dung\Desktop\SDK_1.0.3_NUCLEO-F401RE\lib_stm\libLibraries.a(stm32f401re_gpio.o)
 .comment       0x00000000000000ce       0x7c C:\Users\Dung\Desktop\SDK_1.0.3_NUCLEO-F401RE\lib_stm\libLibraries.a(stm32f401re_rcc.o)
 .comment       0x00000000000000ce       0x7c C:\Users\Dung\Desktop\SDK_1.0.3_NUCLEO-F401RE\lib_stm\libLibraries.a(stm32f401re_tim.o)
 .comment       0x00000000000000ce       0x7c C:\Users\Dung\Desktop\SDK_1.0.3_NUCLEO-F401RE\lib_stm\libLibraries.a(stm32f401re_usart.o)
 .comment       0x00000000000000ce       0x7c C:\Users\Dung\Desktop\SDK_1.0.3_NUCLEO-F401RE\lib_stm\libLibraries.a(timer.o)
 .comment       0x00000000000000ce       0x7c C:\Users\Dung\Desktop\SDK_1.0.3_NUCLEO-F401RE\lib_stm\libLibraries.a(utilities.o)

.debug_frame    0x0000000000000000     0x29a0
 .debug_frame   0x0000000000000000      0x11c ./Kalman_filter/kalman_filter.o
 .debug_frame   0x000000000000011c      0x1b8 ./Src/main.o
 .debug_frame   0x00000000000002d4       0x74 C:\Users\Dung\Desktop\SDK_1.0.3_NUCLEO-F401RE\lib_stm\libLibraries.a(system_stm32f4xx.o)
 .debug_frame   0x0000000000000348      0x5ec C:\Users\Dung\Desktop\SDK_1.0.3_NUCLEO-F401RE\lib_stm\libLibraries.a(stm32f401re_adc.o)
 .debug_frame   0x0000000000000934      0x23c C:\Users\Dung\Desktop\SDK_1.0.3_NUCLEO-F401RE\lib_stm\libLibraries.a(stm32f401re_gpio.o)
 .debug_frame   0x0000000000000b70      0x774 C:\Users\Dung\Desktop\SDK_1.0.3_NUCLEO-F401RE\lib_stm\libLibraries.a(stm32f401re_rcc.o)
 .debug_frame   0x00000000000012e4      0xe58 C:\Users\Dung\Desktop\SDK_1.0.3_NUCLEO-F401RE\lib_stm\libLibraries.a(stm32f401re_tim.o)
 .debug_frame   0x000000000000213c      0x490 C:\Users\Dung\Desktop\SDK_1.0.3_NUCLEO-F401RE\lib_stm\libLibraries.a(stm32f401re_usart.o)
 .debug_frame   0x00000000000025cc      0x1a8 C:\Users\Dung\Desktop\SDK_1.0.3_NUCLEO-F401RE\lib_stm\libLibraries.a(timer.o)
 .debug_frame   0x0000000000002774      0x100 C:\Users\Dung\Desktop\SDK_1.0.3_NUCLEO-F401RE\lib_stm\libLibraries.a(utilities.o)
 .debug_frame   0x0000000000002874       0x2c c:/st/stm32cubeide_1.8.0/stm32cubeide/plugins/com.st.stm32cube.ide.mcu.externaltools.gnu-tools-for-stm32.9-2020-q2-update.win32_2.0.0.202105311346/tools/bin/../lib/gcc/arm-none-eabi/9.3.1/../../../../arm-none-eabi/lib/thumb/v7e-m+fp/hard\libc_nano.a(lib_a-init.o)
 .debug_frame   0x00000000000028a0       0x30 c:/st/stm32cubeide_1.8.0/stm32cubeide/plugins/com.st.stm32cube.ide.mcu.externaltools.gnu-tools-for-stm32.9-2020-q2-update.win32_2.0.0.202105311346/tools/bin/../lib/gcc/arm-none-eabi/9.3.1/thumb/v7e-m+fp/hard\libgcc.a(_arm_muldf3.o)
 .debug_frame   0x00000000000028d0       0xac c:/st/stm32cubeide_1.8.0/stm32cubeide/plugins/com.st.stm32cube.ide.mcu.externaltools.gnu-tools-for-stm32.9-2020-q2-update.win32_2.0.0.202105311346/tools/bin/../lib/gcc/arm-none-eabi/9.3.1/thumb/v7e-m+fp/hard\libgcc.a(_arm_addsubdf3.o)
 .debug_frame   0x000000000000297c       0x24 c:/st/stm32cubeide_1.8.0/stm32cubeide/plugins/com.st.stm32cube.ide.mcu.externaltools.gnu-tools-for-stm32.9-2020-q2-update.win32_2.0.0.202105311346/tools/bin/../lib/gcc/arm-none-eabi/9.3.1/thumb/v7e-m+fp/hard\libgcc.a(_arm_truncdfsf2.o)
